Component: ARM Compiler 5.05 update 2 (build 169) Tool: armlink [4d0f33]

==============================================================================

Section Cross References

    main.o(i.advertising_init) refers to memseta.o(.text) for __aeabi_memclr4
    main.o(i.advertising_init) refers to memcpya.o(.text) for __aeabi_memcpy4
    main.o(i.advertising_init) refers to ble_advertising.o(i.ble_advertising_init) for ble_advertising_init
    main.o(i.advertising_init) refers to app_error.o(i.app_error_handler) for app_error_handler
    main.o(i.advertising_init) refers to main.o(.constdata) for .constdata
    main.o(i.advertising_init) refers to main.o(i.on_adv_evt) for on_adv_evt
    main.o(i.ble_stack_init) refers to softdevice_handler.o(i.softdevice_handler_init) for softdevice_handler_init
    main.o(i.ble_stack_init) refers to app_error.o(i.app_error_handler) for app_error_handler
    main.o(i.ble_stack_init) refers to softdevice_handler.o(i.softdevice_ble_evt_handler_set) for softdevice_ble_evt_handler_set
    main.o(i.ble_stack_init) refers to main.o(.bss) for BLE_EVT_BUFFER
    main.o(i.ble_stack_init) refers to main.o(i.ble_evt_handler) for ble_evt_handler
    main.o(i.conn_params_error_handler) refers to app_error.o(i.app_error_handler) for app_error_handler
    main.o(i.conn_params_init) refers to ble_conn_params.o(i.ble_conn_params_init) for ble_conn_params_init
    main.o(i.conn_params_init) refers to app_error.o(i.app_error_handler) for app_error_handler
    main.o(i.conn_params_init) refers to main.o(i.conn_params_error_handler) for conn_params_error_handler
    main.o(i.conn_params_init) refers to main.o(i.on_conn_params_evt) for on_conn_params_evt
    main.o(i.data_send) refers to strlen.o(.text) for strlen
    main.o(i.data_send) refers to ble_nus.o(i.ble_nus_string_send) for ble_nus_string_send
    main.o(i.data_send) refers to app_error.o(i.app_error_handler) for app_error_handler
    main.o(i.data_send) refers to main.o(.data) for data_array
    main.o(i.data_send) refers to main.o(.bss) for m_nus
    main.o(i.gap_params_init) refers to app_error.o(i.app_error_handler) for app_error_handler
    main.o(i.main) refers to timer_handler.o(i.timer_init) for timer_init
    main.o(i.main) refers to printfb.o(i.__0printf$bare) for __2printf
    main.o(i.main) refers to main.o(i.ble_stack_init) for ble_stack_init
    main.o(i.main) refers to main.o(i.gap_params_init) for gap_params_init
    main.o(i.main) refers to main.o(i.services_init) for services_init
    main.o(i.main) refers to main.o(i.advertising_init) for advertising_init
    main.o(i.main) refers to main.o(i.conn_params_init) for conn_params_init
    main.o(i.main) refers to ble_advertising.o(i.ble_advertising_start) for ble_advertising_start
    main.o(i.main) refers to app_error.o(i.app_error_handler) for app_error_handler
    main.o(i.main) refers to main.o(i.power_manage) for power_manage
    main.o(i.power_manage) refers to app_error.o(i.app_error_handler) for app_error_handler
    main.o(i.services_init) refers to ble_nus.o(i.ble_nus_init) for ble_nus_init
    main.o(i.services_init) refers to app_error.o(i.app_error_handler) for app_error_handler
    main.o(i.services_init) refers to main.o(i.nus_data_handler) for nus_data_handler
    main.o(i.services_init) refers to main.o(.bss) for m_nus
    timer_handler.o(i.timer_init) refers to app_timer.o(i.app_timer_init) for app_timer_init
    timer_handler.o(i.timer_init) refers to app_error.o(i.app_error_handler) for app_error_handler
    timer_handler.o(i.timer_init) refers to timer_handler.o(.bss) for APP_TIMER_BUF
    bsp.o(i.bsp_button_event_handler) refers to app_timer.o(i.app_timer_start) for app_timer_start
    bsp.o(i.bsp_button_event_handler) refers to app_timer.o(i.app_timer_stop) for app_timer_stop
    bsp.o(i.bsp_button_event_handler) refers to bsp.o(.constdata) for m_buttons_list
    bsp.o(i.bsp_button_event_handler) refers to bsp.o(.bss) for m_events_list
    bsp.o(i.bsp_button_event_handler) refers to bsp.o(.data) for m_app_ticks_per_100ms
    bsp.o(i.bsp_button_is_pressed) refers to bsp.o(.constdata) for m_buttons_list
    bsp.o(i.bsp_buttons_disable) refers to app_button.o(i.app_button_disable) for app_button_disable
    bsp.o(i.bsp_buttons_enable) refers to app_button.o(i.app_button_enable) for app_button_enable
    bsp.o(i.bsp_buttons_state_get) refers to bsp.o(.constdata) for m_buttons_list
    bsp.o(i.bsp_event_to_button_action_assign) refers to bsp.o(.bss) for m_events_list
    bsp.o(i.bsp_indication_set) refers to bsp.o(i.bsp_led_indication) for bsp_led_indication
    bsp.o(i.bsp_indication_set) refers to bsp.o(.data) for m_indication_type
    bsp.o(i.bsp_indication_text_set) refers to bsp.o(i.bsp_indication_set) for bsp_indication_set
    bsp.o(i.bsp_init) refers to bsp.o(i.bsp_event_to_button_action_assign) for bsp_event_to_button_action_assign
    bsp.o(i.bsp_init) refers to app_button.o(i.app_button_init) for app_button_init
[...]
    entry.o(.ARM.Collect$$$$00000000) refers (Special) to entry9a.o(.ARM.Collect$$$$0000000B) for _main_init
    entry.o(.ARM.Collect$$$$00000000) refers (Special) to entry5.o(.ARM.Collect$$$$00000004) for _main_scatterload
    entry.o(.ARM.Collect$$$$00000000) refers (Special) to entry2.o(.ARM.Collect$$$$00000001) for _main_stk
    idiv.o(.text) refers to uidiv.o(.text) for __aeabi_uidivmod
    printfb.o(i.__0fprintf$bare) refers to printfb.o(i._printf_core) for _printf_core
    printfb.o(i.__0fprintf$bare) refers to retarget.o(i.fputc) for fputc
    printfb.o(i.__0printf$bare) refers to printfb.o(i._printf_core) for _printf_core
    printfb.o(i.__0printf$bare) refers to retarget.o(i.fputc) for fputc
    printfb.o(i.__0printf$bare) refers to retarget.o(.data) for __stdout
    printfb.o(i.__0snprintf$bare) refers to printfb.o(i._printf_core) for _printf_core
    printfb.o(i.__0snprintf$bare) refers to printfb.o(i._snputc) for _snputc
    printfb.o(i.__0sprintf$bare) refers to printfb.o(i._printf_core) for _printf_core
    printfb.o(i.__0sprintf$bare) refers to printfb.o(i._sputc) for _sputc
    printfb.o(i.__0vfprintf$bare) refers to printfb.o(i._printf_core) for _printf_core
    printfb.o(i.__0vfprintf$bare) refers to retarget.o(i.fputc) for fputc
    printfb.o(i.__0vprintf$bare) refers to printfb.o(i._printf_core) for _printf_core
    printfb.o(i.__0vprintf$bare) refers to retarget.o(i.fputc) for fputc
    printfb.o(i.__0vprintf$bare) refers to retarget.o(.data) for __stdout
    printfb.o(i.__0vsnprintf$bare) refers to printfb.o(i._printf_core) for _printf_core
    printfb.o(i.__0vsnprintf$bare) refers to printfb.o(i._snputc) for _snputc
    printfb.o(i.__0vsprintf$bare) refers to printfb.o(i._printf_core) for _printf_core
    printfb.o(i.__0vsprintf$bare) refers to printfb.o(i._sputc) for _sputc
    printf0.o(i.__0fprintf$0) refers to printf0.o(i._printf_core) for _printf_core
    printf0.o(i.__0fprintf$0) refers to retarget.o(i.fputc) for fputc
    printf0.o(i.__0printf$0) refers to printf0.o(i._printf_core) for _printf_core
    printf0.o(i.__0printf$0) refers to retarget.o(i.fputc) for fputc
    printf0.o(i.__0printf$0) refers to retarget.o(.data) for __stdout
    printf0.o(i.__0snprintf$0) refers to printf0.o(i._printf_core) for _printf_core
    printf0.o(i.__0snprintf$0) refers to printf0.o(i._snputc) for _snputc
    printf0.o(i.__0sprintf$0) refers to printf0.o(i._printf_core) for _printf_core
    printf0.o(i.__0sprintf$0) refers to printf0.o(i._sputc) for _sputc
    printf0.o(i.__0vfprintf$0) refers to printf0.o(i._printf_core) for _printf_core
    printf0.o(i.__0vfprintf$0) refers to retarget.o(i.fputc) for fputc
    printf0.o(i.__0vprintf$0) refers to printf0.o(i._printf_core) for _printf_core
    printf0.o(i.__0vprintf$0) refers to retarget.o(i.fputc) for fputc
    printf0.o(i.__0vprintf$0) refers to retarget.o(.data) for __stdout
    printf0.o(i.__0vsnprintf$0) refers to printf0.o(i._printf_core) for _printf_core
    printf0.o(i.__0vsnprintf$0) refers to printf0.o(i._snputc) for _snputc
    printf0.o(i.__0vsprintf$0) refers to printf0.o(i._printf_core) for _printf_core
    printf0.o(i.__0vsprintf$0) refers to printf0.o(i._sputc) for _sputc
    printf1.o(i.__0fprintf$1) refers to printf1.o(i._printf_core) for _printf_core
    printf1.o(i.__0fprintf$1) refers to retarget.o(i.fputc) for fputc
    printf1.o(i.__0printf$1) refers to printf1.o(i._printf_core) for _printf_core
    printf1.o(i.__0printf$1) refers to retarget.o(i.fputc) for fputc
    printf1.o(i.__0printf$1) refers to retarget.o(.data) for __stdout
    printf1.o(i.__0snprintf$1) refers to printf1.o(i._printf_core) for _printf_core
    printf1.o(i.__0snprintf$1) refers to printf1.o(i._snputc) for _snputc
    printf1.o(i.__0sprintf$1) refers to printf1.o(i._printf_core) for _printf_core
    printf1.o(i.__0sprintf$1) refers to printf1.o(i._sputc) for _sputc
    printf1.o(i.__0vfprintf$1) refers to printf1.o(i._printf_core) for _printf_core
    printf1.o(i.__0vfprintf$1) refers to retarget.o(i.fputc) for fputc
    printf1.o(i.__0vprintf$1) refers to printf1.o(i._printf_core) for _printf_core
    printf1.o(i.__0vprintf$1) refers to retarget.o(i.fputc) for fputc
    printf1.o(i.__0vprintf$1) refers to retarget.o(.data) for __stdout
    printf1.o(i.__0vsnprintf$1) refers to printf1.o(i._printf_core) for _printf_core
    printf1.o(i.__0vsnprintf$1) refers to printf1.o(i._snputc) for _snputc
    printf1.o(i.__0vsprintf$1) refers to printf1.o(i._printf_core) for _printf_core
    printf1.o(i.__0vsprintf$1) refers to printf1.o(i._sputc) for _sputc
    printf1.o(i._printf_core) refers to uidiv.o(.text) for __aeabi_uidivmod
    printf2.o(i.__0fprintf$2) refers to printf2.o(i._printf_core) for _printf_core
    printf2.o(i.__0fprintf$2) refers to retarget.o(i.fputc) for fputc
    printf2.o(i.__0printf$2) refers to printf2.o(i._printf_core) for _printf_core
    printf2.o(i.__0printf$2) refers to retarget.o(i.fputc) for fputc
    printf2.o(i.__0printf$2) refers to retarget.o(.data) for __stdout
    printf2.o(i.__0snprintf$2) refers to printf2.o(i._printf_core) for _printf_core
    printf2.o(i.__0snprintf$2) refers to printf2.o(i._snputc) for _snputc
    printf2.o(i.__0sprintf$2) refers to printf2.o(i._printf_core) for _printf_core
    printf2.o(i.__0sprintf$2) refers to printf2.o(i._sputc) for _sputc
    printf2.o(i.__0vfprintf$2) refers to printf2.o(i._printf_core) for _printf_core
    printf2.o(i.__0vfprintf$2) refers to retarget.o(i.fputc) for fputc
    printf2.o(i.__0vprintf$2) refers to printf2.o(i._printf_core) for _printf_core
    printf2.o(i.__0vprintf$2) refers to retarget.o(i.fputc) for fputc
    printf2.o(i.__0vprintf$2) refers to retarget.o(.data) for __stdout
    printf2.o(i.__0vsnprintf$2) refers to printf2.o(i._printf_core) for _printf_core
    printf2.o(i.__0vsnprintf$2) refers to printf2.o(i._snputc) for _snputc
    printf2.o(i.__0vsprintf$2) refers to printf2.o(i._printf_core) for _printf_core
    printf2.o(i.__0vsprintf$2) refers to printf2.o(i._sputc) for _sputc
    printf3.o(i.__0fprintf$3) refers to printf3.o(i._printf_core) for _printf_core
    printf3.o(i.__0fprintf$3) refers to retarget.o(i.fputc) for fputc
    printf3.o(i.__0printf$3) refers to printf3.o(i._printf_core) for _printf_core
    printf3.o(i.__0printf$3) refers to retarget.o(i.fputc) for fputc
    printf3.o(i.__0printf$3) refers to retarget.o(.data) for __stdout
    printf3.o(i.__0snprintf$3) refers to printf3.o(i._printf_core) for _printf_core
    printf3.o(i.__0snprintf$3) refers to printf3.o(i._snputc) for _snputc
    printf3.o(i.__0sprintf$3) refers to printf3.o(i._printf_core) for _printf_core
    printf3.o(i.__0sprintf$3) refers to printf3.o(i._sputc) for _sputc
    printf3.o(i.__0vfprintf$3) refers to printf3.o(i._printf_core) for _printf_core
    printf3.o(i.__0vfprintf$3) refers to retarget.o(i.fputc) for fputc
    printf3.o(i.__0vprintf$3) refers to printf3.o(i._printf_core) for _printf_core
    printf3.o(i.__0vprintf$3) refers to retarget.o(i.fputc) for fputc
    printf3.o(i.__0vprintf$3) refers to retarget.o(.data) for __stdout
    printf3.o(i.__0vsnprintf$3) refers to printf3.o(i._printf_core) for _printf_core
    printf3.o(i.__0vsnprintf$3) refers to printf3.o(i._snputc) for _snputc
    printf3.o(i.__0vsprintf$3) refers to printf3.o(i._printf_core) for _printf_core
    printf3.o(i.__0vsprintf$3) refers to printf3.o(i._sputc) for _sputc
    printf3.o(i._printf_core) refers to uidiv.o(.text) for __aeabi_uidivmod
    printf4.o(i.__0fprintf$4) refers to printf4.o(i._printf_core) for _printf_core
    printf4.o(i.__0fprintf$4) refers to retarget.o(i.fputc) for fputc
    printf4.o(i.__0printf$4) refers to printf4.o(i._printf_core) for _printf_core
    printf4.o(i.__0printf$4) refers to retarget.o(i.fputc) for fputc
    printf4.o(i.__0printf$4) refers to retarget.o(.data) for __stdout
    printf4.o(i.__0snprintf$4) refers to printf4.o(i._printf_core) for _printf_core
    printf4.o(i.__0snprintf$4) refers to printf4.o(i._snputc) for _snputc
    printf4.o(i.__0sprintf$4) refers to printf4.o(i._printf_core) for _printf_core
    printf4.o(i.__0sprintf$4) refers to printf4.o(i._sputc) for _sputc
    printf4.o(i.__0vfprintf$4) refers to printf4.o(i._printf_core) for _printf_core
    printf4.o(i.__0vfprintf$4) refers to retarget.o(i.fputc) for fputc
    printf4.o(i.__0vprintf$4) refers to printf4.o(i._printf_core) for _printf_core
    printf4.o(i.__0vprintf$4) refers to retarget.o(i.fputc) for fputc
    printf4.o(i.__0vprintf$4) refers to retarget.o(.data) for __stdout
    printf4.o(i.__0vsnprintf$4) refers to printf4.o(i._printf_core) for _printf_core
    printf4.o(i.__0vsnprintf$4) refers to printf4.o(i._snputc) for _snputc
    printf4.o(i.__0vsprintf$4) refers to printf4.o(i._printf_core) for _printf_core
    printf4.o(i.__0vsprintf$4) refers to printf4.o(i._sputc) for _sputc
    printf4.o(i._printf_core) refers to uldiv.o(.text) for __aeabi_uldivmod
    printf5.o(i.__0fprintf$5) refers to printf5.o(i._printf_core) for _printf_core
    printf5.o(i.__0fprintf$5) refers to retarget.o(i.fputc) for fputc
    printf5.o(i.__0printf$5) refers to printf5.o(i._printf_core) for _printf_core
    printf5.o(i.__0printf$5) refers to retarget.o(i.fputc) for fputc
    printf5.o(i.__0printf$5) refers to retarget.o(.data) for __stdout
    printf5.o(i.__0snprintf$5) refers to printf5.o(i._printf_core) for _printf_core
    printf5.o(i.__0snprintf$5) refers to printf5.o(i._snputc) for _snputc
    printf5.o(i.__0sprintf$5) refers to printf5.o(i._printf_core) for _printf_core
    printf5.o(i.__0sprintf$5) refers to printf5.o(i._sputc) for _sputc
    printf5.o(i.__0vfprintf$5) refers to printf5.o(i._printf_core) for _printf_core
    printf5.o(i.__0vfprintf$5) refers to retarget.o(i.fputc) for fputc
    printf5.o(i.__0vprintf$5) refers to printf5.o(i._printf_core) for _printf_core
    printf5.o(i.__0vprintf$5) refers to retarget.o(i.fputc) for fputc
    printf5.o(i.__0vprintf$5) refers to retarget.o(.data) for __stdout
    printf5.o(i.__0vsnprintf$5) refers to printf5.o(i._printf_core) for _printf_core
    printf5.o(i.__0vsnprintf$5) refers to printf5.o(i._snputc) for _snputc
    printf5.o(i.__0vsprintf$5) refers to printf5.o(i._printf_core) for _printf_core
    printf5.o(i.__0vsprintf$5) refers to printf5.o(i._sputc) for _sputc
    printf5.o(i._printf_core) refers to uldiv.o(.text) for __aeabi_uldivmod
    printf6.o(i.__0fprintf$6) refers to printf6.o(i._printf_core) for _printf_core
    printf6.o(i.__0fprintf$6) refers to retarget.o(i.fputc) for fputc
    printf6.o(i.__0printf$6) refers to printf6.o(i._printf_core) for _printf_core
    printf6.o(i.__0printf$6) refers to retarget.o(i.fputc) for fputc
    printf6.o(i.__0printf$6) refers to retarget.o(.data) for __stdout
    printf6.o(i.__0snprintf$6) refers to printf6.o(i._printf_core) for _printf_core
    printf6.o(i.__0snprintf$6) refers to printf6.o(i._snputc) for _snputc
    printf6.o(i.__0sprintf$6) refers to printf6.o(i._printf_core) for _printf_core
    printf6.o(i.__0sprintf$6) refers to printf6.o(i._sputc) for _sputc
    printf6.o(i.__0vfprintf$6) refers to printf6.o(i._printf_core) for _printf_core
    printf6.o(i.__0vfprintf$6) refers to retarget.o(i.fputc) for fputc
    printf6.o(i.__0vprintf$6) refers to printf6.o(i._printf_core) for _printf_core
    printf6.o(i.__0vprintf$6) refers to retarget.o(i.fputc) for fputc
    printf6.o(i.__0vprintf$6) refers to retarget.o(.data) for __stdout
    printf6.o(i.__0vsnprintf$6) refers to printf6.o(i._printf_core) for _printf_core
    printf6.o(i.__0vsnprintf$6) refers to printf6.o(i._snputc) for _snputc
    printf6.o(i.__0vsprintf$6) refers to printf6.o(i._printf_core) for _printf_core
    printf6.o(i.__0vsprintf$6) refers to printf6.o(i._sputc) for _sputc
    printf6.o(i._printf_core) refers to printf6.o(i._printf_pre_padding) for _printf_pre_padding
    printf6.o(i._printf_core) refers to printf6.o(i._printf_post_padding) for _printf_post_padding
    printf6.o(i._printf_core) refers to uidiv.o(.text) for __aeabi_uidivmod
    printf7.o(i.__0fprintf$7) refers to printf7.o(i._printf_core) for _printf_core
    printf7.o(i.__0fprintf$7) refers to retarget.o(i.fputc) for fputc
    printf7.o(i.__0printf$7) refers to printf7.o(i._printf_core) for _printf_core
    printf7.o(i.__0printf$7) refers to retarget.o(i.fputc) for fputc
    printf7.o(i.__0printf$7) refers to retarget.o(.data) for __stdout
    printf7.o(i.__0snprintf$7) refers to printf7.o(i._printf_core) for _printf_core
    printf7.o(i.__0snprintf$7) refers to printf7.o(i._snputc) for _snputc
    printf7.o(i.__0sprintf$7) refers to printf7.o(i._printf_core) for _printf_core
    printf7.o(i.__0sprintf$7) refers to printf7.o(i._sputc) for _sputc
    printf7.o(i.__0vfprintf$7) refers to printf7.o(i._printf_core) for _printf_core
    printf7.o(i.__0vfprintf$7) refers to retarget.o(i.fputc) for fputc
    printf7.o(i.__0vprintf$7) refers to printf7.o(i._printf_core) for _printf_core
    printf7.o(i.__0vprintf$7) refers to retarget.o(i.fputc) for fputc
    printf7.o(i.__0vprintf$7) refers to retarget.o(.data) for __stdout
    printf7.o(i.__0vsnprintf$7) refers to printf7.o(i._printf_core) for _printf_core
    printf7.o(i.__0vsnprintf$7) refers to printf7.o(i._snputc) for _snputc
    printf7.o(i.__0vsprintf$7) refers to printf7.o(i._printf_core) for _printf_core
    printf7.o(i.__0vsprintf$7) refers to printf7.o(i._sputc) for _sputc
    printf7.o(i._printf_core) refers to printf7.o(i._printf_pre_padding) for _printf_pre_padding
    printf7.o(i._printf_core) refers to printf7.o(i._printf_post_padding) for _printf_post_padding
    printf7.o(i._printf_core) refers to uldiv.o(.text) for __aeabi_uldivmod
    printf8.o(i.__0fprintf$8) refers to printf8.o(i._printf_core) for _printf_core
    printf8.o(i.__0fprintf$8) refers to retarget.o(i.fputc) for fputc
    printf8.o(i.__0printf$8) refers to printf8.o(i._printf_core) for _printf_core
    printf8.o(i.__0printf$8) refers to retarget.o(i.fputc) for fputc
    printf8.o(i.__0printf$8) refers to retarget.o(.data) for __stdout
    printf8.o(i.__0snprintf$8) refers to printf8.o(i._printf_core) for _printf_core
    printf8.o(i.__0snprintf$8) refers to printf8.o(i._snputc) for _snputc
    printf8.o(i.__0sprintf$8) refers to printf8.o(i._printf_core) for _printf_core
    printf8.o(i.__0sprintf$8) refers to printf8.o(i._sputc) for _sputc
    printf8.o(i.__0vfprintf$8) refers to printf8.o(i._printf_core) for _printf_core
    printf8.o(i.__0vfprintf$8) refers to retarget.o(i.fputc) for fputc
    printf8.o(i.__0vprintf$8) refers to printf8.o(i._printf_core) for _printf_core
    printf8.o(i.__0vprintf$8) refers to retarget.o(i.fputc) for fputc
    printf8.o(i.__0vprintf$8) refers to retarget.o(.data) for __stdout
    printf8.o(i.__0vsnprintf$8) refers to printf8.o(i._printf_core) for _printf_core
    printf8.o(i.__0vsnprintf$8) refers to printf8.o(i._snputc) for _snputc
    printf8.o(i.__0vsprintf$8) refers to printf8.o(i._printf_core) for _printf_core
    printf8.o(i.__0vsprintf$8) refers to printf8.o(i._sputc) for _sputc
    printf8.o(i._printf_core) refers to printf8.o(i._printf_pre_padding) for _printf_pre_padding
    printf8.o(i._printf_core) refers to printf8.o(i._printf_post_padding) for _printf_post_padding
    printf8.o(i._printf_core) refers to uldiv.o(.text) for __aeabi_uldivmod
    printfa.o(i.__0fprintf) refers (Special) to iusefp.o(.text) for __I$use$fp
    printfa.o(i.__0fprintf) refers to printfa.o(i._printf_core) for _printf_core
    printfa.o(i.__0fprintf) refers to retarget.o(i.fputc) for fputc
    printfa.o(i.__0printf) refers (Special) to iusefp.o(.text) for __I$use$fp
    printfa.o(i.__0printf) refers to printfa.o(i._printf_core) for _printf_core
    printfa.o(i.__0printf) refers to retarget.o(i.fputc) for fputc
    printfa.o(i.__0printf) refers to retarget.o(.data) for __stdout
    printfa.o(i.__0snprintf) refers (Special) to iusefp.o(.text) for __I$use$fp
    printfa.o(i.__0snprintf) refers to printfa.o(i._printf_core) for _printf_core
    printfa.o(i.__0snprintf) refers to printfa.o(i._snputc) for _snputc
    printfa.o(i.__0sprintf) refers (Special) to iusefp.o(.text) for __I$use$fp
    printfa.o(i.__0sprintf) refers to printfa.o(i._printf_core) for _printf_core
    printfa.o(i.__0sprintf) refers to printfa.o(i._sputc) for _sputc
    printfa.o(i.__0vfprintf) refers (Special) to iusefp.o(.text) for __I$use$fp
    printfa.o(i.__0vfprintf) refers to printfa.o(i._printf_core) for _printf_core
    printfa.o(i.__0vfprintf) refers to retarget.o(i.fputc) for fputc
    printfa.o(i.__0vprintf) refers (Special) to iusefp.o(.text) for __I$use$fp
    printfa.o(i.__0vprintf) refers to printfa.o(i._printf_core) for _printf_core
    printfa.o(i.__0vprintf) refers to retarget.o(i.fputc) for fputc
    printfa.o(i.__0vprintf) refers to retarget.o(.data) for __stdout
    printfa.o(i.__0vsnprintf) refers (Special) to iusefp.o(.text) for __I$use$fp
    printfa.o(i.__0vsnprintf) refers to printfa.o(i._printf_core) for _printf_core
    printfa.o(i.__0vsnprintf) refers to printfa.o(i._snputc) for _snputc
    printfa.o(i.__0vsprintf) refers (Special) to iusefp.o(.text) for __I$use$fp
    printfa.o(i.__0vsprintf) refers to printfa.o(i._printf_core) for _printf_core
    printfa.o(i.__0vsprintf) refers to printfa.o(i._sputc) for _sputc
    printfa.o(i._fp_digits) refers (Special) to iusefp.o(.text) for __I$use$fp
    printfa.o(i._fp_digits) refers to dmul.o(.text) for __aeabi_dmul
    printfa.o(i._fp_digits) refers to ddiv.o(.text) for __aeabi_ddiv
    printfa.o(i._fp_digits) refers to cdrcmple.o(.text) for __aeabi_cdrcmple
    printfa.o(i._fp_digits) refers to dadd.o(.text) for __aeabi_dadd
    printfa.o(i._fp_digits) refers to dfixul.o(.text) for __aeabi_d2ulz
    printfa.o(i._fp_digits) refers to uldiv.o(.text) for __aeabi_uldivmod
    printfa.o(i._printf_core) refers (Special) to iusefp.o(.text) for __I$use$fp
    printfa.o(i._printf_core) refers to printfa.o(i._printf_pre_padding) for _printf_pre_padding
    printfa.o(i._printf_core) refers to uldiv.o(.text) for __aeabi_uldivmod
    printfa.o(i._printf_core) refers to printfa.o(i._printf_post_padding) for _printf_post_padding
    printfa.o(i._printf_core) refers to printfa.o(i._fp_digits) for _fp_digits
    printfa.o(i._printf_core) refers to uidiv.o(.text) for __aeabi_uidivmod
    printfa.o(i._printf_post_padding) refers (Special) to iusefp.o(.text) for __I$use$fp
    printfa.o(i._printf_pre_padding) refers (Special) to iusefp.o(.text) for __I$use$fp
    printfa.o(i._snputc) refers (Special) to iusefp.o(.text) for __I$use$fp
    printfa.o(i._sputc) refers (Special) to iusefp.o(.text) for __I$use$fp
    entry2.o(.ARM.Collect$$$$00000001) refers to entry2.o(.ARM.Collect$$$$00002712) for __lit__00000000
    entry2.o(.ARM.Collect$$$$00002712) refers to arm_startup_nrf51.o(STACK) for __initial_sp
    entry2.o(__vectab_stack_and_reset_area) refers to arm_startup_nrf51.o(STACK) for __initial_sp
    entry2.o(__vectab_stack_and_reset_area) refers to entry.o(.ARM.Collect$$$$00000000) for __main
    entry5.o(.ARM.Collect$$$$00000004) refers to init.o(.text) for __scatterload
    entry9a.o(.ARM.Collect$$$$0000000B) refers to main.o(i.main) for main
    entry9b.o(.ARM.Collect$$$$0000000C) refers to main.o(i.main) for main
    uldiv.o(.text) refers to llushr.o(.text) for __aeabi_llsr
    uldiv.o(.text) refers to llshl.o(.text) for __aeabi_llsl
    dadd.o(.text) refers to llshl.o(.text) for __aeabi_llsl
    dadd.o(.text) refers to llsshr.o(.text) for __aeabi_lasr
    dadd.o(.text) refers to depilogue.o(.text) for _double_epilogue
    dmul.o(.text) refers to depilogue.o(.text) for _double_epilogue
    ddiv.o(.text) refers to depilogue.o(.text) for _double_round
    dfixul.o(.text) refers to llushr.o(.text) for __aeabi_llsr
    dfixul.o(.text) refers to llshl.o(.text) for __aeabi_llsl
    init.o(.text) refers to entry5.o(.ARM.Collect$$$$00000004) for __main_after_scatterload
    depilogue.o(.text) refers to depilogue.o(i.__ARM_clz) for __ARM_clz
    depilogue.o(.text) refers to llshl.o(.text) for __aeabi_llsl
    depilogue.o(.text) refers to llushr.o(.text) for __aeabi_llsr


==============================================================================

Removing Unused input sections from the image.

    Removing main.o(.rev16_text), (4 bytes).
    Removing main.o(.revsh_text), (4 bytes).
    Removing main.o(i.data_send), (56 bytes).
    Removing main.o(.data), (20 bytes).
    Removing timer_handler.o(.rev16_text), (4 bytes).
    Removing timer_handler.o(.revsh_text), (4 bytes).
    Removing bsp.o(.rev16_text), (4 bytes).
    Removing bsp.o(.revsh_text), (4 bytes).
    Removing bsp.o(i.alert_timer_handler), (36 bytes).
    Removing bsp.o(i.bsp_button_event_handler), (216 bytes).
    Removing bsp.o(i.bsp_button_is_pressed), (56 bytes).
    Removing bsp.o(i.bsp_buttons_disable), (8 bytes).
    Removing bsp.o(i.bsp_buttons_enable), (8 bytes).
    Removing bsp.o(i.bsp_buttons_state_get), (64 bytes).
    Removing bsp.o(i.bsp_event_to_button_action_assign), (92 bytes).
    Removing bsp.o(i.bsp_indication_set), (36 bytes).
    Removing bsp.o(i.bsp_indication_text_set), (18 bytes).
    Removing bsp.o(i.bsp_init), (212 bytes).
    Removing bsp.o(i.bsp_led_indication), (1260 bytes).
    Removing bsp.o(i.bsp_wakeup_buttons_set), (92 bytes).
    Removing bsp.o(i.button_timer_handler), (14 bytes).
    Removing bsp.o(i.leds_timer_handler), (36 bytes).
    Removing bsp.o(.bss), (12 bytes).
    Removing bsp.o(.constdata), (48 bytes).
    Removing bsp.o(.data), (33 bytes).
    Removing arm_startup_nrf51.o(HEAP), (2048 bytes).
    Removing system_nrf51.o(.rev16_text), (4 bytes).
    Removing system_nrf51.o(.revsh_text), (4 bytes).
    Removing system_nrf51.o(i.SystemCoreClockUpdate), (16 bytes).
    Removing ble_srv_common.o(i.ble_srv_ascii_to_utf8), (18 bytes).
    Removing ble_srv_common.o(i.ble_srv_report_ref_encode), (62 bytes).
    Removing ble_conn_params.o(i.ble_conn_params_change_conn_params), (112 bytes).
    Removing ble_conn_params.o(i.ble_conn_params_on_ble_evt), (62 bytes).
    Removing ble_conn_params.o(i.ble_conn_params_stop), (16 bytes).
    Removing ble_conn_params.o(i.conn_params_negotiation), (148 bytes).
    Removing ble_conn_params.o(i.is_conn_params_ok), (36 bytes).
    Removing ble_conn_params.o(i.on_conn_params_update), (24 bytes).
    Removing ble_conn_params.o(i.on_connect), (60 bytes).
    Removing ble_conn_params.o(i.on_disconnect), (68 bytes).
    Removing ble_conn_params.o(i.on_write), (92 bytes).
    Removing ble_advertising.o(.rev16_text), (4 bytes).
    Removing ble_advertising.o(.revsh_text), (4 bytes).
    Removing ble_advertising.o(i.ble_advertising_on_ble_evt), (308 bytes).
    Removing ble_advertising.o(i.ble_advertising_on_sys_evt), (84 bytes).
    Removing ble_advertising.o(i.ble_advertising_peer_addr_reply), (60 bytes).
    Removing ble_advertising.o(i.ble_advertising_restart_without_whitelist), (96 bytes).
    Removing ble_advertising.o(i.ble_advertising_whitelist_reply), (104 bytes).
    Removing ble_nus.o(i.ble_nus_on_ble_evt), (70 bytes).
    Removing ble_nus.o(i.ble_nus_string_send), (88 bytes).
    Removing ble_nus.o(i.on_connect), (6 bytes).
    Removing ble_nus.o(i.on_disconnect), (8 bytes).
    Removing ble_nus.o(i.on_write), (84 bytes).
    Removing nrf_delay.o(.rev16_text), (4 bytes).
    Removing nrf_delay.o(.revsh_text), (4 bytes).
    Removing nrf_delay.o(.emb_text), (30 bytes).
    Removing nrf_delay.o(i.nrf_delay_ms), (28 bytes).
    Removing nrf_drv_common.o(.rev16_text), (4 bytes).
    Removing nrf_drv_common.o(.revsh_text), (4 bytes).
    Removing nrf_drv_common.o(i.NVIC_SetPriority), (120 bytes).
    Removing nrf_drv_common.o(i.nrf_drv_common_irq_enable), (56 bytes).
    Removing nrf_drv_gpiote.o(.rev16_text), (4 bytes).
    Removing nrf_drv_gpiote.o(.revsh_text), (4 bytes).
    Removing nrf_drv_gpiote.o(i.channel_free), (32 bytes).
    Removing nrf_drv_gpiote.o(i.channel_port_alloc), (120 bytes).
    Removing nrf_drv_gpiote.o(i.nrf_drv_gpiote_in_event_addr_get), (26 bytes).
    Removing nrf_drv_gpiote.o(i.nrf_drv_gpiote_in_event_disable), (128 bytes).
    Removing nrf_drv_gpiote.o(i.nrf_drv_gpiote_in_event_enable), (176 bytes).
    Removing nrf_drv_gpiote.o(i.nrf_drv_gpiote_in_init), (244 bytes).
    Removing nrf_drv_gpiote.o(i.nrf_drv_gpiote_in_is_set), (32 bytes).
    Removing nrf_drv_gpiote.o(i.nrf_drv_gpiote_in_uninit), (80 bytes).
    Removing nrf_drv_gpiote.o(i.nrf_drv_gpiote_init), (80 bytes).
    Removing nrf_drv_gpiote.o(i.nrf_drv_gpiote_is_init), (20 bytes).
    Removing nrf_drv_gpiote.o(i.nrf_drv_gpiote_out_clear), (12 bytes).
    Removing nrf_drv_gpiote.o(i.nrf_drv_gpiote_out_init), (240 bytes).
    Removing nrf_drv_gpiote.o(i.nrf_drv_gpiote_out_set), (12 bytes).
    Removing nrf_drv_gpiote.o(i.nrf_drv_gpiote_out_task_addr_get), (28 bytes).
    Removing nrf_drv_gpiote.o(i.nrf_drv_gpiote_out_task_disable), (48 bytes).
    Removing nrf_drv_gpiote.o(i.nrf_drv_gpiote_out_task_enable), (76 bytes).
    Removing nrf_drv_gpiote.o(i.nrf_drv_gpiote_out_task_force), (100 bytes).
    Removing nrf_drv_gpiote.o(i.nrf_drv_gpiote_out_task_trigger), (32 bytes).
    Removing nrf_drv_gpiote.o(i.nrf_drv_gpiote_out_toggle), (44 bytes).
    Removing nrf_drv_gpiote.o(i.nrf_drv_gpiote_out_uninit), (40 bytes).
    Removing nrf_drv_gpiote.o(i.nrf_drv_gpiote_uninit), (72 bytes).
    Removing nrf_drv_gpiote.o(i.nrf_gpio_cfg_default), (18 bytes).
    Removing nrf_drv_gpiote.o(i.nrf_gpio_pin_clear), (16 bytes).
    Removing nrf_drv_gpiote.o(i.nrf_gpio_pin_set), (16 bytes).
    Removing nrf_drv_gpiote.o(i.nrf_gpiote_int_enable), (12 bytes).
    Removing nrf_drv_gpiote.o(i.pin_in_use_by_gpiote), (28 bytes).
    Removing nrf_drv_gpiote.o(i.pin_in_use_by_te), (32 bytes).
    Removing nrf_drv_gpiote.o(i.pin_in_use_clear), (16 bytes).
    Removing app_uart.o(.rev16_text), (4 bytes).
    Removing app_uart.o(.revsh_text), (4 bytes).
    Removing app_uart.o(i.NVIC_SetPriority), (120 bytes).
    Removing app_uart.o(i.app_uart_close), (40 bytes).
    Removing app_uart.o(i.app_uart_flush), (4 bytes).
    Removing app_uart.o(i.app_uart_get), (44 bytes).
    Removing app_uart.o(i.app_uart_get_connection_state), (28 bytes).
    Removing app_uart.o(i.app_uart_init), (408 bytes).
    Removing app_uart.o(i.gpiote_uart_event_handler), (32 bytes).
    Removing app_uart.o(i.uart_no_flow_control_init), (64 bytes).
    Removing app_uart.o(i.uart_standard_flow_control_init), (64 bytes).
    Removing app_uart.o(.constdata), (8 bytes).
    Removing pstorage.o(.rev16_text), (4 bytes).
    Removing pstorage.o(.revsh_text), (4 bytes).
    Removing pstorage.o(i.app_notify), (40 bytes).
    Removing pstorage.o(i.cmd_process), (360 bytes).
    Removing pstorage.o(i.cmd_queue_dequeue), (44 bytes).
    Removing pstorage.o(i.cmd_queue_element_init), (60 bytes).
    Removing pstorage.o(i.cmd_queue_enqueue), (152 bytes).
    Removing pstorage.o(i.cmd_queue_init), (52 bytes).
    Removing pstorage.o(i.is_word_aligned), (18 bytes).
    Removing pstorage.o(i.pstorage_block_identifier_get), (144 bytes).
    Removing pstorage.o(i.pstorage_clear), (176 bytes).
    Removing pstorage.o(i.pstorage_flash_page_end), (40 bytes).
    Removing pstorage.o(i.pstorage_flash_page_size), (10 bytes).
    Removing pstorage.o(i.pstorage_init), (156 bytes).
    Removing pstorage.o(i.pstorage_load), (236 bytes).
    Removing pstorage.o(i.pstorage_register), (324 bytes).
    Removing pstorage.o(i.pstorage_store), (212 bytes).
    Removing pstorage.o(i.pstorage_sys_event_handler), (452 bytes).
    Removing pstorage.o(i.pstorage_update), (212 bytes).
    Removing pstorage.o(i.swap_state_process), (436 bytes).
    Removing app_error.o(.rev16_text), (4 bytes).
    Removing app_error.o(.revsh_text), (4 bytes).
    Removing app_timer.o(.rev16_text), (4 bytes).
    Removing app_timer.o(.revsh_text), (4 bytes).
    Removing app_timer.o(i.app_timer_cnt_diff_compute), (22 bytes).
    Removing app_timer.o(i.app_timer_cnt_get), (14 bytes).
    Removing app_timer.o(i.app_timer_start), (108 bytes).
    Removing app_timer.o(i.app_timer_stop), (68 bytes).
    Removing app_timer.o(i.app_timer_stop_all), (32 bytes).
    Removing app_timer.o(i.current_int_priority_get), (92 bytes).
    Removing app_timer.o(i.timer_start_op_schedule), (84 bytes).
    Removing app_timer.o(i.timer_stop_all_op_schedule), (64 bytes).
    Removing app_timer.o(i.timer_stop_op_schedule), (64 bytes).
    Removing app_timer.o(i.user_id_get), (34 bytes).
    Removing app_timer.o(i.user_op_alloc), (44 bytes).
    Removing app_timer.o(i.user_op_enque), (4 bytes).
    Removing app_button.o(.rev16_text), (4 bytes).
    Removing app_button.o(.revsh_text), (4 bytes).
    Removing app_button.o(i.app_button_disable), (52 bytes).
    Removing app_button.o(i.app_button_enable), (44 bytes).
    Removing app_button.o(i.app_button_init), (164 bytes).
    Removing app_button.o(i.app_button_is_pushed), (48 bytes).
    Removing app_button.o(i.detection_delay_timeout_handler), (140 bytes).
    Removing app_button.o(i.gpiote_event_handler), (128 bytes).
    Removing app_button.o(.constdata), (4 bytes).
    Removing app_button.o(.data), (24 bytes).
    Removing retarget.o(.rev16_text), (4 bytes).
    Removing retarget.o(.revsh_text), (4 bytes).
    Removing retarget.o(i.fgetc), (22 bytes).
    Removing softdevice_handler.o(.rev16_text), (4 bytes).
    Removing softdevice_handler.o(.revsh_text), (4 bytes).
    Removing softdevice_handler.o(i.softdevice_handler_sd_disable), (28 bytes).
    Removing softdevice_handler.o(i.softdevice_sys_evt_handler_set), (24 bytes).
    Removing dadd.o(.text), (356 bytes).
    Removing dmul.o(.text), (208 bytes).
    Removing ddiv.o(.text), (240 bytes).
    Removing dfixul.o(.text), (64 bytes).
    Removing cdrcmple.o(.text), (40 bytes).
    Removing depilogue.o(.text), (190 bytes).
    Removing depilogue.o(i.__ARM_clz), (46 bytes).

162 unused section(s) (total 14509 bytes) removed from the image.

==============================================================================

Image Symbol Table

    Local Symbols

    Symbol Name                              Value     Ov Type        Size  Object(Section)

    ../clib/microlib/division.c              0x00000000   Number         0  uldiv.o ABSOLUTE
    ../clib/microlib/division.c              0x00000000   Number         0  uidiv.o ABSOLUTE
    ../clib/microlib/division.c              0x00000000   Number         0  idiv.o ABSOLUTE
    ../clib/microlib/init/entry.s            0x00000000   Number         0  entry2.o ABSOLUTE
    ../clib/microlib/init/entry.s            0x00000000   Number         0  entry5.o ABSOLUTE
    ../clib/microlib/init/entry.s            0x00000000   Number         0  entry7b.o ABSOLUTE
    ../clib/microlib/init/entry.s            0x00000000   Number         0  entry7a.o ABSOLUTE
    ../clib/microlib/init/entry.s            0x00000000   Number         0  entry10b.o ABSOLUTE
    ../clib/microlib/init/entry.s            0x00000000   Number         0  entry10a.o ABSOLUTE
    ../clib/microlib/init/entry.s            0x00000000   Number         0  entry11a.o ABSOLUTE
    ../clib/microlib/init/entry.s            0x00000000   Number         0  entry11b.o ABSOLUTE
    ../clib/microlib/init/entry.s            0x00000000   Number         0  entry.o ABSOLUTE
    ../clib/microlib/init/entry.s            0x00000000   Number         0  entry9b.o ABSOLUTE
    ../clib/microlib/init/entry.s            0x00000000   Number         0  entry9a.o ABSOLUTE
    ../clib/microlib/init/entry.s            0x00000000   Number         0  entry8b.o ABSOLUTE
    ../clib/microlib/init/entry.s            0x00000000   Number         0  entry8a.o ABSOLUTE
    ../clib/microlib/longlong.c              0x00000000   Number         0  llsshr.o ABSOLUTE
    ../clib/microlib/longlong.c              0x00000000   Number         0  llshl.o ABSOLUTE
    ../clib/microlib/longlong.c              0x00000000   Number         0  llushr.o ABSOLUTE
    ../clib/microlib/printf/printf.c         0x00000000   Number         0  printf0.o ABSOLUTE
    ../clib/microlib/printf/printf.c         0x00000000   Number         0  printf7.o ABSOLUTE
    ../clib/microlib/printf/printf.c         0x00000000   Number         0  printf4.o ABSOLUTE
    ../clib/microlib/printf/printf.c         0x00000000   Number         0  printf6.o ABSOLUTE
    ../clib/microlib/printf/printf.c         0x00000000   Number         0  printf5.o ABSOLUTE
    ../clib/microlib/printf/printf.c         0x00000000   Number         0  printf3.o ABSOLUTE
    ../clib/microlib/printf/printf.c         0x00000000   Number         0  printf2.o ABSOLUTE
    ../clib/microlib/printf/printf.c         0x00000000   Number         0  printf1.o ABSOLUTE
    ../clib/microlib/printf/printf.c         0x00000000   Number         0  printfb.o ABSOLUTE
    ../clib/microlib/printf/printf.c         0x00000000   Number         0  printf8.o ABSOLUTE
    ../clib/microlib/printf/printf.c         0x00000000   Number         0  printfa.o ABSOLUTE
    ../clib/microlib/string/memcpy.c         0x00000000   Number         0  memcpyb.o ABSOLUTE
    ../clib/microlib/string/memcpy.c         0x00000000   Number         0  memcpya.o ABSOLUTE
    ../clib/microlib/string/memset.c         0x00000000   Number         0  memseta.o ABSOLUTE
    ../clib/microlib/string/strlen.c         0x00000000   Number         0  strlen.o ABSOLUTE
    ../clib/microlib/stubs.s                 0x00000000   Number         0  iusefp.o ABSOLUTE
    ../fplib/microlib/fpadd.c                0x00000000   Number         0  dadd.o ABSOLUTE
    ../fplib/microlib/fpdiv.c                0x00000000   Number         0  ddiv.o ABSOLUTE
    ../fplib/microlib/fpepilogue.c           0x00000000   Number         0  depilogue.o ABSOLUTE
    ../fplib/microlib/fpfix.c                0x00000000   Number         0  dfixul.o ABSOLUTE
    ../fplib/microlib/fpmul.c                0x00000000   Number         0  dmul.o ABSOLUTE
    C:\Keil_v5\ARM\PACK\NordicSemiconductor\nRF_BLE\3.0.0\ble_services\ble_nus\ble_nus.c 0x00000000   Number         0  ble_nus.o ABSOLUTE
    C:\Keil_v5\ARM\PACK\NordicSemiconductor\nRF_BLE\3.0.0\common\ble_srv_common.c 0x00000000   Number         0  ble_srv_common.o ABSOLUTE
    C:\Keil_v5\ARM\PACK\NordicSemiconductor\nRF_Drivers\3.0.0\common\nrf_drv_common.c 0x00000000   Number         0  nrf_drv_common.o ABSOLUTE
    C:\Keil_v5\ARM\PACK\NordicSemiconductor\nRF_Drivers\3.0.0\gpiote\nrf_drv_gpiote.c 0x00000000   Number         0  nrf_drv_gpiote.o ABSOLUTE
    C:\Keil_v5\ARM\PACK\NordicSemiconductor\nRF_Drivers\3.0.0\hal\nrf_delay.c 0x00000000   Number         0  nrf_delay.o ABSOLUTE
    C:\\Keil_v5\\ARM\\PACK\\NordicSemiconductor\\nRF_Drivers\\3.0.0\\common\\nrf_drv_common.c 0x00000000   Number         0  nrf_drv_common.o ABSOLUTE
    C:\\Keil_v5\\ARM\\PACK\\NordicSemiconductor\\nRF_Drivers\\3.0.0\\gpiote\\nrf_drv_gpiote.c 0x00000000   Number         0  nrf_drv_gpiote.o ABSOLUTE
    C:\\Keil_v5\\ARM\\PACK\\NordicSemiconductor\\nRF_Drivers\\3.0.0\\hal\\nrf_delay.c 0x00000000   Number         0  nrf_delay.o ABSOLUTE
    RTE\Board_Support\nRF51822_xxAA\bsp.c    0x00000000   Number         0  bsp.o ABSOLUTE
    RTE\Device\nRF51822_xxAA\arm_startup_nrf51.s 0x00000000   Number         0  arm_startup_nrf51.o ABSOLUTE
    RTE\Device\nRF51822_xxAA\system_nrf51.c  0x00000000   Number         0  system_nrf51.o ABSOLUTE
    RTE\\Board_Support\\nRF51822_xxAA\\bsp.c 0x00000000   Number         0  bsp.o ABSOLUTE
    RTE\\Device\\nRF51822_xxAA\\system_nrf51.c 0x00000000   Number         0  system_nrf51.o ABSOLUTE
    RTE\\nRF_BLE\\nRF51822_xxAA\\ble_advertising.c 0x00000000   Number         0  ble_advertising.o ABSOLUTE
    RTE\\nRF_Drivers\\nRF51822_xxAA\\app_uart.c 0x00000000   Number         0  app_uart.o ABSOLUTE
    RTE\\nRF_Drivers\\nRF51822_xxAA\\pstorage.c 0x00000000   Number         0  pstorage.o ABSOLUTE
    RTE\\nRF_Libraries\\nRF51822_xxAA\\app_button.c 0x00000000   Number         0  app_button.o ABSOLUTE
    RTE\\nRF_Libraries\\nRF51822_xxAA\\app_error.c 0x00000000   Number         0  app_error.o ABSOLUTE
    RTE\\nRF_Libraries\\nRF51822_xxAA\\app_timer.c 0x00000000   Number         0  app_timer.o ABSOLUTE
    RTE\\nRF_Libraries\\nRF51822_xxAA\\retarget.c 0x00000000   Number         0  retarget.o ABSOLUTE
    RTE\\nRF_SoftDevice\\nRF51822_xxAA\\softdevice_handler.c 0x00000000   Number         0  softdevice_handler.o ABSOLUTE
    RTE\nRF_BLE\nRF51822_xxAA\ble_advdata.c  0x00000000   Number         0  ble_advdata.o ABSOLUTE
    RTE\nRF_BLE\nRF51822_xxAA\ble_advertising.c 0x00000000   Number         0  ble_advertising.o ABSOLUTE
    RTE\nRF_BLE\nRF51822_xxAA\ble_conn_params.c 0x00000000   Number         0  ble_conn_params.o ABSOLUTE
    RTE\nRF_Drivers\nRF51822_xxAA\app_uart.c 0x00000000   Number         0  app_uart.o ABSOLUTE
    RTE\nRF_Drivers\nRF51822_xxAA\pstorage.c 0x00000000   Number         0  pstorage.o ABSOLUTE
    RTE\nRF_Libraries\nRF51822_xxAA\app_button.c 0x00000000   Number         0  app_button.o ABSOLUTE
    RTE\nRF_Libraries\nRF51822_xxAA\app_error.c 0x00000000   Number         0  app_error.o ABSOLUTE
    RTE\nRF_Libraries\nRF51822_xxAA\app_timer.c 0x00000000   Number         0  app_timer.o ABSOLUTE
    RTE\nRF_Libraries\nRF51822_xxAA\app_trace.c 0x00000000   Number         0  app_trace.o ABSOLUTE
    RTE\nRF_Libraries\nRF51822_xxAA\nrf_assert.c 0x00000000   Number         0  nrf_assert.o ABSOLUTE
    RTE\nRF_Libraries\nRF51822_xxAA\retarget.c 0x00000000   Number         0  retarget.o ABSOLUTE
    RTE\nRF_SoftDevice\nRF51822_xxAA\softdevice_handler.c 0x00000000   Number         0  softdevice_handler.o ABSOLUTE
    cdrcmple.s                               0x00000000   Number         0  cdrcmple.o ABSOLUTE
    dc.s                                     0x00000000   Number         0  dc.o ABSOLUTE
    handlers.s                               0x00000000   Number         0  handlers.o ABSOLUTE
    init.s                                   0x00000000   Number         0  init.o ABSOLUTE
    main.c                                   0x00000000   Number         0  main.o ABSOLUTE
    main.c                                   0x00000000   Number         0  main.o ABSOLUTE
    timer_handler.c                          0x00000000   Number         0  timer_handler.o ABSOLUTE
    timer_handler.c                          0x00000000   Number         0  timer_handler.o ABSOLUTE
    RESET                                    0x00018000   Section      192  arm_startup_nrf51.o(RESET)
    .ARM.Collect$$$$00000000                 0x000180c0   Section        0  entry.o(.ARM.Collect$$$$00000000)
    .ARM.Collect$$$$00000001                 0x000180c0   Section        4  entry2.o(.ARM.Collect$$$$00000001)
    .ARM.Collect$$$$00000004                 0x000180c4   Section        4  entry5.o(.ARM.Collect$$$$00000004)
    .ARM.Collect$$$$00000008                 0x000180c8   Section        0  entry7b.o(.ARM.Collect$$$$00000008)
    .ARM.Collect$$$$0000000A                 0x000180c8   Section        0  entry8b.o(.ARM.Collect$$$$0000000A)
    .ARM.Collect$$$$0000000B                 0x000180c8   Section        8  entry9a.o(.ARM.Collect$$$$0000000B)
    .ARM.Collect$$$$0000000D                 0x000180d0   Section        0  entry10a.o(.ARM.Collect$$$$0000000D)
    .ARM.Collect$$$$0000000F                 0x000180d0   Section        0  entry11a.o(.ARM.Collect$$$$0000000F)
    .ARM.Collect$$$$00002712                 0x000180d0   Section        4  entry2.o(.ARM.Collect$$$$00002712)
    __lit__00000000                          0x000180d0   Data           4  entry2.o(.ARM.Collect$$$$00002712)
    .emb_text                                0x000180d4   Section       30  app_timer.o(.emb_text)
    .text                                    0x000180f4   Section       56  arm_startup_nrf51.o(.text)
    .text                                    0x0001812c   Section        0  memcpya.o(.text)
    .text                                    0x00018150   Section        0  memseta.o(.text)
    .text                                    0x00018174   Section       36  init.o(.text)
    i.GPIOTE_IRQHandler                      0x00018198   Section        0  nrf_drv_gpiote.o(i.GPIOTE_IRQHandler)
    i.NVIC_ClearPendingIRQ                   0x00018320   Section        0  app_timer.o(i.NVIC_ClearPendingIRQ)
    NVIC_ClearPendingIRQ                     0x00018321   Thumb Code    14  app_timer.o(i.NVIC_ClearPendingIRQ)
    i.NVIC_EnableIRQ                         0x00018334   Section        0  app_timer.o(i.NVIC_EnableIRQ)
    NVIC_EnableIRQ                           0x00018335   Thumb Code    14  app_timer.o(i.NVIC_EnableIRQ)
    i.NVIC_SetPendingIRQ                     0x00018348   Section        0  app_timer.o(i.NVIC_SetPendingIRQ)
    NVIC_SetPendingIRQ                       0x00018349   Thumb Code    14  app_timer.o(i.NVIC_SetPendingIRQ)
    i.NVIC_SetPriority                       0x0001835c   Section        0  app_timer.o(i.NVIC_SetPriority)
    NVIC_SetPriority                         0x0001835d   Thumb Code   110  app_timer.o(i.NVIC_SetPriority)
    i.RTC1_IRQHandler                        0x000183d4   Section        0  app_timer.o(i.RTC1_IRQHandler)
    i.SWI0_IRQHandler                        0x000183fc   Section        0  app_timer.o(i.SWI0_IRQHandler)
    i.SWI2_IRQHandler                        0x00018404   Section        0  softdevice_handler.o(i.SWI2_IRQHandler)
    i.SystemInit                             0x0001843c   Section        0  system_nrf51.o(i.SystemInit)
    i.UART0_IRQHandler                       0x00018474   Section        0  app_uart.o(i.UART0_IRQHandler)
    i.__0printf$bare                         0x0001851c   Section        0  printfb.o(i.__0printf$bare)
    i.__ARM_common_switch8                   0x00018530   Section        0  bsp.o(i.__ARM_common_switch8)
    i.__scatterload_copy                     0x0001854c   Section       14  handlers.o(i.__scatterload_copy)
    i.__scatterload_null                     0x0001855a   Section        2  handlers.o(i.__scatterload_null)
    i.__scatterload_zeroinit                 0x0001855c   Section       14  handlers.o(i.__scatterload_zeroinit)
    i._printf_core                           0x0001856a   Section        0  printfb.o(i._printf_core)
    _printf_core                             0x0001856b   Thumb Code    30  printfb.o(i._printf_core)
    i.action_tx_ready                        0x00018588   Section        0  app_uart.o(i.action_tx_ready)
    action_tx_ready                          0x00018589   Thumb Code     8  app_uart.o(i.action_tx_ready)
    i.action_tx_send                         0x00018590   Section        0  app_uart.o(i.action_tx_send)
    action_tx_send                           0x00018591   Thumb Code    30  app_uart.o(i.action_tx_send)
    i.action_tx_stop                         0x000185c0   Section        0  app_uart.o(i.action_tx_stop)
    i.action_uart_deactivate                 0x000185e8   Section        0  app_uart.o(i.action_uart_deactivate)
    action_uart_deactivate                   0x000185e9   Thumb Code    22  app_uart.o(i.action_uart_deactivate)
    i.adv_data_encode                        0x0001860c   Section        0  ble_advdata.o(i.adv_data_encode)
    adv_data_encode                          0x0001860d   Thumb Code   310  ble_advdata.o(i.adv_data_encode)
    i.advdata_check                          0x00018742   Section        0  ble_advdata.o(i.advdata_check)
    advdata_check                            0x00018743   Thumb Code    20  ble_advdata.o(i.advdata_check)
    i.advertising_init                       0x00018758   Section        0  main.o(i.advertising_init)
    i.app_error_handler                      0x000187c0   Section        0  app_error.o(i.app_error_handler)
    i.app_timer_create                       0x000187f8   Section        0  app_timer.o(i.app_timer_create)
    i.app_timer_init                         0x0001886c   Section        0  app_timer.o(i.app_timer_init)
    i.app_uart_put                           0x0001895c   Section        0  app_uart.o(i.app_uart_put)
    i.appearance_encode                      0x00018984   Section        0  ble_advdata.o(i.appearance_encode)
    appearance_encode                        0x00018985   Thumb Code    74  ble_advdata.o(i.appearance_encode)
    i.ble_advdata_set                        0x000189ce   Section        0  ble_advdata.o(i.ble_advdata_set)
    i.ble_advertising_init                   0x00018a48   Section        0  ble_advertising.o(i.ble_advertising_init)
    i.ble_advertising_peer_address_clear     0x00018bec   Section        0  ble_advertising.o(i.ble_advertising_peer_address_clear)
    ble_advertising_peer_address_clear       0x00018bed   Thumb Code    12  ble_advertising.o(i.ble_advertising_peer_address_clear)
    i.ble_advertising_start                  0x00018bfc   Section        0  ble_advertising.o(i.ble_advertising_start)
    i.ble_conn_params_init                   0x00018e58   Section        0  ble_conn_params.o(i.ble_conn_params_init)
    i.ble_evt_handler                        0x00018ed0   Section        0  main.o(i.ble_evt_handler)
    ble_evt_handler                          0x00018ed1   Thumb Code     2  main.o(i.ble_evt_handler)
    i.ble_nus_init                           0x00018ed4   Section        0  ble_nus.o(i.ble_nus_init)
    i.ble_stack_init                         0x00018f58   Section        0  main.o(i.ble_stack_init)
    i.channel_handler_get                    0x00018fd8   Section        0  nrf_drv_gpiote.o(i.channel_handler_get)
    channel_handler_get                      0x00018fd9   Thumb Code    10  nrf_drv_gpiote.o(i.channel_handler_get)
    i.channel_port_get                       0x00018fe8   Section        0  nrf_drv_gpiote.o(i.channel_port_get)
    channel_port_get                         0x00018fe9   Thumb Code     8  nrf_drv_gpiote.o(i.channel_port_get)
    i.compare_reg_update                     0x00018ff4   Section        0  app_timer.o(i.compare_reg_update)
    compare_reg_update                       0x00018ff5   Thumb Code   124  app_timer.o(i.compare_reg_update)
    i.conn_int_check                         0x00019084   Section        0  ble_advdata.o(i.conn_int_check)
    conn_int_check                           0x00019085   Thumb Code    88  ble_advdata.o(i.conn_int_check)
    i.conn_int_encode                        0x000190e0   Section        0  ble_advdata.o(i.conn_int_encode)
    conn_int_encode                          0x000190e1   Thumb Code    92  ble_advdata.o(i.conn_int_encode)
    i.conn_params_error_handler              0x0001913c   Section        0  main.o(i.conn_params_error_handler)
    conn_params_error_handler                0x0001913d   Thumb Code    20  main.o(i.conn_params_error_handler)
    i.conn_params_init                       0x00019150   Section        0  main.o(i.conn_params_init)
    conn_params_init                         0x00019151   Thumb Code    78  main.o(i.conn_params_init)
    i.elapsed_ticks_acquire                  0x000191a8   Section        0  app_timer.o(i.elapsed_ticks_acquire)
    elapsed_ticks_acquire                    0x000191a9   Thumb Code    82  app_timer.o(i.elapsed_ticks_acquire)
    i.expired_timers_handler                 0x0001920c   Section        0  app_timer.o(i.expired_timers_handler)
    expired_timers_handler                   0x0001920d   Thumb Code   100  app_timer.o(i.expired_timers_handler)
    i.fputc                                  0x00019278   Section        0  retarget.o(i.fputc)
    i.gap_params_init                        0x00019288   Section        0  main.o(i.gap_params_init)
    i.intern_softdevice_events_execute       0x0001930c   Section        0  softdevice_handler.o(i.intern_softdevice_events_execute)
    i.is_disabled_in_debug_needed            0x000193c8   Section        0  system_nrf51.o(i.is_disabled_in_debug_needed)
    is_disabled_in_debug_needed              0x000193c9   Thumb Code    52  system_nrf51.o(i.is_disabled_in_debug_needed)
    i.is_manual_peripheral_setup_needed      0x00019400   Section        0  system_nrf51.o(i.is_manual_peripheral_setup_needed)
    is_manual_peripheral_setup_needed        0x00019401   Thumb Code   104  system_nrf51.o(i.is_manual_peripheral_setup_needed)
    i.list_deletions_handler                 0x0001946c   Section        0  app_timer.o(i.list_deletions_handler)
    list_deletions_handler                   0x0001946d   Thumb Code   176  app_timer.o(i.list_deletions_handler)
    i.list_insertions_handler                0x0001952c   Section        0  app_timer.o(i.list_insertions_handler)
    list_insertions_handler                  0x0001952d   Thumb Code   276  app_timer.o(i.list_insertions_handler)
    i.main                                   0x0001965c   Section        0  main.o(i.main)
    i.manuf_specific_data_encode             0x000196b4   Section        0  ble_advdata.o(i.manuf_specific_data_encode)
    manuf_specific_data_encode               0x000196b5   Thumb Code   106  ble_advdata.o(i.manuf_specific_data_encode)
    i.name_encode                            0x0001971e   Section        0  ble_advdata.o(i.name_encode)
    name_encode                              0x0001971f   Thumb Code   150  ble_advdata.o(i.name_encode)
    i.nrf_gpio_cfg_sense_set                 0x000197b4   Section        0  nrf_drv_gpiote.o(i.nrf_gpio_cfg_sense_set)
    nrf_gpio_cfg_sense_set                   0x000197b5   Thumb Code    70  nrf_drv_gpiote.o(i.nrf_gpio_cfg_sense_set)
    i.nrf_gpiote_event_addr_get              0x000197fc   Section        0  nrf_drv_gpiote.o(i.nrf_gpiote_event_addr_get)
    nrf_gpiote_event_addr_get                0x000197fd   Thumb Code     8  nrf_drv_gpiote.o(i.nrf_gpiote_event_addr_get)
    i.nrf_gpiote_event_clear                 0x00019808   Section        0  nrf_drv_gpiote.o(i.nrf_gpiote_event_clear)
    nrf_gpiote_event_clear                   0x00019809   Thumb Code    16  nrf_drv_gpiote.o(i.nrf_gpiote_event_clear)
    i.nrf_gpiote_event_is_set                0x00019818   Section        0  nrf_drv_gpiote.o(i.nrf_gpiote_event_is_set)
    nrf_gpiote_event_is_set                  0x00019819   Thumb Code    22  nrf_drv_gpiote.o(i.nrf_gpiote_event_is_set)
    i.nus_data_handler                       0x0001982e   Section        0  main.o(i.nus_data_handler)
    nus_data_handler                         0x0001982f   Thumb Code     2  main.o(i.nus_data_handler)
    i.on_adv_evt                             0x00019830   Section        0  main.o(i.on_adv_evt)
    on_adv_evt                               0x00019831   Thumb Code     2  main.o(i.on_adv_evt)
    i.on_conn_params_evt                     0x00019832   Section        0  main.o(i.on_conn_params_evt)
    on_conn_params_evt                       0x00019833   Thumb Code     2  main.o(i.on_conn_params_evt)
    i.on_cts_high                            0x00019834   Section        0  app_uart.o(i.on_cts_high)
    on_cts_high                              0x00019835   Thumb Code    36  app_uart.o(i.on_cts_high)
    i.on_cts_low                             0x0001985c   Section        0  app_uart.o(i.on_cts_low)
    on_cts_low                               0x0001985d   Thumb Code    46  app_uart.o(i.on_cts_low)
    i.on_tx_ready                            0x00019898   Section        0  app_uart.o(i.on_tx_ready)
    on_tx_ready                              0x00019899   Thumb Code    38  app_uart.o(i.on_tx_ready)
    i.on_uart_close                          0x000198c4   Section        0  app_uart.o(i.on_uart_close)
    on_uart_close                            0x000198c5   Thumb Code     8  app_uart.o(i.on_uart_close)
    i.on_uart_event                          0x000198cc   Section        0  app_uart.o(i.on_uart_event)
    on_uart_event                            0x000198cd   Thumb Code    54  app_uart.o(i.on_uart_event)
    i.on_uart_put                            0x00019904   Section        0  app_uart.o(i.on_uart_put)
    on_uart_put                              0x00019905   Thumb Code    16  app_uart.o(i.on_uart_put)
    i.peer_address_exists                    0x00019918   Section        0  ble_advertising.o(i.peer_address_exists)
    peer_address_exists                      0x00019919   Thumb Code    26  ble_advertising.o(i.peer_address_exists)
    i.pin_from_port_get                      0x00019934   Section        0  nrf_drv_gpiote.o(i.pin_from_port_get)
    pin_from_port_get                        0x00019935   Thumb Code     8  nrf_drv_gpiote.o(i.pin_from_port_get)
    i.pin_in_use_by_port                     0x00019940   Section        0  nrf_drv_gpiote.o(i.pin_in_use_by_port)
    pin_in_use_by_port                       0x00019941   Thumb Code    18  nrf_drv_gpiote.o(i.pin_in_use_by_port)
    i.power_manage                           0x00019958   Section        0  main.o(i.power_manage)
    power_manage                             0x00019959   Thumb Code    32  main.o(i.power_manage)
    i.pstorage_access_status_get             0x00019978   Section        0  pstorage.o(i.pstorage_access_status_get)
    i.rtc1_counter_get                       0x000199a4   Section        0  app_timer.o(i.rtc1_counter_get)
    rtc1_counter_get                         0x000199a5   Thumb Code     6  app_timer.o(i.rtc1_counter_get)
    i.rtc1_init                              0x000199b0   Section        0  app_timer.o(i.rtc1_init)
    rtc1_init                                0x000199b1   Thumb Code    18  app_timer.o(i.rtc1_init)
    i.rtc1_start                             0x000199c8   Section        0  app_timer.o(i.rtc1_start)
    rtc1_start                               0x000199c9   Thumb Code    48  app_timer.o(i.rtc1_start)
    i.rtc1_stop                              0x00019a04   Section        0  app_timer.o(i.rtc1_stop)
    rtc1_stop                                0x00019a05   Thumb Code    66  app_timer.o(i.rtc1_stop)
    i.rx_char_add                            0x00019a5c   Section        0  ble_nus.o(i.rx_char_add)
    rx_char_add                              0x00019a5d   Thumb Code   292  ble_nus.o(i.rx_char_add)
    i.service_data_encode                    0x00019b80   Section        0  ble_advdata.o(i.service_data_encode)
    service_data_encode                      0x00019b81   Thumb Code   140  ble_advdata.o(i.service_data_encode)
    i.services_init                          0x00019c0c   Section        0  main.o(i.services_init)
    i.softdevice_assertion_handler           0x00019c44   Section        0  softdevice_handler.o(i.softdevice_assertion_handler)
    i.softdevice_ble_evt_handler_set         0x00019c58   Section        0  softdevice_handler.o(i.softdevice_ble_evt_handler_set)
    i.softdevice_handler_init                0x00019c70   Section        0  softdevice_handler.o(i.softdevice_handler_init)
    i.srdata_check                           0x00019cd8   Section        0  ble_advdata.o(i.srdata_check)
    srdata_check                             0x00019cd9   Thumb Code    16  ble_advdata.o(i.srdata_check)
    i.ticks_diff_get                         0x00019ce8   Section        0  app_timer.o(i.ticks_diff_get)
    ticks_diff_get                           0x00019ce9   Thumb Code    10  app_timer.o(i.ticks_diff_get)
    i.timeout_handler_exec                   0x00019cf4   Section        0  app_timer.o(i.timeout_handler_exec)
    timeout_handler_exec                     0x00019cf5   Thumb Code    58  app_timer.o(i.timeout_handler_exec)
    i.timer_init                             0x00019d34   Section        0  timer_handler.o(i.timer_init)
    i.timer_list_handler                     0x00019d68   Section        0  app_timer.o(i.timer_list_handler)
    timer_list_handler                       0x00019d69   Thumb Code    76  app_timer.o(i.timer_list_handler)
    i.timer_list_handler_sched               0x00019dc0   Section        0  app_timer.o(i.timer_list_handler_sched)
    timer_list_handler_sched                 0x00019dc1   Thumb Code    10  app_timer.o(i.timer_list_handler_sched)
    i.timer_list_insert                      0x00019dcc   Section        0  app_timer.o(i.timer_list_insert)
    timer_list_insert                        0x00019dcd   Thumb Code   212  app_timer.o(i.timer_list_insert)
    i.timer_list_remove                      0x00019ea8   Section        0  app_timer.o(i.timer_list_remove)
    timer_list_remove                        0x00019ea9   Thumb Code   184  app_timer.o(i.timer_list_remove)
    i.timer_timeouts_check                   0x00019f74   Section        0  app_timer.o(i.timer_timeouts_check)
    timer_timeouts_check                     0x00019f75   Thumb Code   132  app_timer.o(i.timer_timeouts_check)
    i.timer_timeouts_check_sched             0x0001a010   Section        0  app_timer.o(i.timer_timeouts_check_sched)
    timer_timeouts_check_sched               0x0001a011   Thumb Code    10  app_timer.o(i.timer_timeouts_check_sched)
    i.tx_char_add                            0x0001a01a   Section        0  ble_nus.o(i.tx_char_add)
    tx_char_add                              0x0001a01b   Thumb Code   222  ble_nus.o(i.tx_char_add)
    i.tx_power_level_encode                  0x0001a0f8   Section        0  ble_advdata.o(i.tx_power_level_encode)
    tx_power_level_encode                    0x0001a0f9   Thumb Code    48  ble_advdata.o(i.tx_power_level_encode)
    i.uint16_encode                          0x0001a128   Section        0  ble_advdata.o(i.uint16_encode)
    uint16_encode                            0x0001a129   Thumb Code    18  ble_advdata.o(i.uint16_encode)
    i.update_timeout_handler                 0x0001a13c   Section        0  ble_conn_params.o(i.update_timeout_handler)
    update_timeout_handler                   0x0001a13d   Thumb Code   136  ble_conn_params.o(i.update_timeout_handler)
    i.uuid_list_encode                       0x0001a1d8   Section        0  ble_advdata.o(i.uuid_list_encode)
    uuid_list_encode                         0x0001a1d9   Thumb Code    64  ble_advdata.o(i.uuid_list_encode)
    i.uuid_list_sized_encode                 0x0001a218   Section        0  ble_advdata.o(i.uuid_list_sized_encode)
    uuid_list_sized_encode                   0x0001a219   Thumb Code   196  ble_advdata.o(i.uuid_list_sized_encode)
    i.whitelist_has_entries                  0x0001a2dc   Section        0  ble_advertising.o(i.whitelist_has_entries)
    whitelist_has_entries                    0x0001a2dd   Thumb Code    22  ble_advertising.o(i.whitelist_has_entries)
    .constdata                               0x0001a2f4   Section       32  main.o(.constdata)
    .constdata                               0x0001a314   Section       16  ble_nus.o(.constdata)
    .data                                    0x20002000   Section        4  system_nrf51.o(.data)
    __tagsym$$used                           0x20002000   Number         0  system_nrf51.o(.data)
    .data                                    0x20002004   Section       25  ble_conn_params.o(.data)
    m_preferred_conn_params                  0x20002004   Data           8  ble_conn_params.o(.data)
    m_update_count                           0x2000200c   Data           1  ble_conn_params.o(.data)
    m_conn_handle                            0x2000200e   Data           2  ble_conn_params.o(.data)
    m_current_conn_params                    0x20002010   Data           8  ble_conn_params.o(.data)
    m_conn_params_timer_id                   0x20002018   Data           4  ble_conn_params.o(.data)
    m_change_param                           0x2000201c   Data           1  ble_conn_params.o(.data)
    .data                                    0x20002020   Section       34  ble_advertising.o(.data)
    m_advertising_start_pending              0x20002020   Data           1  ble_advertising.o(.data)
    m_peer_address                           0x20002021   Data           7  ble_advertising.o(.data)
    m_adv_evt                                0x20002028   Data           1  ble_advertising.o(.data)
    m_evt_handler                            0x2000202c   Data           4  ble_advertising.o(.data)
    m_error_handler                          0x20002030   Data           4  ble_advertising.o(.data)
    m_adv_mode_current                       0x20002034   Data           1  ble_advertising.o(.data)
    m_direct_adv_cnt                         0x20002035   Data           1  ble_advertising.o(.data)
    m_whitelist_temporarily_disabled         0x20002036   Data           1  ble_advertising.o(.data)
    m_whitelist_reply_expected               0x20002037   Data           1  ble_advertising.o(.data)
    m_peer_addr_reply_expected               0x20002038   Data           1  ble_advertising.o(.data)
    m_slave_conn_int                         0x2000203a   Data           4  ble_advertising.o(.data)
    m_tx_power_level                         0x2000203e   Data           1  ble_advertising.o(.data)
    current_slave_link_conn_handle           0x20002040   Data           2  ble_advertising.o(.data)
    .data                                    0x20002044   Section       13  app_uart.o(.data)
    m_tx_byte                                0x20002044   Data           1  app_uart.o(.data)
    m_rx_byte                                0x20002046   Data           2  app_uart.o(.data)
    m_instance_counter                       0x20002048   Data           1  app_uart.o(.data)
    m_event_handler                          0x2000204c   Data           4  app_uart.o(.data)
    m_current_state                          0x20002050   Data           1  app_uart.o(.data)
    .data                                    0x20002054   Section       12  pstorage.o(.data)
    m_next_app_instance                      0x20002054   Data           2  pstorage.o(.data)
    m_next_page_addr                         0x20002058   Data           4  pstorage.o(.data)
    m_round_val                              0x2000205c   Data           2  pstorage.o(.data)
    m_module_initialized                     0x2000205e   Data           1  pstorage.o(.data)
    m_swap_state                             0x2000205f   Data           1  pstorage.o(.data)
    .data                                    0x20002060   Section       42  app_timer.o(.data)
    m_node_array_size                        0x20002060   Data           1  app_timer.o(.data)
    mp_nodes                                 0x20002064   Data           4  app_timer.o(.data)
    m_user_array_size                        0x20002068   Data           1  app_timer.o(.data)
    mp_users                                 0x2000206c   Data           4  app_timer.o(.data)
    m_timer_id_head                          0x20002070   Data           4  app_timer.o(.data)
    m_ticks_latest                           0x20002074   Data           4  app_timer.o(.data)
    m_ticks_elapsed                          0x20002078   Data           8  app_timer.o(.data)
    m_ticks_elapsed_q_read_ind               0x20002080   Data           1  app_timer.o(.data)
    m_ticks_elapsed_q_write_ind              0x20002081   Data           1  app_timer.o(.data)
    m_evt_schedule_func                      0x20002084   Data           4  app_timer.o(.data)
    m_rtc1_running                           0x20002088   Data           1  app_timer.o(.data)
    m_rtc1_reset                             0x20002089   Data           1  app_timer.o(.data)
    .data                                    0x2000208c   Section        8  retarget.o(.data)
    .data                                    0x20002094   Section       24  softdevice_handler.o(.data)
    m_evt_schedule_func                      0x20002094   Data           4  softdevice_handler.o(.data)
    m_softdevice_enabled                     0x20002098   Data           1  softdevice_handler.o(.data)
    mp_ble_evt_buffer                        0x2000209c   Data           4  softdevice_handler.o(.data)
    m_ble_evt_buffer_size                    0x200020a0   Data           2  softdevice_handler.o(.data)
    m_ble_evt_handler                        0x200020a4   Data           4  softdevice_handler.o(.data)
    m_sys_evt_handler                        0x200020a8   Data           4  softdevice_handler.o(.data)
    .bss                                     0x200020ac   Section      100  main.o(.bss)
    m_nus                                    0x200020ac   Data          28  main.o(.bss)
    BLE_EVT_BUFFER                           0x200020c8   Data          72  main.o(.bss)
    .bss                                     0x20002110   Section      656  timer_handler.o(.bss)
    APP_TIMER_BUF                            0x20002110   Data         656  timer_handler.o(.bss)
    .bss                                     0x200023a0   Section       28  ble_conn_params.o(.bss)
    m_conn_params_config                     0x200023a0   Data          28  ble_conn_params.o(.bss)
    .bss                                     0x200023bc   Section      247  ble_advertising.o(.bss)
    m_advdata                                0x200023bc   Data          48  ble_advertising.o(.bss)
    m_adv_modes_config                       0x200023ec   Data          32  ble_advertising.o(.bss)
    m_whitelist                              0x2000240c   Data          16  ble_advertising.o(.bss)
    mp_whitelist_addr                        0x2000241c   Data          32  ble_advertising.o(.bss)
    mp_whitelist_irk                         0x2000243c   Data          32  ble_advertising.o(.bss)
    m_manuf_specific_data                    0x2000245c   Data          12  ble_advertising.o(.bss)
    m_manuf_data_array                       0x20002468   Data          31  ble_advertising.o(.bss)
    m_service_data                           0x20002488   Data          12  ble_advertising.o(.bss)
    m_service_data_array                     0x20002494   Data          31  ble_advertising.o(.bss)
    .bss                                     0x200024b4   Section       60  nrf_drv_gpiote.o(.bss)
    m_cb                                     0x200024b4   Data          60  nrf_drv_gpiote.o(.bss)
    .bss                                     0x200024f0   Section      220  pstorage.o(.bss)
    m_cmd_queue                              0x200024f0   Data         204  pstorage.o(.bss)
    m_app_table                              0x200025bc   Data          16  pstorage.o(.bss)
    STACK                                    0x200025d0   Section     2048  arm_startup_nrf51.o(STACK)

    Global Symbols

    Symbol Name                              Value     Ov Type        Size  Object(Section)

    BuildAttributes$$THM_ISAv3M$S$PE$A:L22$X:L11$S22$IEEE1$IW$USESV6$~STKCKD$USESV7$~SHL$OSPACE$ROPI$EBA8$MICROLIB$REQ8$PRES8$EABIv2 0x00000000   Number         0  anon$$obj.o ABSOLUTE
    __ARM_use_no_argv                        0x00000000   Number         0  main.o ABSOLUTE
    __cpp_initialize__aeabi_                  - Undefined Weak Reference
    __cxa_finalize                            - Undefined Weak Reference
    __decompress                              - Undefined Weak Reference
    _clock_init                               - Undefined Weak Reference
    _microlib_exit                            - Undefined Weak Reference
    assert_nrf_callback                       - Undefined Weak Reference
    __Vectors_Size                           0x000000c0   Number         0  arm_startup_nrf51.o ABSOLUTE
    __Vectors                                0x00018000   Data           4  arm_startup_nrf51.o(RESET)
    __Vectors_End                            0x000180c0   Data           0  arm_startup_nrf51.o(RESET)
    __main                                   0x000180c1   Thumb Code     0  entry.o(.ARM.Collect$$$$00000000)
    _main_stk                                0x000180c1   Thumb Code     0  entry2.o(.ARM.Collect$$$$00000001)
    _main_scatterload                        0x000180c5   Thumb Code     0  entry5.o(.ARM.Collect$$$$00000004)
    __main_after_scatterload                 0x000180c9   Thumb Code     0  entry5.o(.ARM.Collect$$$$00000004)
    _main_clock                              0x000180c9   Thumb Code     0  entry7b.o(.ARM.Collect$$$$00000008)
    _main_cpp_init                           0x000180c9   Thumb Code     0  entry8b.o(.ARM.Collect$$$$0000000A)
    _main_init                               0x000180c9   Thumb Code     0  entry9a.o(.ARM.Collect$$$$0000000B)
    __rt_final_cpp                           0x000180d1   Thumb Code     0  entry10a.o(.ARM.Collect$$$$0000000D)
    __rt_final_exit                          0x000180d1   Thumb Code     0  entry11a.o(.ARM.Collect$$$$0000000F)
    __asm___11_app_timer_c_cd27f9c3__nrf_delay_us 0x000180d5   Thumb Code    30  app_timer.o(.emb_text)
    Reset_Handler                            0x000180f5   Thumb Code    26  arm_startup_nrf51.o(.text)
    NMI_Handler                              0x0001810f   Thumb Code     2  arm_startup_nrf51.o(.text)
    HardFault_Handler                        0x00018111   Thumb Code     2  arm_startup_nrf51.o(.text)
    SVC_Handler                              0x00018113   Thumb Code     2  arm_startup_nrf51.o(.text)
    PendSV_Handler                           0x00018115   Thumb Code     2  arm_startup_nrf51.o(.text)
    SysTick_Handler                          0x00018117   Thumb Code     2  arm_startup_nrf51.o(.text)
    ADC_IRQHandler                           0x00018119   Thumb Code     0  arm_startup_nrf51.o(.text)
    CCM_AAR_IRQHandler                       0x00018119   Thumb Code     0  arm_startup_nrf51.o(.text)
    ECB_IRQHandler                           0x00018119   Thumb Code     0  arm_startup_nrf51.o(.text)
    LPCOMP_IRQHandler                        0x00018119   Thumb Code     0  arm_startup_nrf51.o(.text)
    POWER_CLOCK_IRQHandler                   0x00018119   Thumb Code     0  arm_startup_nrf51.o(.text)
    QDEC_IRQHandler                          0x00018119   Thumb Code     0  arm_startup_nrf51.o(.text)
    RADIO_IRQHandler                         0x00018119   Thumb Code     0  arm_startup_nrf51.o(.text)
    RNG_IRQHandler                           0x00018119   Thumb Code     0  arm_startup_nrf51.o(.text)
    RTC0_IRQHandler                          0x00018119   Thumb Code     0  arm_startup_nrf51.o(.text)
    SPI0_TWI0_IRQHandler                     0x00018119   Thumb Code     0  arm_startup_nrf51.o(.text)
    SPI1_TWI1_IRQHandler                     0x00018119   Thumb Code     0  arm_startup_nrf51.o(.text)
    SWI1_IRQHandler                          0x00018119   Thumb Code     0  arm_startup_nrf51.o(.text)
    SWI3_IRQHandler                          0x00018119   Thumb Code     0  arm_startup_nrf51.o(.text)
    SWI4_IRQHandler                          0x00018119   Thumb Code     0  arm_startup_nrf51.o(.text)
    SWI5_IRQHandler                          0x00018119   Thumb Code     0  arm_startup_nrf51.o(.text)
    TEMP_IRQHandler                          0x00018119   Thumb Code     0  arm_startup_nrf51.o(.text)
    TIMER0_IRQHandler                        0x00018119   Thumb Code     0  arm_startup_nrf51.o(.text)
    TIMER1_IRQHandler                        0x00018119   Thumb Code     0  arm_startup_nrf51.o(.text)
    TIMER2_IRQHandler                        0x00018119   Thumb Code     0  arm_startup_nrf51.o(.text)
    WDT_IRQHandler                           0x00018119   Thumb Code     0  arm_startup_nrf51.o(.text)
    __aeabi_memcpy                           0x0001812d   Thumb Code    36  memcpya.o(.text)
    __aeabi_memcpy4                          0x0001812d   Thumb Code     0  memcpya.o(.text)
    __aeabi_memcpy8                          0x0001812d   Thumb Code     0  memcpya.o(.text)
    __aeabi_memset                           0x00018151   Thumb Code    14  memseta.o(.text)
    __aeabi_memset4                          0x00018151   Thumb Code     0  memseta.o(.text)
    __aeabi_memset8                          0x00018151   Thumb Code     0  memseta.o(.text)
    __aeabi_memclr                           0x0001815f   Thumb Code     4  memseta.o(.text)
    __aeabi_memclr4                          0x0001815f   Thumb Code     0  memseta.o(.text)
    __aeabi_memclr8                          0x0001815f   Thumb Code     0  memseta.o(.text)
    _memset$wrapper                          0x00018163   Thumb Code    18  memseta.o(.text)
    __scatterload                            0x00018175   Thumb Code    28  init.o(.text)
    __scatterload_rt2                        0x00018175   Thumb Code     0  init.o(.text)
    GPIOTE_IRQHandler                        0x00018199   Thumb Code   380  nrf_drv_gpiote.o(i.GPIOTE_IRQHandler)
    RTC1_IRQHandler                          0x000183d5   Thumb Code    34  app_timer.o(i.RTC1_IRQHandler)
    SWI0_IRQHandler                          0x000183fd   Thumb Code     8  app_timer.o(i.SWI0_IRQHandler)
    SWI2_IRQHandler                          0x00018405   Thumb Code    50  softdevice_handler.o(i.SWI2_IRQHandler)
    SystemInit                               0x0001843d   Thumb Code    38  system_nrf51.o(i.SystemInit)
    UART0_IRQHandler                         0x00018475   Thumb Code   148  app_uart.o(i.UART0_IRQHandler)
    __0printf$bare                           0x0001851d   Thumb Code    12  printfb.o(i.__0printf$bare)
    __1printf$bare                           0x0001851d   Thumb Code     0  printfb.o(i.__0printf$bare)
    __2printf                                0x0001851d   Thumb Code     0  printfb.o(i.__0printf$bare)
    __ARM_common_switch8                     0x00018531   Thumb Code    28  bsp.o(i.__ARM_common_switch8)
    __scatterload_copy                       0x0001854d   Thumb Code    14  handlers.o(i.__scatterload_copy)
    __scatterload_null                       0x0001855b   Thumb Code     2  handlers.o(i.__scatterload_null)
    __scatterload_zeroinit                   0x0001855d   Thumb Code    14  handlers.o(i.__scatterload_zeroinit)
    action_tx_stop                           0x000185c1   Thumb Code    28  app_uart.o(i.action_tx_stop)
    advertising_init                         0x00018759   Thumb Code    96  main.o(i.advertising_init)
    app_error_handler                        0x000187c1   Thumb Code    48  app_error.o(i.app_error_handler)
    app_timer_create                         0x000187f9   Thumb Code   108  app_timer.o(i.app_timer_create)
    app_timer_init                           0x0001886d   Thumb Code   204  app_timer.o(i.app_timer_init)
    app_uart_put                             0x0001895d   Thumb Code    32  app_uart.o(i.app_uart_put)
    ble_advdata_set                          0x000189cf   Thumb Code   122  ble_advdata.o(i.ble_advdata_set)
    ble_advertising_init                     0x00018a49   Thumb Code   364  ble_advertising.o(i.ble_advertising_init)
    ble_advertising_start                    0x00018bfd   Thumb Code   560  ble_advertising.o(i.ble_advertising_start)
    ble_conn_params_init                     0x00018e59   Thumb Code    90  ble_conn_params.o(i.ble_conn_params_init)
    ble_nus_init                             0x00018ed5   Thumb Code   128  ble_nus.o(i.ble_nus_init)
    ble_stack_init                           0x00018f59   Thumb Code   118  main.o(i.ble_stack_init)
    fputc                                    0x00019279   Thumb Code    16  retarget.o(i.fputc)
    gap_params_init                          0x00019289   Thumb Code   120  main.o(i.gap_params_init)
    intern_softdevice_events_execute         0x0001930d   Thumb Code   168  softdevice_handler.o(i.intern_softdevice_events_execute)
    main                                     0x0001965d   Thumb Code    70  main.o(i.main)
    pstorage_access_status_get               0x00019979   Thumb Code    36  pstorage.o(i.pstorage_access_status_get)
    services_init                            0x00019c0d   Thumb Code    46  main.o(i.services_init)
    softdevice_assertion_handler             0x00019c45   Thumb Code    18  softdevice_handler.o(i.softdevice_assertion_handler)
    softdevice_ble_evt_handler_set           0x00019c59   Thumb Code    18  softdevice_handler.o(i.softdevice_ble_evt_handler_set)
    softdevice_handler_init                  0x00019c71   Thumb Code    84  softdevice_handler.o(i.softdevice_handler_init)
    timer_init                               0x00019d35   Thumb Code    48  timer_handler.o(i.timer_init)
    Region$$Table$$Base                      0x0001a324   Number         0  anon$$obj.o(Region$$Table)
    Region$$Table$$Limit                     0x0001a344   Number         0  anon$$obj.o(Region$$Table)
    SystemCoreClock                          0x20002000   Data           4  system_nrf51.o(.data)
    __stdout                                 0x2000208c   Data           4  retarget.o(.data)
    __stdin                                  0x20002090   Data           4  retarget.o(.data)
    __initial_sp                             0x20002dd0   Data           0  arm_startup_nrf51.o(STACK)



==============================================================================

Memory Map of the image

  Image Entry point : 0x000180c1

  Load Region LR_IROM1 (Base: 0x00018000, Size: 0x000023f0, Max: 0x00028000, ABSOLUTE)

    Execution Region ER_IROM1 (Base: 0x00018000, Size: 0x00002344, Max: 0x00028000, ABSOLUTE)

    Base Addr    Size         Type   Attr      Idx    E Section Name        Object

    0x00018000   0x000000c0   Data   RO          365    RESET               arm_startup_nrf51.o
    0x000180c0   0x00000000   Code   RO         1749  * .ARM.Collect$$$$00000000  mc_p.l(entry.o)
    0x000180c0   0x00000004   Code   RO         2024    .ARM.Collect$$$$00000001  mc_p.l(entry2.o)
    0x000180c4   0x00000004   Code   RO         2027    .ARM.Collect$$$$00000004  mc_p.l(entry5.o)
    0x000180c8   0x00000000   Code   RO         2029    .ARM.Collect$$$$00000008  mc_p.l(entry7b.o)
    0x000180c8   0x00000000   Code   RO         2031    .ARM.Collect$$$$0000000A  mc_p.l(entry8b.o)
    0x000180c8   0x00000008   Code   RO         2032    .ARM.Collect$$$$0000000B  mc_p.l(entry9a.o)
    0x000180d0   0x00000000   Code   RO         2034    .ARM.Collect$$$$0000000D  mc_p.l(entry10a.o)
    0x000180d0   0x00000000   Code   RO         2036    .ARM.Collect$$$$0000000F  mc_p.l(entry11a.o)
    0x000180d0   0x00000004   Code   RO         2025    .ARM.Collect$$$$00002712  mc_p.l(entry2.o)
    0x000180d4   0x0000001e   Code   RO         1352    .emb_text           app_timer.o
    0x000180f2   0x00000002   PAD
    0x000180f4   0x00000038   Code   RO          366    .text               arm_startup_nrf51.o
    0x0001812c   0x00000024   Code   RO         1756    .text               mc_p.l(memcpya.o)
    0x00018150   0x00000024   Code   RO         1758    .text               mc_p.l(memseta.o)
    0x00018174   0x00000024   Code   RO         2051    .text               mc_p.l(init.o)
    0x00018198   0x00000188   Code   RO          812    i.GPIOTE_IRQHandler  nrf_drv_gpiote.o
    0x00018320   0x00000014   Code   RO         1353    i.NVIC_ClearPendingIRQ  app_timer.o
    0x00018334   0x00000014   Code   RO         1354    i.NVIC_EnableIRQ    app_timer.o
    0x00018348   0x00000014   Code   RO         1355    i.NVIC_SetPendingIRQ  app_timer.o
    0x0001835c   0x00000078   Code   RO         1356    i.NVIC_SetPriority  app_timer.o
    0x000183d4   0x00000028   Code   RO         1357    i.RTC1_IRQHandler   app_timer.o
    0x000183fc   0x00000008   Code   RO         1358    i.SWI0_IRQHandler   app_timer.o
    0x00018404   0x00000038   Code   RO         1693    i.SWI2_IRQHandler   softdevice_handler.o
    0x0001843c   0x00000038   Code   RO          373    i.SystemInit        system_nrf51.o
    0x00018474   0x000000a8   Code   RO         1052    i.UART0_IRQHandler  app_uart.o
    0x0001851c   0x00000014   Code   RO         1765    i.__0printf$bare    mc_p.l(printfb.o)
    0x00018530   0x0000001c   Code   RO          351    i.__ARM_common_switch8  bsp.o
    0x0001854c   0x0000000e   Code   RO         2065    i.__scatterload_copy  mc_p.l(handlers.o)
    0x0001855a   0x00000002   Code   RO         2066    i.__scatterload_null  mc_p.l(handlers.o)
    0x0001855c   0x0000000e   Code   RO         2067    i.__scatterload_zeroinit  mc_p.l(handlers.o)
    0x0001856a   0x0000001e   Code   RO         1772    i._printf_core      mc_p.l(printfb.o)
    0x00018588   0x00000008   Code   RO         1053    i.action_tx_ready   app_uart.o
    0x00018590   0x00000030   Code   RO         1054    i.action_tx_send    app_uart.o
    0x000185c0   0x00000028   Code   RO         1055    i.action_tx_stop    app_uart.o
    0x000185e8   0x00000024   Code   RO         1056    i.action_uart_deactivate  app_uart.o
    0x0001860c   0x00000136   Code   RO          436    i.adv_data_encode   ble_advdata.o
    0x00018742   0x00000014   Code   RO          437    i.advdata_check     ble_advdata.o
    0x00018756   0x00000002   PAD
    0x00018758   0x00000068   Code   RO            3    i.advertising_init  main.o
    0x000187c0   0x00000038   Code   RO         1326    i.app_error_handler  app_error.o
    0x000187f8   0x00000074   Code   RO         1361    i.app_timer_create  app_timer.o
    0x0001886c   0x000000f0   Code   RO         1362    i.app_timer_init    app_timer.o
    0x0001895c   0x00000028   Code   RO         1062    i.app_uart_put      app_uart.o
    0x00018984   0x0000004a   Code   RO          438    i.appearance_encode  ble_advdata.o
    0x000189ce   0x0000007a   Code   RO          439    i.ble_advdata_set   ble_advdata.o
    0x00018a48   0x000001a4   Code   RO          608    i.ble_advertising_init  ble_advertising.o
    0x00018bec   0x00000010   Code   RO          612    i.ble_advertising_peer_address_clear  ble_advertising.o
    0x00018bfc   0x0000025c   Code   RO          614    i.ble_advertising_start  ble_advertising.o
    0x00018e58   0x00000078   Code   RO          520    i.ble_conn_params_init  ble_conn_params.o
    0x00018ed0   0x00000002   Code   RO            4    i.ble_evt_handler   main.o
    0x00018ed2   0x00000002   PAD
    0x00018ed4   0x00000084   Code   RO          699    i.ble_nus_init      ble_nus.o
    0x00018f58   0x00000080   Code   RO            5    i.ble_stack_init    main.o
    0x00018fd8   0x00000010   Code   RO          814    i.channel_handler_get  nrf_drv_gpiote.o
    0x00018fe8   0x0000000c   Code   RO          816    i.channel_port_get  nrf_drv_gpiote.o
    0x00018ff4   0x00000090   Code   RO         1366    i.compare_reg_update  app_timer.o
    0x00019084   0x0000005c   Code   RO          440    i.conn_int_check    ble_advdata.o
    0x000190e0   0x0000005c   Code   RO          441    i.conn_int_encode   ble_advdata.o
    0x0001913c   0x00000014   Code   RO            6    i.conn_params_error_handler  main.o
    0x00019150   0x00000058   Code   RO            7    i.conn_params_init  main.o
    0x000191a8   0x00000064   Code   RO         1368    i.elapsed_ticks_acquire  app_timer.o
    0x0001920c   0x0000006c   Code   RO         1369    i.expired_timers_handler  app_timer.o
    0x00019278   0x00000010   Code   RO         1658    i.fputc             retarget.o
    0x00019288   0x00000084   Code   RO            9    i.gap_params_init   main.o
    0x0001930c   0x000000bc   Code   RO         1694    i.intern_softdevice_events_execute  softdevice_handler.o
    0x000193c8   0x00000038   Code   RO          374    i.is_disabled_in_debug_needed  system_nrf51.o
    0x00019400   0x0000006c   Code   RO          375    i.is_manual_peripheral_setup_needed  system_nrf51.o
    0x0001946c   0x000000c0   Code   RO         1370    i.list_deletions_handler  app_timer.o
    0x0001952c   0x00000130   Code   RO         1371    i.list_insertions_handler  app_timer.o
    0x0001965c   0x00000058   Code   RO           10    i.main              main.o
    0x000196b4   0x0000006a   Code   RO          442    i.manuf_specific_data_encode  ble_advdata.o
    0x0001971e   0x00000096   Code   RO          443    i.name_encode       ble_advdata.o
    0x000197b4   0x00000046   Code   RO          837    i.nrf_gpio_cfg_sense_set  nrf_drv_gpiote.o
    0x000197fa   0x00000002   PAD
    0x000197fc   0x0000000c   Code   RO          840    i.nrf_gpiote_event_addr_get  nrf_drv_gpiote.o
    0x00019808   0x00000010   Code   RO          841    i.nrf_gpiote_event_clear  nrf_drv_gpiote.o
    0x00019818   0x00000016   Code   RO          842    i.nrf_gpiote_event_is_set  nrf_drv_gpiote.o
    0x0001982e   0x00000002   Code   RO           11    i.nus_data_handler  main.o
    0x00019830   0x00000002   Code   RO           12    i.on_adv_evt        main.o
    0x00019832   0x00000002   Code   RO           13    i.on_conn_params_evt  main.o
    0x00019834   0x00000028   Code   RO         1064    i.on_cts_high       app_uart.o
    0x0001985c   0x0000003c   Code   RO         1065    i.on_cts_low        app_uart.o
    0x00019898   0x0000002c   Code   RO         1066    i.on_tx_ready       app_uart.o
    0x000198c4   0x00000008   Code   RO         1067    i.on_uart_close     app_uart.o
    0x000198cc   0x00000036   Code   RO         1068    i.on_uart_event     app_uart.o
    0x00019902   0x00000002   PAD
    0x00019904   0x00000014   Code   RO         1069    i.on_uart_put       app_uart.o
    0x00019918   0x0000001a   Code   RO          616    i.peer_address_exists  ble_advertising.o
    0x00019932   0x00000002   PAD
    0x00019934   0x0000000c   Code   RO          844    i.pin_from_port_get  nrf_drv_gpiote.o
    0x00019940   0x00000018   Code   RO          846    i.pin_in_use_by_port  nrf_drv_gpiote.o
    0x00019958   0x00000020   Code   RO           14    i.power_manage      main.o
    0x00019978   0x0000002c   Code   RO         1200    i.pstorage_access_status_get  pstorage.o
    0x000199a4   0x0000000c   Code   RO         1372    i.rtc1_counter_get  app_timer.o
    0x000199b0   0x00000018   Code   RO         1373    i.rtc1_init         app_timer.o
    0x000199c8   0x0000003c   Code   RO         1374    i.rtc1_start        app_timer.o
    0x00019a04   0x00000058   Code   RO         1375    i.rtc1_stop         app_timer.o
    0x00019a5c   0x00000124   Code   RO          705    i.rx_char_add       ble_nus.o
    0x00019b80   0x0000008c   Code   RO          444    i.service_data_encode  ble_advdata.o
    0x00019c0c   0x00000038   Code   RO           15    i.services_init     main.o
    0x00019c44   0x00000012   Code   RO         1695    i.softdevice_assertion_handler  softdevice_handler.o
    0x00019c56   0x00000002   PAD
    0x00019c58   0x00000018   Code   RO         1696    i.softdevice_ble_evt_handler_set  softdevice_handler.o
    0x00019c70   0x00000068   Code   RO         1697    i.softdevice_handler_init  softdevice_handler.o
    0x00019cd8   0x00000010   Code   RO          445    i.srdata_check      ble_advdata.o
    0x00019ce8   0x0000000a   Code   RO         1376    i.ticks_diff_get    app_timer.o
    0x00019cf2   0x00000002   PAD
    0x00019cf4   0x00000040   Code   RO         1377    i.timeout_handler_exec  app_timer.o
    0x00019d34   0x00000034   Code   RO          238    i.timer_init        timer_handler.o
    0x00019d68   0x00000058   Code   RO         1378    i.timer_list_handler  app_timer.o
    0x00019dc0   0x0000000a   Code   RO         1379    i.timer_list_handler_sched  app_timer.o
    0x00019dca   0x00000002   PAD
    0x00019dcc   0x000000dc   Code   RO         1380    i.timer_list_insert  app_timer.o
    0x00019ea8   0x000000cc   Code   RO         1381    i.timer_list_remove  app_timer.o
    0x00019f74   0x0000009c   Code   RO         1385    i.timer_timeouts_check  app_timer.o
    0x0001a010   0x0000000a   Code   RO         1386    i.timer_timeouts_check_sched  app_timer.o
    0x0001a01a   0x000000de   Code   RO          706    i.tx_char_add       ble_nus.o
    0x0001a0f8   0x00000030   Code   RO          446    i.tx_power_level_encode  ble_advdata.o
    0x0001a128   0x00000012   Code   RO          447    i.uint16_encode     ble_advdata.o
    0x0001a13a   0x00000002   PAD
    0x0001a13c   0x0000009c   Code   RO          529    i.update_timeout_handler  ble_conn_params.o
    0x0001a1d8   0x00000040   Code   RO          448    i.uuid_list_encode  ble_advdata.o
    0x0001a218   0x000000c4   Code   RO          449    i.uuid_list_sized_encode  ble_advdata.o
    0x0001a2dc   0x00000016   Code   RO          617    i.whitelist_has_entries  ble_advertising.o
    0x0001a2f2   0x00000002   PAD
    0x0001a2f4   0x00000020   Data   RO           17    .constdata          main.o
    0x0001a314   0x00000010   Data   RO          707    .constdata          ble_nus.o
    0x0001a324   0x00000020   Data   RO         2063    Region$$Table       anon$$obj.o


    Execution Region RW_IRAM1 (Base: 0x20002000, Size: 0x00000dd0, Max: 0x00006000, ABSOLUTE)

    Base Addr    Size         Type   Attr      Idx    E Section Name        Object

    0x20002000   0x00000004   Data   RW          376    .data               system_nrf51.o
    0x20002004   0x00000019   Data   RW          531    .data               ble_conn_params.o
    0x2000201d   0x00000003   PAD
    0x20002020   0x00000022   Data   RW          619    .data               ble_advertising.o
    0x20002042   0x00000002   PAD
    0x20002044   0x0000000d   Data   RW         1073    .data               app_uart.o
    0x20002051   0x00000003   PAD
    0x20002054   0x0000000c   Data   RW         1213    .data               pstorage.o
    0x20002060   0x0000002a   Data   RW         1390    .data               app_timer.o
    0x2000208a   0x00000002   PAD
    0x2000208c   0x00000008   Data   RW         1659    .data               retarget.o
    0x20002094   0x00000018   Data   RW         1700    .data               softdevice_handler.o
    0x200020ac   0x00000064   Zero   RW           16    .bss                main.o
    0x20002110   0x00000290   Zero   RW          239    .bss                timer_handler.o
    0x200023a0   0x0000001c   Zero   RW          530    .bss                ble_conn_params.o
    0x200023bc   0x000000f7   Zero   RW          618    .bss                ble_advertising.o
    0x200024b3   0x00000001   PAD
    0x200024b4   0x0000003c   Zero   RW          849    .bss                nrf_drv_gpiote.o
    0x200024f0   0x000000dc   Zero   RW         1212    .bss                pstorage.o
    0x200025cc   0x00000004   PAD
    0x200025d0   0x00000800   Zero   RW          363    STACK               arm_startup_nrf51.o


==============================================================================

Image component sizes


      Code (inc. data)   RO Data    RW Data    ZI Data      Debug   Object Name

        56          8          0          0          0       7344   app_error.o
      2408        284          0         42          0      27056   app_timer.o
       566        108          0         13          0       9163   app_uart.o
        56         18        192          0       2048        644   arm_startup_nrf51.o
      1448          4          0          0          0      13830   ble_advdata.o
      1088        104          0         34        247       9516   ble_advertising.o
       276         50          0         25         28       8795   ble_conn_params.o
       646          4         16          0          0       3407   ble_nus.o
        28          0          0          0          0         76   bsp.o
       656         68         32          0        100      75621   main.o
         0          0          0          0          0        716   nrf_drv_common.o
       576         36          0          0         60      14456   nrf_drv_gpiote.o
        44          8          0         12        220       6945   pstorage.o
        16          0          0          8          0       2658   retarget.o
       390         52          0         24          0       5067   softdevice_handler.o
       220         26          0          4          0       1771   system_nrf51.o
        52          4          0          0        656        821   timer_handler.o

    ----------------------------------------------------------------------
      8548        774        272        172       3364     187886   Object Totals
         0          0         32          0          0          0   (incl. Generated)
        22          0          0         10          5          0   (incl. Padding)

    ----------------------------------------------------------------------

      Code (inc. data)   RO Data    RW Data    ZI Data      Debug   Library Member Name

         0          0          0          0          0          0   entry.o
         0          0          0          0          0          0   entry10a.o
         0          0          0          0          0          0   entry11a.o
         8          4          0          0          0          0   entry2.o
         4          0          0          0          0          0   entry5.o
         0          0          0          0          0          0   entry7b.o
         0          0          0          0          0          0   entry8b.o
         8          4          0          0          0          0   entry9a.o
        30          0          0          0          0          0   handlers.o
        36          8          0          0          0         68   init.o
        36          0          0          0          0         60   memcpya.o
        36          0          0          0          0        100   memseta.o
        50          8          0          0          0        144   printfb.o

    ----------------------------------------------------------------------
       208         24          0          0          0        372   Library Totals
         0          0          0          0          0          0   (incl. Padding)

    ----------------------------------------------------------------------

      Code (inc. data)   RO Data    RW Data    ZI Data      Debug   Library Name

       208         24          0          0          0        372   mc_p.l

    ----------------------------------------------------------------------
       208         24          0          0          0        372   Library Totals

    ----------------------------------------------------------------------

==============================================================================


      Code (inc. data)   RO Data    RW Data    ZI Data      Debug   

      8756        798        272        172       3364     184134   Grand Totals
      8756        798        272        172       3364     184134   ELF Image Totals
      8756        798        272        172          0          0   ROM Totals

==============================================================================

    Total RO  Size (Code + RO Data)                 9028 (   8.82kB)
    Total RW  Size (RW Data + ZI Data)              3536 (   3.45kB)
    Total ROM Size (Code + RO Data + RW Data)       9200 (   8.98kB)

==============================================================================

