Component: ARM Compiler 5.05 update 2 (build 169) Tool: armlink [4d0f33]

==============================================================================

Section Cross References

    main.o(i.advertising_init) refers to memseta.o(.text) for __aeabi_memclr4
    main.o(i.advertising_init) refers to memcpya.o(.text) for __aeabi_memcpy4
    main.o(i.advertising_init) refers to ble_advertising.o(i.ble_advertising_init) for ble_advertising_init
    main.o(i.advertising_init) refers to app_error.o(i.app_error_handler) for app_error_handler
    main.o(i.advertising_init) refers to main.o(.constdata) for .constdata
    main.o(i.advertising_init) refers to main.o(i.on_adv_evt) for on_adv_evt
    main.o(i.ble_evt_handler) refers to ble_conn_params.o(i.ble_conn_params_on_ble_evt) for ble_conn_params_on_ble_evt
    main.o(i.ble_evt_handler) refers to ble_nus.o(i.ble_nus_on_ble_evt) for ble_nus_on_ble_evt
    main.o(i.ble_evt_handler) refers to main.o(i.on_ble_evt) for on_ble_evt
    main.o(i.ble_evt_handler) refers to ble_advertising.o(i.ble_advertising_on_ble_evt) for ble_advertising_on_ble_evt
    main.o(i.ble_evt_handler) refers to main.o(.bss) for m_nus
    main.o(i.ble_stack_init) refers to softdevice_handler.o(i.softdevice_handler_init) for softdevice_handler_init
    main.o(i.ble_stack_init) refers to app_error.o(i.app_error_handler) for app_error_handler
    main.o(i.ble_stack_init) refers to softdevice_handler.o(i.softdevice_ble_evt_handler_set) for softdevice_ble_evt_handler_set
    main.o(i.ble_stack_init) refers to main.o(.bss) for BLE_EVT_BUFFER
    main.o(i.ble_stack_init) refers to main.o(i.ble_evt_handler) for ble_evt_handler
    main.o(i.conn_params_error_handler) refers to app_error.o(i.app_error_handler) for app_error_handler
    main.o(i.conn_params_init) refers to ble_conn_params.o(i.ble_conn_params_init) for ble_conn_params_init
    main.o(i.conn_params_init) refers to app_error.o(i.app_error_handler) for app_error_handler
    main.o(i.conn_params_init) refers to main.o(i.conn_params_error_handler) for conn_params_error_handler
    main.o(i.conn_params_init) refers to main.o(i.on_conn_params_evt) for on_conn_params_evt
    main.o(i.data_send) refers to strlen.o(.text) for strlen
    main.o(i.data_send) refers to ble_nus.o(i.ble_nus_string_send) for ble_nus_string_send
    main.o(i.data_send) refers to app_error.o(i.app_error_handler) for app_error_handler
    main.o(i.data_send) refers to main.o(.data) for data_array
    main.o(i.data_send) refers to main.o(.bss) for m_nus
    main.o(i.gap_params_init) refers to app_error.o(i.app_error_handler) for app_error_handler
    main.o(i.main) refers to timer_handler.o(i.timer_init) for timer_init
    main.o(i.main) refers to printfb.o(i.__0printf$bare) for __2printf
    main.o(i.main) refers to main.o(i.ble_stack_init) for ble_stack_init
    main.o(i.main) refers to main.o(i.gap_params_init) for gap_params_init
    main.o(i.main) refers to main.o(i.services_init) for services_init
    main.o(i.main) refers to main.o(i.advertising_init) for advertising_init
    main.o(i.main) refers to main.o(i.conn_params_init) for conn_params_init
    main.o(i.main) refers to ble_advertising.o(i.ble_advertising_start) for ble_advertising_start
    main.o(i.main) refers to app_error.o(i.app_error_handler) for app_error_handler
    main.o(i.main) refers to main.o(i.power_manage) for power_manage
    main.o(i.main) refers to main.o(i.data_send) for data_send
    main.o(i.main) refers to nrf_delay.o(i.nrf_delay_ms) for nrf_delay_ms
    main.o(i.on_ble_evt) refers to app_error.o(i.app_error_handler) for app_error_handler
    main.o(i.on_ble_evt) refers to main.o(.data) for m_conn_handle
    main.o(i.power_manage) refers to app_error.o(i.app_error_handler) for app_error_handler
    main.o(i.services_init) refers to ble_nus.o(i.ble_nus_init) for ble_nus_init
    main.o(i.services_init) refers to app_error.o(i.app_error_handler) for app_error_handler
    main.o(i.services_init) refers to main.o(i.nus_data_handler) for nus_data_handler
    main.o(i.services_init) refers to main.o(.bss) for m_nus
    timer_handler.o(i.timer_init) refers to app_timer.o(i.app_timer_init) for app_timer_init
    timer_handler.o(i.timer_init) refers to app_error.o(i.app_error_handler) for app_error_handler
    timer_handler.o(i.timer_init) refers to timer_handler.o(.bss) for APP_TIMER_BUF
    bsp.o(i.bsp_button_event_handler) refers to app_timer.o(i.app_timer_start) for app_timer_start
    bsp.o(i.bsp_button_event_handler) refers to app_timer.o(i.app_timer_stop) for app_timer_stop
    bsp.o(i.bsp_button_event_handler) refers to bsp.o(.constdata) for m_buttons_list
    bsp.o(i.bsp_button_event_handler) refers to bsp.o(.bss) for m_events_list
    bsp.o(i.bsp_button_event_handler) refers to bsp.o(.data) for m_app_ticks_per_100ms
    bsp.o(i.bsp_button_is_pressed) refers to bsp.o(.constdata) for m_buttons_list
[...]
    printf3.o(i._printf_core) refers to uidiv.o(.text) for __aeabi_uidivmod
    printf4.o(i.__0fprintf$4) refers to printf4.o(i._printf_core) for _printf_core
    printf4.o(i.__0fprintf$4) refers to retarget.o(i.fputc) for fputc
    printf4.o(i.__0printf$4) refers to printf4.o(i._printf_core) for _printf_core
    printf4.o(i.__0printf$4) refers to retarget.o(i.fputc) for fputc
    printf4.o(i.__0printf$4) refers to retarget.o(.data) for __stdout
    printf4.o(i.__0snprintf$4) refers to printf4.o(i._printf_core) for _printf_core
    printf4.o(i.__0snprintf$4) refers to printf4.o(i._snputc) for _snputc
    printf4.o(i.__0sprintf$4) refers to printf4.o(i._printf_core) for _printf_core
    printf4.o(i.__0sprintf$4) refers to printf4.o(i._sputc) for _sputc
    printf4.o(i.__0vfprintf$4) refers to printf4.o(i._printf_core) for _printf_core
    printf4.o(i.__0vfprintf$4) refers to retarget.o(i.fputc) for fputc
    printf4.o(i.__0vprintf$4) refers to printf4.o(i._printf_core) for _printf_core
    printf4.o(i.__0vprintf$4) refers to retarget.o(i.fputc) for fputc
    printf4.o(i.__0vprintf$4) refers to retarget.o(.data) for __stdout
    printf4.o(i.__0vsnprintf$4) refers to printf4.o(i._printf_core) for _printf_core
    printf4.o(i.__0vsnprintf$4) refers to printf4.o(i._snputc) for _snputc
    printf4.o(i.__0vsprintf$4) refers to printf4.o(i._printf_core) for _printf_core
    printf4.o(i.__0vsprintf$4) refers to printf4.o(i._sputc) for _sputc
    printf4.o(i._printf_core) refers to uldiv.o(.text) for __aeabi_uldivmod
    printf5.o(i.__0fprintf$5) refers to printf5.o(i._printf_core) for _printf_core
    printf5.o(i.__0fprintf$5) refers to retarget.o(i.fputc) for fputc
    printf5.o(i.__0printf$5) refers to printf5.o(i._printf_core) for _printf_core
    printf5.o(i.__0printf$5) refers to retarget.o(i.fputc) for fputc
    printf5.o(i.__0printf$5) refers to retarget.o(.data) for __stdout
    printf5.o(i.__0snprintf$5) refers to printf5.o(i._printf_core) for _printf_core
    printf5.o(i.__0snprintf$5) refers to printf5.o(i._snputc) for _snputc
    printf5.o(i.__0sprintf$5) refers to printf5.o(i._printf_core) for _printf_core
    printf5.o(i.__0sprintf$5) refers to printf5.o(i._sputc) for _sputc
    printf5.o(i.__0vfprintf$5) refers to printf5.o(i._printf_core) for _printf_core
    printf5.o(i.__0vfprintf$5) refers to retarget.o(i.fputc) for fputc
    printf5.o(i.__0vprintf$5) refers to printf5.o(i._printf_core) for _printf_core
    printf5.o(i.__0vprintf$5) refers to retarget.o(i.fputc) for fputc
    printf5.o(i.__0vprintf$5) refers to retarget.o(.data) for __stdout
    printf5.o(i.__0vsnprintf$5) refers to printf5.o(i._printf_core) for _printf_core
    printf5.o(i.__0vsnprintf$5) refers to printf5.o(i._snputc) for _snputc
    printf5.o(i.__0vsprintf$5) refers to printf5.o(i._printf_core) for _printf_core
    printf5.o(i.__0vsprintf$5) refers to printf5.o(i._sputc) for _sputc
    printf5.o(i._printf_core) refers to uldiv.o(.text) for __aeabi_uldivmod
    printf6.o(i.__0fprintf$6) refers to printf6.o(i._printf_core) for _printf_core
    printf6.o(i.__0fprintf$6) refers to retarget.o(i.fputc) for fputc
    printf6.o(i.__0printf$6) refers to printf6.o(i._printf_core) for _printf_core
    printf6.o(i.__0printf$6) refers to retarget.o(i.fputc) for fputc
    printf6.o(i.__0printf$6) refers to retarget.o(.data) for __stdout
    printf6.o(i.__0snprintf$6) refers to printf6.o(i._printf_core) for _printf_core
    printf6.o(i.__0snprintf$6) refers to printf6.o(i._snputc) for _snputc
    printf6.o(i.__0sprintf$6) refers to printf6.o(i._printf_core) for _printf_core
    printf6.o(i.__0sprintf$6) refers to printf6.o(i._sputc) for _sputc
    printf6.o(i.__0vfprintf$6) refers to printf6.o(i._printf_core) for _printf_core
    printf6.o(i.__0vfprintf$6) refers to retarget.o(i.fputc) for fputc
    printf6.o(i.__0vprintf$6) refers to printf6.o(i._printf_core) for _printf_core
    printf6.o(i.__0vprintf$6) refers to retarget.o(i.fputc) for fputc
    printf6.o(i.__0vprintf$6) refers to retarget.o(.data) for __stdout
    printf6.o(i.__0vsnprintf$6) refers to printf6.o(i._printf_core) for _printf_core
    printf6.o(i.__0vsnprintf$6) refers to printf6.o(i._snputc) for _snputc
    printf6.o(i.__0vsprintf$6) refers to printf6.o(i._printf_core) for _printf_core
    printf6.o(i.__0vsprintf$6) refers to printf6.o(i._sputc) for _sputc
    printf6.o(i._printf_core) refers to printf6.o(i._printf_pre_padding) for _printf_pre_padding
    printf6.o(i._printf_core) refers to printf6.o(i._printf_post_padding) for _printf_post_padding
    printf6.o(i._printf_core) refers to uidiv.o(.text) for __aeabi_uidivmod
    printf7.o(i.__0fprintf$7) refers to printf7.o(i._printf_core) for _printf_core
    printf7.o(i.__0fprintf$7) refers to retarget.o(i.fputc) for fputc
    printf7.o(i.__0printf$7) refers to printf7.o(i._printf_core) for _printf_core
    printf7.o(i.__0printf$7) refers to retarget.o(i.fputc) for fputc
    printf7.o(i.__0printf$7) refers to retarget.o(.data) for __stdout
    printf7.o(i.__0snprintf$7) refers to printf7.o(i._printf_core) for _printf_core
    printf7.o(i.__0snprintf$7) refers to printf7.o(i._snputc) for _snputc
    printf7.o(i.__0sprintf$7) refers to printf7.o(i._printf_core) for _printf_core
    printf7.o(i.__0sprintf$7) refers to printf7.o(i._sputc) for _sputc
    printf7.o(i.__0vfprintf$7) refers to printf7.o(i._printf_core) for _printf_core
    printf7.o(i.__0vfprintf$7) refers to retarget.o(i.fputc) for fputc
    printf7.o(i.__0vprintf$7) refers to printf7.o(i._printf_core) for _printf_core
    printf7.o(i.__0vprintf$7) refers to retarget.o(i.fputc) for fputc
    printf7.o(i.__0vprintf$7) refers to retarget.o(.data) for __stdout
    printf7.o(i.__0vsnprintf$7) refers to printf7.o(i._printf_core) for _printf_core
    printf7.o(i.__0vsnprintf$7) refers to printf7.o(i._snputc) for _snputc
    printf7.o(i.__0vsprintf$7) refers to printf7.o(i._printf_core) for _printf_core
    printf7.o(i.__0vsprintf$7) refers to printf7.o(i._sputc) for _sputc
    printf7.o(i._printf_core) refers to printf7.o(i._printf_pre_padding) for _printf_pre_padding
    printf7.o(i._printf_core) refers to printf7.o(i._printf_post_padding) for _printf_post_padding
    printf7.o(i._printf_core) refers to uldiv.o(.text) for __aeabi_uldivmod
    printf8.o(i.__0fprintf$8) refers to printf8.o(i._printf_core) for _printf_core
    printf8.o(i.__0fprintf$8) refers to retarget.o(i.fputc) for fputc
    printf8.o(i.__0printf$8) refers to printf8.o(i._printf_core) for _printf_core
    printf8.o(i.__0printf$8) refers to retarget.o(i.fputc) for fputc
    printf8.o(i.__0printf$8) refers to retarget.o(.data) for __stdout
    printf8.o(i.__0snprintf$8) refers to printf8.o(i._printf_core) for _printf_core
    printf8.o(i.__0snprintf$8) refers to printf8.o(i._snputc) for _snputc
    printf8.o(i.__0sprintf$8) refers to printf8.o(i._printf_core) for _printf_core
    printf8.o(i.__0sprintf$8) refers to printf8.o(i._sputc) for _sputc
    printf8.o(i.__0vfprintf$8) refers to printf8.o(i._printf_core) for _printf_core
    printf8.o(i.__0vfprintf$8) refers to retarget.o(i.fputc) for fputc
    printf8.o(i.__0vprintf$8) refers to printf8.o(i._printf_core) for _printf_core
    printf8.o(i.__0vprintf$8) refers to retarget.o(i.fputc) for fputc
    printf8.o(i.__0vprintf$8) refers to retarget.o(.data) for __stdout
    printf8.o(i.__0vsnprintf$8) refers to printf8.o(i._printf_core) for _printf_core
    printf8.o(i.__0vsnprintf$8) refers to printf8.o(i._snputc) for _snputc
    printf8.o(i.__0vsprintf$8) refers to printf8.o(i._printf_core) for _printf_core
    printf8.o(i.__0vsprintf$8) refers to printf8.o(i._sputc) for _sputc
    printf8.o(i._printf_core) refers to printf8.o(i._printf_pre_padding) for _printf_pre_padding
    printf8.o(i._printf_core) refers to printf8.o(i._printf_post_padding) for _printf_post_padding
    printf8.o(i._printf_core) refers to uldiv.o(.text) for __aeabi_uldivmod
    printfa.o(i.__0fprintf) refers (Special) to iusefp.o(.text) for __I$use$fp
    printfa.o(i.__0fprintf) refers to printfa.o(i._printf_core) for _printf_core
    printfa.o(i.__0fprintf) refers to retarget.o(i.fputc) for fputc
    printfa.o(i.__0printf) refers (Special) to iusefp.o(.text) for __I$use$fp
    printfa.o(i.__0printf) refers to printfa.o(i._printf_core) for _printf_core
    printfa.o(i.__0printf) refers to retarget.o(i.fputc) for fputc
    printfa.o(i.__0printf) refers to retarget.o(.data) for __stdout
    printfa.o(i.__0snprintf) refers (Special) to iusefp.o(.text) for __I$use$fp
    printfa.o(i.__0snprintf) refers to printfa.o(i._printf_core) for _printf_core
    printfa.o(i.__0snprintf) refers to printfa.o(i._snputc) for _snputc
    printfa.o(i.__0sprintf) refers (Special) to iusefp.o(.text) for __I$use$fp
    printfa.o(i.__0sprintf) refers to printfa.o(i._printf_core) for _printf_core
    printfa.o(i.__0sprintf) refers to printfa.o(i._sputc) for _sputc
    printfa.o(i.__0vfprintf) refers (Special) to iusefp.o(.text) for __I$use$fp
    printfa.o(i.__0vfprintf) refers to printfa.o(i._printf_core) for _printf_core
    printfa.o(i.__0vfprintf) refers to retarget.o(i.fputc) for fputc
    printfa.o(i.__0vprintf) refers (Special) to iusefp.o(.text) for __I$use$fp
    printfa.o(i.__0vprintf) refers to printfa.o(i._printf_core) for _printf_core
    printfa.o(i.__0vprintf) refers to retarget.o(i.fputc) for fputc
    printfa.o(i.__0vprintf) refers to retarget.o(.data) for __stdout
    printfa.o(i.__0vsnprintf) refers (Special) to iusefp.o(.text) for __I$use$fp
    printfa.o(i.__0vsnprintf) refers to printfa.o(i._printf_core) for _printf_core
    printfa.o(i.__0vsnprintf) refers to printfa.o(i._snputc) for _snputc
    printfa.o(i.__0vsprintf) refers (Special) to iusefp.o(.text) for __I$use$fp
    printfa.o(i.__0vsprintf) refers to printfa.o(i._printf_core) for _printf_core
    printfa.o(i.__0vsprintf) refers to printfa.o(i._sputc) for _sputc
    printfa.o(i._fp_digits) refers (Special) to iusefp.o(.text) for __I$use$fp
    printfa.o(i._fp_digits) refers to dmul.o(.text) for __aeabi_dmul
    printfa.o(i._fp_digits) refers to ddiv.o(.text) for __aeabi_ddiv
    printfa.o(i._fp_digits) refers to cdrcmple.o(.text) for __aeabi_cdrcmple
    printfa.o(i._fp_digits) refers to dadd.o(.text) for __aeabi_dadd
    printfa.o(i._fp_digits) refers to dfixul.o(.text) for __aeabi_d2ulz
    printfa.o(i._fp_digits) refers to uldiv.o(.text) for __aeabi_uldivmod
    printfa.o(i._printf_core) refers (Special) to iusefp.o(.text) for __I$use$fp
    printfa.o(i._printf_core) refers to printfa.o(i._printf_pre_padding) for _printf_pre_padding
    printfa.o(i._printf_core) refers to uldiv.o(.text) for __aeabi_uldivmod
    printfa.o(i._printf_core) refers to printfa.o(i._printf_post_padding) for _printf_post_padding
    printfa.o(i._printf_core) refers to printfa.o(i._fp_digits) for _fp_digits
    printfa.o(i._printf_core) refers to uidiv.o(.text) for __aeabi_uidivmod
    printfa.o(i._printf_post_padding) refers (Special) to iusefp.o(.text) for __I$use$fp
    printfa.o(i._printf_pre_padding) refers (Special) to iusefp.o(.text) for __I$use$fp
    printfa.o(i._snputc) refers (Special) to iusefp.o(.text) for __I$use$fp
    printfa.o(i._sputc) refers (Special) to iusefp.o(.text) for __I$use$fp
    entry2.o(.ARM.Collect$$$$00000001) refers to entry2.o(.ARM.Collect$$$$00002712) for __lit__00000000
    entry2.o(.ARM.Collect$$$$00002712) refers to arm_startup_nrf51.o(STACK) for __initial_sp
    entry2.o(__vectab_stack_and_reset_area) refers to arm_startup_nrf51.o(STACK) for __initial_sp
    entry2.o(__vectab_stack_and_reset_area) refers to entry.o(.ARM.Collect$$$$00000000) for __main
    entry5.o(.ARM.Collect$$$$00000004) refers to init.o(.text) for __scatterload
    entry9a.o(.ARM.Collect$$$$0000000B) refers to main.o(i.main) for main
    entry9b.o(.ARM.Collect$$$$0000000C) refers to main.o(i.main) for main
    uldiv.o(.text) refers to llushr.o(.text) for __aeabi_llsr
    uldiv.o(.text) refers to llshl.o(.text) for __aeabi_llsl
    dadd.o(.text) refers to llshl.o(.text) for __aeabi_llsl
    dadd.o(.text) refers to llsshr.o(.text) for __aeabi_lasr
    dadd.o(.text) refers to depilogue.o(.text) for _double_epilogue
    dmul.o(.text) refers to depilogue.o(.text) for _double_epilogue
    ddiv.o(.text) refers to depilogue.o(.text) for _double_round
    dfixul.o(.text) refers to llushr.o(.text) for __aeabi_llsr
    dfixul.o(.text) refers to llshl.o(.text) for __aeabi_llsl
    init.o(.text) refers to entry5.o(.ARM.Collect$$$$00000004) for __main_after_scatterload
    depilogue.o(.text) refers to depilogue.o(i.__ARM_clz) for __ARM_clz
    depilogue.o(.text) refers to llshl.o(.text) for __aeabi_llsl
    depilogue.o(.text) refers to llushr.o(.text) for __aeabi_llsr


==============================================================================

Removing Unused input sections from the image.

    Removing main.o(.rev16_text), (4 bytes).
    Removing main.o(.revsh_text), (4 bytes).
    Removing main.o(.emb_text), (30 bytes).
    Removing timer_handler.o(.rev16_text), (4 bytes).
    Removing timer_handler.o(.revsh_text), (4 bytes).
    Removing bsp.o(.rev16_text), (4 bytes).
    Removing bsp.o(.revsh_text), (4 bytes).
    Removing bsp.o(i.alert_timer_handler), (36 bytes).
    Removing bsp.o(i.bsp_button_event_handler), (216 bytes).
    Removing bsp.o(i.bsp_button_is_pressed), (56 bytes).
    Removing bsp.o(i.bsp_buttons_disable), (8 bytes).
    Removing bsp.o(i.bsp_buttons_enable), (8 bytes).
    Removing bsp.o(i.bsp_buttons_state_get), (64 bytes).
    Removing bsp.o(i.bsp_event_to_button_action_assign), (92 bytes).
    Removing bsp.o(i.bsp_indication_set), (36 bytes).
    Removing bsp.o(i.bsp_indication_text_set), (18 bytes).
    Removing bsp.o(i.bsp_init), (212 bytes).
    Removing bsp.o(i.bsp_led_indication), (1260 bytes).
    Removing bsp.o(i.bsp_wakeup_buttons_set), (92 bytes).
    Removing bsp.o(i.button_timer_handler), (14 bytes).
    Removing bsp.o(i.leds_timer_handler), (36 bytes).
    Removing bsp.o(.bss), (12 bytes).
    Removing bsp.o(.constdata), (48 bytes).
    Removing bsp.o(.data), (33 bytes).
    Removing arm_startup_nrf51.o(HEAP), (2048 bytes).
    Removing system_nrf51.o(.rev16_text), (4 bytes).
    Removing system_nrf51.o(.revsh_text), (4 bytes).
    Removing system_nrf51.o(i.SystemCoreClockUpdate), (16 bytes).
    Removing ble_srv_common.o(i.ble_srv_ascii_to_utf8), (18 bytes).
    Removing ble_srv_common.o(i.ble_srv_report_ref_encode), (62 bytes).
    Removing ble_advertising.o(.rev16_text), (4 bytes).
    Removing ble_advertising.o(.revsh_text), (4 bytes).
    Removing ble_advertising.o(i.ble_advertising_on_sys_evt), (84 bytes).
    Removing ble_advertising.o(i.ble_advertising_peer_addr_reply), (60 bytes).
    Removing ble_advertising.o(i.ble_advertising_restart_without_whitelist), (96 bytes).
    Removing ble_advertising.o(i.ble_advertising_whitelist_reply), (104 bytes).
    Removing ble_conn_params.o(i.ble_conn_params_change_conn_params), (112 bytes).
    Removing ble_conn_params.o(i.ble_conn_params_stop), (16 bytes).
    Removing nrf_drv_common.o(.rev16_text), (4 bytes).
    Removing nrf_drv_common.o(.revsh_text), (4 bytes).
    Removing nrf_drv_common.o(i.NVIC_SetPriority), (120 bytes).
    Removing nrf_drv_common.o(i.nrf_drv_common_irq_enable), (56 bytes).
    Removing nrf_drv_gpiote.o(.rev16_text), (4 bytes).
    Removing nrf_drv_gpiote.o(.revsh_text), (4 bytes).
    Removing nrf_drv_gpiote.o(i.channel_free), (32 bytes).
    Removing nrf_drv_gpiote.o(i.channel_port_alloc), (120 bytes).
    Removing nrf_drv_gpiote.o(i.nrf_drv_gpiote_in_event_addr_get), (26 bytes).
    Removing nrf_drv_gpiote.o(i.nrf_drv_gpiote_in_event_disable), (128 bytes).
    Removing nrf_drv_gpiote.o(i.nrf_drv_gpiote_in_event_enable), (176 bytes).
    Removing nrf_drv_gpiote.o(i.nrf_drv_gpiote_in_init), (244 bytes).
    Removing nrf_drv_gpiote.o(i.nrf_drv_gpiote_in_is_set), (32 bytes).
    Removing nrf_drv_gpiote.o(i.nrf_drv_gpiote_in_uninit), (80 bytes).
    Removing nrf_drv_gpiote.o(i.nrf_drv_gpiote_init), (80 bytes).
    Removing nrf_drv_gpiote.o(i.nrf_drv_gpiote_is_init), (20 bytes).
    Removing nrf_drv_gpiote.o(i.nrf_drv_gpiote_out_clear), (12 bytes).
    Removing nrf_drv_gpiote.o(i.nrf_drv_gpiote_out_init), (240 bytes).
    Removing nrf_drv_gpiote.o(i.nrf_drv_gpiote_out_set), (12 bytes).
    Removing nrf_drv_gpiote.o(i.nrf_drv_gpiote_out_task_addr_get), (28 bytes).
    Removing nrf_drv_gpiote.o(i.nrf_drv_gpiote_out_task_disable), (48 bytes).
    Removing nrf_drv_gpiote.o(i.nrf_drv_gpiote_out_task_enable), (76 bytes).
    Removing nrf_drv_gpiote.o(i.nrf_drv_gpiote_out_task_force), (100 bytes).
    Removing nrf_drv_gpiote.o(i.nrf_drv_gpiote_out_task_trigger), (32 bytes).
    Removing nrf_drv_gpiote.o(i.nrf_drv_gpiote_out_toggle), (44 bytes).
    Removing nrf_drv_gpiote.o(i.nrf_drv_gpiote_out_uninit), (40 bytes).
    Removing nrf_drv_gpiote.o(i.nrf_drv_gpiote_uninit), (72 bytes).
    Removing nrf_drv_gpiote.o(i.nrf_gpio_cfg_default), (18 bytes).
    Removing nrf_drv_gpiote.o(i.nrf_gpio_pin_clear), (16 bytes).
    Removing nrf_drv_gpiote.o(i.nrf_gpio_pin_set), (16 bytes).
    Removing nrf_drv_gpiote.o(i.nrf_gpiote_int_enable), (12 bytes).
    Removing nrf_drv_gpiote.o(i.pin_in_use_by_gpiote), (28 bytes).
    Removing nrf_drv_gpiote.o(i.pin_in_use_by_te), (32 bytes).
    Removing nrf_drv_gpiote.o(i.pin_in_use_clear), (16 bytes).
    Removing nrf_delay.o(.rev16_text), (4 bytes).
    Removing nrf_delay.o(.revsh_text), (4 bytes).
    Removing app_uart.o(.rev16_text), (4 bytes).
    Removing app_uart.o(.revsh_text), (4 bytes).
    Removing app_uart.o(i.NVIC_SetPriority), (120 bytes).
    Removing app_uart.o(i.app_uart_close), (40 bytes).
    Removing app_uart.o(i.app_uart_flush), (4 bytes).
    Removing app_uart.o(i.app_uart_get), (44 bytes).
    Removing app_uart.o(i.app_uart_get_connection_state), (28 bytes).
    Removing app_uart.o(i.app_uart_init), (408 bytes).
    Removing app_uart.o(i.gpiote_uart_event_handler), (32 bytes).
    Removing app_uart.o(i.uart_no_flow_control_init), (64 bytes).
    Removing app_uart.o(i.uart_standard_flow_control_init), (64 bytes).
    Removing app_uart.o(.constdata), (8 bytes).
    Removing pstorage.o(.rev16_text), (4 bytes).
    Removing pstorage.o(.revsh_text), (4 bytes).
    Removing pstorage.o(i.app_notify), (40 bytes).
    Removing pstorage.o(i.cmd_process), (360 bytes).
    Removing pstorage.o(i.cmd_queue_dequeue), (44 bytes).
    Removing pstorage.o(i.cmd_queue_element_init), (60 bytes).
    Removing pstorage.o(i.cmd_queue_enqueue), (152 bytes).
    Removing pstorage.o(i.cmd_queue_init), (52 bytes).
    Removing pstorage.o(i.is_word_aligned), (18 bytes).
    Removing pstorage.o(i.pstorage_block_identifier_get), (144 bytes).
    Removing pstorage.o(i.pstorage_clear), (176 bytes).
    Removing pstorage.o(i.pstorage_flash_page_end), (40 bytes).
    Removing pstorage.o(i.pstorage_flash_page_size), (10 bytes).
    Removing pstorage.o(i.pstorage_init), (156 bytes).
    Removing pstorage.o(i.pstorage_load), (236 bytes).
    Removing pstorage.o(i.pstorage_register), (324 bytes).
    Removing pstorage.o(i.pstorage_store), (212 bytes).
    Removing pstorage.o(i.pstorage_sys_event_handler), (452 bytes).
    Removing pstorage.o(i.pstorage_update), (212 bytes).
    Removing pstorage.o(i.swap_state_process), (436 bytes).
    Removing app_button.o(.rev16_text), (4 bytes).
    Removing app_button.o(.revsh_text), (4 bytes).
    Removing app_button.o(i.app_button_disable), (52 bytes).
    Removing app_button.o(i.app_button_enable), (44 bytes).
    Removing app_button.o(i.app_button_init), (164 bytes).
    Removing app_button.o(i.app_button_is_pushed), (48 bytes).
    Removing app_button.o(i.detection_delay_timeout_handler), (140 bytes).
    Removing app_button.o(i.gpiote_event_handler), (128 bytes).
    Removing app_button.o(.constdata), (4 bytes).
    Removing app_button.o(.data), (24 bytes).
    Removing app_error.o(.rev16_text), (4 bytes).
    Removing app_error.o(.revsh_text), (4 bytes).
    Removing app_timer.o(.rev16_text), (4 bytes).
    Removing app_timer.o(.revsh_text), (4 bytes).
    Removing app_timer.o(i.app_timer_cnt_diff_compute), (22 bytes).
    Removing app_timer.o(i.app_timer_cnt_get), (14 bytes).
    Removing app_timer.o(i.app_timer_stop_all), (32 bytes).
    Removing app_timer.o(i.timer_stop_all_op_schedule), (64 bytes).
    Removing retarget.o(.rev16_text), (4 bytes).
    Removing retarget.o(.revsh_text), (4 bytes).
    Removing retarget.o(i.fgetc), (22 bytes).
    Removing softdevice_handler.o(.rev16_text), (4 bytes).
    Removing softdevice_handler.o(.revsh_text), (4 bytes).
    Removing softdevice_handler.o(i.softdevice_handler_sd_disable), (28 bytes).
    Removing softdevice_handler.o(i.softdevice_sys_evt_handler_set), (24 bytes).
    Removing dadd.o(.text), (356 bytes).
    Removing dmul.o(.text), (208 bytes).
    Removing ddiv.o(.text), (240 bytes).
    Removing dfixul.o(.text), (64 bytes).
    Removing cdrcmple.o(.text), (40 bytes).
    Removing depilogue.o(.text), (190 bytes).
    Removing depilogue.o(i.__ARM_clz), (46 bytes).

138 unused section(s) (total 12853 bytes) removed from the image.

==============================================================================

Image Symbol Table

    Local Symbols

    Symbol Name                              Value     Ov Type        Size  Object(Section)

    ../clib/microlib/division.c              0x00000000   Number         0  uidiv.o ABSOLUTE
    ../clib/microlib/division.c              0x00000000   Number         0  idiv.o ABSOLUTE
    ../clib/microlib/division.c              0x00000000   Number         0  uldiv.o ABSOLUTE
    ../clib/microlib/init/entry.s            0x00000000   Number         0  entry7b.o ABSOLUTE
    ../clib/microlib/init/entry.s            0x00000000   Number         0  entry8b.o ABSOLUTE
    ../clib/microlib/init/entry.s            0x00000000   Number         0  entry8a.o ABSOLUTE
    ../clib/microlib/init/entry.s            0x00000000   Number         0  entry9b.o ABSOLUTE
    ../clib/microlib/init/entry.s            0x00000000   Number         0  entry7a.o ABSOLUTE
    ../clib/microlib/init/entry.s            0x00000000   Number         0  entry5.o ABSOLUTE
    ../clib/microlib/init/entry.s            0x00000000   Number         0  entry11b.o ABSOLUTE
    ../clib/microlib/init/entry.s            0x00000000   Number         0  entry2.o ABSOLUTE
    ../clib/microlib/init/entry.s            0x00000000   Number         0  entry11a.o ABSOLUTE
    ../clib/microlib/init/entry.s            0x00000000   Number         0  entry10a.o ABSOLUTE
    ../clib/microlib/init/entry.s            0x00000000   Number         0  entry10b.o ABSOLUTE
    ../clib/microlib/init/entry.s            0x00000000   Number         0  entry9a.o ABSOLUTE
    ../clib/microlib/init/entry.s            0x00000000   Number         0  entry.o ABSOLUTE
    ../clib/microlib/longlong.c              0x00000000   Number         0  llsshr.o ABSOLUTE
    ../clib/microlib/longlong.c              0x00000000   Number         0  llushr.o ABSOLUTE
    ../clib/microlib/longlong.c              0x00000000   Number         0  llshl.o ABSOLUTE
    ../clib/microlib/printf/printf.c         0x00000000   Number         0  printf7.o ABSOLUTE
    ../clib/microlib/printf/printf.c         0x00000000   Number         0  printf6.o ABSOLUTE
    ../clib/microlib/printf/printf.c         0x00000000   Number         0  printf5.o ABSOLUTE
    ../clib/microlib/printf/printf.c         0x00000000   Number         0  printf3.o ABSOLUTE
    ../clib/microlib/printf/printf.c         0x00000000   Number         0  printf2.o ABSOLUTE
    ../clib/microlib/printf/printf.c         0x00000000   Number         0  printf1.o ABSOLUTE
    ../clib/microlib/printf/printf.c         0x00000000   Number         0  printf0.o ABSOLUTE
    ../clib/microlib/printf/printf.c         0x00000000   Number         0  printf4.o ABSOLUTE
    ../clib/microlib/printf/printf.c         0x00000000   Number         0  printfb.o ABSOLUTE
    ../clib/microlib/printf/printf.c         0x00000000   Number         0  printfa.o ABSOLUTE
    ../clib/microlib/printf/printf.c         0x00000000   Number         0  printf8.o ABSOLUTE
    ../clib/microlib/string/memcpy.c         0x00000000   Number         0  memcpya.o ABSOLUTE
    ../clib/microlib/string/memcpy.c         0x00000000   Number         0  memcpyb.o ABSOLUTE
    ../clib/microlib/string/memset.c         0x00000000   Number         0  memseta.o ABSOLUTE
    ../clib/microlib/string/strlen.c         0x00000000   Number         0  strlen.o ABSOLUTE
    ../clib/microlib/stubs.s                 0x00000000   Number         0  iusefp.o ABSOLUTE
    ../fplib/microlib/fpadd.c                0x00000000   Number         0  dadd.o ABSOLUTE
    ../fplib/microlib/fpdiv.c                0x00000000   Number         0  ddiv.o ABSOLUTE
    ../fplib/microlib/fpepilogue.c           0x00000000   Number         0  depilogue.o ABSOLUTE
    ../fplib/microlib/fpfix.c                0x00000000   Number         0  dfixul.o ABSOLUTE
    ../fplib/microlib/fpmul.c                0x00000000   Number         0  dmul.o ABSOLUTE
    C:\Keil_v5\ARM\PACK\NordicSemiconductor\nRF_BLE\3.0.0\ble_services\ble_nus\ble_nus.c 0x00000000   Number         0  ble_nus.o ABSOLUTE
    C:\Keil_v5\ARM\PACK\NordicSemiconductor\nRF_BLE\3.0.0\common\ble_srv_common.c 0x00000000   Number         0  ble_srv_common.o ABSOLUTE
    C:\Keil_v5\ARM\PACK\NordicSemiconductor\nRF_Drivers\3.0.0\common\nrf_drv_common.c 0x00000000   Number         0  nrf_drv_common.o ABSOLUTE
    C:\Keil_v5\ARM\PACK\NordicSemiconductor\nRF_Drivers\3.0.0\gpiote\nrf_drv_gpiote.c 0x00000000   Number         0  nrf_drv_gpiote.o ABSOLUTE
    C:\Keil_v5\ARM\PACK\NordicSemiconductor\nRF_Drivers\3.0.0\hal\nrf_delay.c 0x00000000   Number         0  nrf_delay.o ABSOLUTE
    C:\\Keil_v5\\ARM\\PACK\\NordicSemiconductor\\nRF_Drivers\\3.0.0\\common\\nrf_drv_common.c 0x00000000   Number         0  nrf_drv_common.o ABSOLUTE
    C:\\Keil_v5\\ARM\\PACK\\NordicSemiconductor\\nRF_Drivers\\3.0.0\\gpiote\\nrf_drv_gpiote.c 0x00000000   Number         0  nrf_drv_gpiote.o ABSOLUTE
    C:\\Keil_v5\\ARM\\PACK\\NordicSemiconductor\\nRF_Drivers\\3.0.0\\hal\\nrf_delay.c 0x00000000   Number         0  nrf_delay.o ABSOLUTE
    RTE\Board_Support\nRF51822_xxAA\bsp.c    0x00000000   Number         0  bsp.o ABSOLUTE
    RTE\Device\nRF51822_xxAA\arm_startup_nrf51.s 0x00000000   Number         0  arm_startup_nrf51.o ABSOLUTE
    RTE\Device\nRF51822_xxAA\system_nrf51.c  0x00000000   Number         0  system_nrf51.o ABSOLUTE
    RTE\\Board_Support\\nRF51822_xxAA\\bsp.c 0x00000000   Number         0  bsp.o ABSOLUTE
    RTE\\Device\\nRF51822_xxAA\\system_nrf51.c 0x00000000   Number         0  system_nrf51.o ABSOLUTE
    RTE\\nRF_BLE\\nRF51822_xxAA\\ble_advertising.c 0x00000000   Number         0  ble_advertising.o ABSOLUTE
    RTE\\nRF_Drivers\\nRF51822_xxAA\\app_uart.c 0x00000000   Number         0  app_uart.o ABSOLUTE
    RTE\\nRF_Drivers\\nRF51822_xxAA\\pstorage.c 0x00000000   Number         0  pstorage.o ABSOLUTE
    RTE\\nRF_Libraries\\nRF51822_xxAA\\app_button.c 0x00000000   Number         0  app_button.o ABSOLUTE
    RTE\\nRF_Libraries\\nRF51822_xxAA\\app_error.c 0x00000000   Number         0  app_error.o ABSOLUTE
    RTE\\nRF_Libraries\\nRF51822_xxAA\\app_timer.c 0x00000000   Number         0  app_timer.o ABSOLUTE
    RTE\\nRF_Libraries\\nRF51822_xxAA\\retarget.c 0x00000000   Number         0  retarget.o ABSOLUTE
    RTE\\nRF_SoftDevice\\nRF51822_xxAA\\softdevice_handler.c 0x00000000   Number         0  softdevice_handler.o ABSOLUTE
    RTE\nRF_BLE\nRF51822_xxAA\ble_advdata.c  0x00000000   Number         0  ble_advdata.o ABSOLUTE
    RTE\nRF_BLE\nRF51822_xxAA\ble_advertising.c 0x00000000   Number         0  ble_advertising.o ABSOLUTE
    RTE\nRF_BLE\nRF51822_xxAA\ble_conn_params.c 0x00000000   Number         0  ble_conn_params.o ABSOLUTE
    RTE\nRF_Drivers\nRF51822_xxAA\app_uart.c 0x00000000   Number         0  app_uart.o ABSOLUTE
    RTE\nRF_Drivers\nRF51822_xxAA\pstorage.c 0x00000000   Number         0  pstorage.o ABSOLUTE
    RTE\nRF_Libraries\nRF51822_xxAA\app_button.c 0x00000000   Number         0  app_button.o ABSOLUTE
    RTE\nRF_Libraries\nRF51822_xxAA\app_error.c 0x00000000   Number         0  app_error.o ABSOLUTE
    RTE\nRF_Libraries\nRF51822_xxAA\app_timer.c 0x00000000   Number         0  app_timer.o ABSOLUTE
    RTE\nRF_Libraries\nRF51822_xxAA\app_trace.c 0x00000000   Number         0  app_trace.o ABSOLUTE
    RTE\nRF_Libraries\nRF51822_xxAA\nrf_assert.c 0x00000000   Number         0  nrf_assert.o ABSOLUTE
    RTE\nRF_Libraries\nRF51822_xxAA\retarget.c 0x00000000   Number         0  retarget.o ABSOLUTE
    RTE\nRF_SoftDevice\nRF51822_xxAA\softdevice_handler.c 0x00000000   Number         0  softdevice_handler.o ABSOLUTE
    cdrcmple.s                               0x00000000   Number         0  cdrcmple.o ABSOLUTE
    dc.s                                     0x00000000   Number         0  dc.o ABSOLUTE
    handlers.s                               0x00000000   Number         0  handlers.o ABSOLUTE
    init.s                                   0x00000000   Number         0  init.o ABSOLUTE
    main.c                                   0x00000000   Number         0  main.o ABSOLUTE
    main.c                                   0x00000000   Number         0  main.o ABSOLUTE
    timer_handler.c                          0x00000000   Number         0  timer_handler.o ABSOLUTE
    timer_handler.c                          0x00000000   Number         0  timer_handler.o ABSOLUTE
    RESET                                    0x00018000   Section      192  arm_startup_nrf51.o(RESET)
    .ARM.Collect$$$$00000000                 0x000180c0   Section        0  entry.o(.ARM.Collect$$$$00000000)
    .ARM.Collect$$$$00000001                 0x000180c0   Section        4  entry2.o(.ARM.Collect$$$$00000001)
    .ARM.Collect$$$$00000004                 0x000180c4   Section        4  entry5.o(.ARM.Collect$$$$00000004)
    .ARM.Collect$$$$00000008                 0x000180c8   Section        0  entry7b.o(.ARM.Collect$$$$00000008)
    .ARM.Collect$$$$0000000A                 0x000180c8   Section        0  entry8b.o(.ARM.Collect$$$$0000000A)
    .ARM.Collect$$$$0000000B                 0x000180c8   Section        8  entry9a.o(.ARM.Collect$$$$0000000B)
    .ARM.Collect$$$$0000000D                 0x000180d0   Section        0  entry10a.o(.ARM.Collect$$$$0000000D)
    .ARM.Collect$$$$0000000F                 0x000180d0   Section        0  entry11a.o(.ARM.Collect$$$$0000000F)
    .ARM.Collect$$$$00002712                 0x000180d0   Section        4  entry2.o(.ARM.Collect$$$$00002712)
    __lit__00000000                          0x000180d0   Data           4  entry2.o(.ARM.Collect$$$$00002712)
    .emb_text                                0x000180d4   Section       30  nrf_delay.o(.emb_text)
    .emb_text                                0x000180f4   Section       30  app_timer.o(.emb_text)
    .text                                    0x00018114   Section       56  arm_startup_nrf51.o(.text)
    .text                                    0x0001814c   Section        0  memcpya.o(.text)
    .text                                    0x00018170   Section        0  memseta.o(.text)
    .text                                    0x00018194   Section        0  strlen.o(.text)
    .text                                    0x000181a4   Section       36  init.o(.text)
    i.GPIOTE_IRQHandler                      0x000181c8   Section        0  nrf_drv_gpiote.o(i.GPIOTE_IRQHandler)
    i.NVIC_ClearPendingIRQ                   0x00018350   Section        0  app_timer.o(i.NVIC_ClearPendingIRQ)
    NVIC_ClearPendingIRQ                     0x00018351   Thumb Code    14  app_timer.o(i.NVIC_ClearPendingIRQ)
    i.NVIC_EnableIRQ                         0x00018364   Section        0  app_timer.o(i.NVIC_EnableIRQ)
    NVIC_EnableIRQ                           0x00018365   Thumb Code    14  app_timer.o(i.NVIC_EnableIRQ)
    i.NVIC_SetPendingIRQ                     0x00018378   Section        0  app_timer.o(i.NVIC_SetPendingIRQ)
    NVIC_SetPendingIRQ                       0x00018379   Thumb Code    14  app_timer.o(i.NVIC_SetPendingIRQ)
    i.NVIC_SetPriority                       0x0001838c   Section        0  app_timer.o(i.NVIC_SetPriority)
    NVIC_SetPriority                         0x0001838d   Thumb Code   110  app_timer.o(i.NVIC_SetPriority)
    i.RTC1_IRQHandler                        0x00018404   Section        0  app_timer.o(i.RTC1_IRQHandler)
    i.SWI0_IRQHandler                        0x0001842c   Section        0  app_timer.o(i.SWI0_IRQHandler)
    i.SWI2_IRQHandler                        0x00018434   Section        0  softdevice_handler.o(i.SWI2_IRQHandler)
    i.SystemInit                             0x0001846c   Section        0  system_nrf51.o(i.SystemInit)
    i.UART0_IRQHandler                       0x000184a4   Section        0  app_uart.o(i.UART0_IRQHandler)
    i.__0printf$bare                         0x0001854c   Section        0  printfb.o(i.__0printf$bare)
    i.__ARM_common_switch8                   0x00018560   Section        0  bsp.o(i.__ARM_common_switch8)
    i.__scatterload_copy                     0x0001857c   Section       14  handlers.o(i.__scatterload_copy)
    i.__scatterload_null                     0x0001858a   Section        2  handlers.o(i.__scatterload_null)
    i.__scatterload_zeroinit                 0x0001858c   Section       14  handlers.o(i.__scatterload_zeroinit)
    i._printf_core                           0x0001859a   Section        0  printfb.o(i._printf_core)
    _printf_core                             0x0001859b   Thumb Code    30  printfb.o(i._printf_core)
    i.action_tx_ready                        0x000185b8   Section        0  app_uart.o(i.action_tx_ready)
    action_tx_ready                          0x000185b9   Thumb Code     8  app_uart.o(i.action_tx_ready)
    i.action_tx_send                         0x000185c0   Section        0  app_uart.o(i.action_tx_send)
    action_tx_send                           0x000185c1   Thumb Code    30  app_uart.o(i.action_tx_send)
    i.action_tx_stop                         0x000185f0   Section        0  app_uart.o(i.action_tx_stop)
    i.action_uart_deactivate                 0x00018618   Section        0  app_uart.o(i.action_uart_deactivate)
    action_uart_deactivate                   0x00018619   Thumb Code    22  app_uart.o(i.action_uart_deactivate)
    i.adv_data_encode                        0x0001863c   Section        0  ble_advdata.o(i.adv_data_encode)
    adv_data_encode                          0x0001863d   Thumb Code   310  ble_advdata.o(i.adv_data_encode)
    i.advdata_check                          0x00018772   Section        0  ble_advdata.o(i.advdata_check)
    advdata_check                            0x00018773   Thumb Code    20  ble_advdata.o(i.advdata_check)
    i.advertising_init                       0x00018788   Section        0  main.o(i.advertising_init)
    i.app_error_handler                      0x000187f0   Section        0  app_error.o(i.app_error_handler)
    i.app_timer_create                       0x00018828   Section        0  app_timer.o(i.app_timer_create)
    i.app_timer_init                         0x0001889c   Section        0  app_timer.o(i.app_timer_init)
    i.app_timer_start                        0x0001898c   Section        0  app_timer.o(i.app_timer_start)
    i.app_timer_stop                         0x000189f8   Section        0  app_timer.o(i.app_timer_stop)
    i.app_uart_put                           0x00018a3c   Section        0  app_uart.o(i.app_uart_put)
    i.appearance_encode                      0x00018a64   Section        0  ble_advdata.o(i.appearance_encode)
    appearance_encode                        0x00018a65   Thumb Code    74  ble_advdata.o(i.appearance_encode)
    i.ble_advdata_set                        0x00018aae   Section        0  ble_advdata.o(i.ble_advdata_set)
    i.ble_advertising_init                   0x00018b28   Section        0  ble_advertising.o(i.ble_advertising_init)
    i.ble_advertising_on_ble_evt             0x00018ccc   Section        0  ble_advertising.o(i.ble_advertising_on_ble_evt)
    i.ble_advertising_peer_address_clear     0x00018e00   Section        0  ble_advertising.o(i.ble_advertising_peer_address_clear)
    ble_advertising_peer_address_clear       0x00018e01   Thumb Code    12  ble_advertising.o(i.ble_advertising_peer_address_clear)
    i.ble_advertising_start                  0x00018e10   Section        0  ble_advertising.o(i.ble_advertising_start)
    i.ble_conn_params_init                   0x0001906c   Section        0  ble_conn_params.o(i.ble_conn_params_init)
    i.ble_conn_params_on_ble_evt             0x000190e4   Section        0  ble_conn_params.o(i.ble_conn_params_on_ble_evt)
    i.ble_evt_handler                        0x00019124   Section        0  main.o(i.ble_evt_handler)
    ble_evt_handler                          0x00019125   Thumb Code    32  main.o(i.ble_evt_handler)
    i.ble_nus_init                           0x00019148   Section        0  ble_nus.o(i.ble_nus_init)
    i.ble_nus_on_ble_evt                     0x000191cc   Section        0  ble_nus.o(i.ble_nus_on_ble_evt)
    i.ble_nus_string_send                    0x00019214   Section        0  ble_nus.o(i.ble_nus_string_send)
    i.ble_stack_init                         0x0001926c   Section        0  main.o(i.ble_stack_init)
    i.channel_handler_get                    0x000192ec   Section        0  nrf_drv_gpiote.o(i.channel_handler_get)
    channel_handler_get                      0x000192ed   Thumb Code    10  nrf_drv_gpiote.o(i.channel_handler_get)
    i.channel_port_get                       0x000192fc   Section        0  nrf_drv_gpiote.o(i.channel_port_get)
    channel_port_get                         0x000192fd   Thumb Code     8  nrf_drv_gpiote.o(i.channel_port_get)
    i.compare_reg_update                     0x00019308   Section        0  app_timer.o(i.compare_reg_update)
    compare_reg_update                       0x00019309   Thumb Code   124  app_timer.o(i.compare_reg_update)
    i.conn_int_check                         0x00019398   Section        0  ble_advdata.o(i.conn_int_check)
    conn_int_check                           0x00019399   Thumb Code    88  ble_advdata.o(i.conn_int_check)
    i.conn_int_encode                        0x000193f4   Section        0  ble_advdata.o(i.conn_int_encode)
    conn_int_encode                          0x000193f5   Thumb Code    92  ble_advdata.o(i.conn_int_encode)
    i.conn_params_error_handler              0x00019450   Section        0  main.o(i.conn_params_error_handler)
    conn_params_error_handler                0x00019451   Thumb Code    20  main.o(i.conn_params_error_handler)
    i.conn_params_init                       0x00019464   Section        0  main.o(i.conn_params_init)
    conn_params_init                         0x00019465   Thumb Code    76  main.o(i.conn_params_init)
    i.conn_params_negotiation                0x000194b8   Section        0  ble_conn_params.o(i.conn_params_negotiation)
    conn_params_negotiation                  0x000194b9   Thumb Code   126  ble_conn_params.o(i.conn_params_negotiation)
    i.current_int_priority_get               0x0001954c   Section        0  app_timer.o(i.current_int_priority_get)
    current_int_priority_get                 0x0001954d   Thumb Code    84  app_timer.o(i.current_int_priority_get)
    i.data_send                              0x000195a8   Section        0  main.o(i.data_send)
    i.elapsed_ticks_acquire                  0x000195e0   Section        0  app_timer.o(i.elapsed_ticks_acquire)
    elapsed_ticks_acquire                    0x000195e1   Thumb Code    82  app_timer.o(i.elapsed_ticks_acquire)
    i.expired_timers_handler                 0x00019644   Section        0  app_timer.o(i.expired_timers_handler)
    expired_timers_handler                   0x00019645   Thumb Code   100  app_timer.o(i.expired_timers_handler)
    i.fputc                                  0x000196b0   Section        0  retarget.o(i.fputc)
    i.gap_params_init                        0x000196c0   Section        0  main.o(i.gap_params_init)
    i.intern_softdevice_events_execute       0x00019744   Section        0  softdevice_handler.o(i.intern_softdevice_events_execute)
    i.is_conn_params_ok                      0x00019800   Section        0  ble_conn_params.o(i.is_conn_params_ok)
    is_conn_params_ok                        0x00019801   Thumb Code    30  ble_conn_params.o(i.is_conn_params_ok)
    i.is_disabled_in_debug_needed            0x00019824   Section        0  system_nrf51.o(i.is_disabled_in_debug_needed)
    is_disabled_in_debug_needed              0x00019825   Thumb Code    52  system_nrf51.o(i.is_disabled_in_debug_needed)
    i.is_manual_peripheral_setup_needed      0x0001985c   Section        0  system_nrf51.o(i.is_manual_peripheral_setup_needed)
    is_manual_peripheral_setup_needed        0x0001985d   Thumb Code   104  system_nrf51.o(i.is_manual_peripheral_setup_needed)
    i.list_deletions_handler                 0x000198c8   Section        0  app_timer.o(i.list_deletions_handler)
    list_deletions_handler                   0x000198c9   Thumb Code   176  app_timer.o(i.list_deletions_handler)
    i.list_insertions_handler                0x00019988   Section        0  app_timer.o(i.list_insertions_handler)
    list_insertions_handler                  0x00019989   Thumb Code   276  app_timer.o(i.list_insertions_handler)
    i.main                                   0x00019ab8   Section        0  main.o(i.main)
    i.manuf_specific_data_encode             0x00019b18   Section        0  ble_advdata.o(i.manuf_specific_data_encode)
    manuf_specific_data_encode               0x00019b19   Thumb Code   106  ble_advdata.o(i.manuf_specific_data_encode)
    i.name_encode                            0x00019b82   Section        0  ble_advdata.o(i.name_encode)
    name_encode                              0x00019b83   Thumb Code   150  ble_advdata.o(i.name_encode)
    i.nrf_delay_ms                           0x00019c18   Section        0  nrf_delay.o(i.nrf_delay_ms)
    i.nrf_gpio_cfg_sense_set                 0x00019c34   Section        0  nrf_drv_gpiote.o(i.nrf_gpio_cfg_sense_set)
    nrf_gpio_cfg_sense_set                   0x00019c35   Thumb Code    70  nrf_drv_gpiote.o(i.nrf_gpio_cfg_sense_set)
    i.nrf_gpiote_event_addr_get              0x00019c7c   Section        0  nrf_drv_gpiote.o(i.nrf_gpiote_event_addr_get)
    nrf_gpiote_event_addr_get                0x00019c7d   Thumb Code     8  nrf_drv_gpiote.o(i.nrf_gpiote_event_addr_get)
    i.nrf_gpiote_event_clear                 0x00019c88   Section        0  nrf_drv_gpiote.o(i.nrf_gpiote_event_clear)
    nrf_gpiote_event_clear                   0x00019c89   Thumb Code    16  nrf_drv_gpiote.o(i.nrf_gpiote_event_clear)
    i.nrf_gpiote_event_is_set                0x00019c98   Section        0  nrf_drv_gpiote.o(i.nrf_gpiote_event_is_set)
    nrf_gpiote_event_is_set                  0x00019c99   Thumb Code    22  nrf_drv_gpiote.o(i.nrf_gpiote_event_is_set)
    i.nus_data_handler                       0x00019cae   Section        0  main.o(i.nus_data_handler)
    nus_data_handler                         0x00019caf   Thumb Code     2  main.o(i.nus_data_handler)
    i.on_adv_evt                             0x00019cb0   Section        0  main.o(i.on_adv_evt)
    on_adv_evt                               0x00019cb1   Thumb Code     2  main.o(i.on_adv_evt)
    i.on_ble_evt                             0x00019cb4   Section        0  main.o(i.on_ble_evt)
    on_ble_evt                               0x00019cb5   Thumb Code   128  main.o(i.on_ble_evt)
    i.on_conn_params_evt                     0x00019d38   Section        0  main.o(i.on_conn_params_evt)
    on_conn_params_evt                       0x00019d39   Thumb Code     2  main.o(i.on_conn_params_evt)
    i.on_conn_params_update                  0x00019d3c   Section        0  ble_conn_params.o(i.on_conn_params_update)
    on_conn_params_update                    0x00019d3d   Thumb Code    20  ble_conn_params.o(i.on_conn_params_update)
    i.on_connect                             0x00019d54   Section        0  ble_nus.o(i.on_connect)
    on_connect                               0x00019d55   Thumb Code     6  ble_nus.o(i.on_connect)
    i.on_connect                             0x00019d5c   Section        0  ble_conn_params.o(i.on_connect)
    on_connect                               0x00019d5d   Thumb Code    42  ble_conn_params.o(i.on_connect)
    i.on_cts_high                            0x00019d98   Section        0  app_uart.o(i.on_cts_high)
    on_cts_high                              0x00019d99   Thumb Code    36  app_uart.o(i.on_cts_high)
    i.on_cts_low                             0x00019dc0   Section        0  app_uart.o(i.on_cts_low)
    on_cts_low                               0x00019dc1   Thumb Code    46  app_uart.o(i.on_cts_low)
    i.on_disconnect                          0x00019dfc   Section        0  ble_nus.o(i.on_disconnect)
    on_disconnect                            0x00019dfd   Thumb Code     8  ble_nus.o(i.on_disconnect)
    i.on_disconnect                          0x00019e04   Section        0  ble_conn_params.o(i.on_disconnect)
    on_disconnect                            0x00019e05   Thumb Code    50  ble_conn_params.o(i.on_disconnect)
    i.on_tx_ready                            0x00019e48   Section        0  app_uart.o(i.on_tx_ready)
    on_tx_ready                              0x00019e49   Thumb Code    38  app_uart.o(i.on_tx_ready)
    i.on_uart_close                          0x00019e74   Section        0  app_uart.o(i.on_uart_close)
    on_uart_close                            0x00019e75   Thumb Code     8  app_uart.o(i.on_uart_close)
    i.on_uart_event                          0x00019e7c   Section        0  app_uart.o(i.on_uart_event)
    on_uart_event                            0x00019e7d   Thumb Code    54  app_uart.o(i.on_uart_event)
    i.on_uart_put                            0x00019eb4   Section        0  app_uart.o(i.on_uart_put)
    on_uart_put                              0x00019eb5   Thumb Code    16  app_uart.o(i.on_uart_put)
    i.on_write                               0x00019ec8   Section        0  ble_nus.o(i.on_write)
    on_write                                 0x00019ec9   Thumb Code    84  ble_nus.o(i.on_write)
    i.on_write                               0x00019f1c   Section        0  ble_conn_params.o(i.on_write)
    on_write                                 0x00019f1d   Thumb Code    84  ble_conn_params.o(i.on_write)
    i.peer_address_exists                    0x00019f78   Section        0  ble_advertising.o(i.peer_address_exists)
    peer_address_exists                      0x00019f79   Thumb Code    26  ble_advertising.o(i.peer_address_exists)
    i.pin_from_port_get                      0x00019f94   Section        0  nrf_drv_gpiote.o(i.pin_from_port_get)
    pin_from_port_get                        0x00019f95   Thumb Code     8  nrf_drv_gpiote.o(i.pin_from_port_get)
    i.pin_in_use_by_port                     0x00019fa0   Section        0  nrf_drv_gpiote.o(i.pin_in_use_by_port)
    pin_in_use_by_port                       0x00019fa1   Thumb Code    18  nrf_drv_gpiote.o(i.pin_in_use_by_port)
    i.power_manage                           0x00019fb8   Section        0  main.o(i.power_manage)
    power_manage                             0x00019fb9   Thumb Code    32  main.o(i.power_manage)
    i.pstorage_access_status_get             0x00019fd8   Section        0  pstorage.o(i.pstorage_access_status_get)
    i.rtc1_counter_get                       0x0001a004   Section        0  app_timer.o(i.rtc1_counter_get)
    rtc1_counter_get                         0x0001a005   Thumb Code     6  app_timer.o(i.rtc1_counter_get)
    i.rtc1_init                              0x0001a010   Section        0  app_timer.o(i.rtc1_init)
    rtc1_init                                0x0001a011   Thumb Code    18  app_timer.o(i.rtc1_init)
    i.rtc1_start                             0x0001a028   Section        0  app_timer.o(i.rtc1_start)
    rtc1_start                               0x0001a029   Thumb Code    48  app_timer.o(i.rtc1_start)
    i.rtc1_stop                              0x0001a064   Section        0  app_timer.o(i.rtc1_stop)
    rtc1_stop                                0x0001a065   Thumb Code    66  app_timer.o(i.rtc1_stop)
    i.rx_char_add                            0x0001a0bc   Section        0  ble_nus.o(i.rx_char_add)
    rx_char_add                              0x0001a0bd   Thumb Code   292  ble_nus.o(i.rx_char_add)
    i.service_data_encode                    0x0001a1e0   Section        0  ble_advdata.o(i.service_data_encode)
    service_data_encode                      0x0001a1e1   Thumb Code   140  ble_advdata.o(i.service_data_encode)
    i.services_init                          0x0001a26c   Section        0  main.o(i.services_init)
    i.softdevice_assertion_handler           0x0001a2a4   Section        0  softdevice_handler.o(i.softdevice_assertion_handler)
    i.softdevice_ble_evt_handler_set         0x0001a2b8   Section        0  softdevice_handler.o(i.softdevice_ble_evt_handler_set)
    i.softdevice_handler_init                0x0001a2d0   Section        0  softdevice_handler.o(i.softdevice_handler_init)
    i.srdata_check                           0x0001a338   Section        0  ble_advdata.o(i.srdata_check)
    srdata_check                             0x0001a339   Thumb Code    16  ble_advdata.o(i.srdata_check)
    i.ticks_diff_get                         0x0001a348   Section        0  app_timer.o(i.ticks_diff_get)
    ticks_diff_get                           0x0001a349   Thumb Code    10  app_timer.o(i.ticks_diff_get)
    i.timeout_handler_exec                   0x0001a354   Section        0  app_timer.o(i.timeout_handler_exec)
    timeout_handler_exec                     0x0001a355   Thumb Code    58  app_timer.o(i.timeout_handler_exec)
    i.timer_init                             0x0001a394   Section        0  timer_handler.o(i.timer_init)
    i.timer_list_handler                     0x0001a3c8   Section        0  app_timer.o(i.timer_list_handler)
    timer_list_handler                       0x0001a3c9   Thumb Code    76  app_timer.o(i.timer_list_handler)
    i.timer_list_handler_sched               0x0001a420   Section        0  app_timer.o(i.timer_list_handler_sched)
    timer_list_handler_sched                 0x0001a421   Thumb Code    10  app_timer.o(i.timer_list_handler_sched)
    i.timer_list_insert                      0x0001a42c   Section        0  app_timer.o(i.timer_list_insert)
    timer_list_insert                        0x0001a42d   Thumb Code   212  app_timer.o(i.timer_list_insert)
    i.timer_list_remove                      0x0001a508   Section        0  app_timer.o(i.timer_list_remove)
    timer_list_remove                        0x0001a509   Thumb Code   184  app_timer.o(i.timer_list_remove)
    i.timer_start_op_schedule                0x0001a5d4   Section        0  app_timer.o(i.timer_start_op_schedule)
    timer_start_op_schedule                  0x0001a5d5   Thumb Code    80  app_timer.o(i.timer_start_op_schedule)
    i.timer_stop_op_schedule                 0x0001a628   Section        0  app_timer.o(i.timer_stop_op_schedule)
    timer_stop_op_schedule                   0x0001a629   Thumb Code    58  app_timer.o(i.timer_stop_op_schedule)
    i.timer_timeouts_check                   0x0001a668   Section        0  app_timer.o(i.timer_timeouts_check)
    timer_timeouts_check                     0x0001a669   Thumb Code   132  app_timer.o(i.timer_timeouts_check)
    i.timer_timeouts_check_sched             0x0001a704   Section        0  app_timer.o(i.timer_timeouts_check_sched)
    timer_timeouts_check_sched               0x0001a705   Thumb Code    10  app_timer.o(i.timer_timeouts_check_sched)
    i.tx_char_add                            0x0001a70e   Section        0  ble_nus.o(i.tx_char_add)
    tx_char_add                              0x0001a70f   Thumb Code   222  ble_nus.o(i.tx_char_add)
    i.tx_power_level_encode                  0x0001a7ec   Section        0  ble_advdata.o(i.tx_power_level_encode)
    tx_power_level_encode                    0x0001a7ed   Thumb Code    48  ble_advdata.o(i.tx_power_level_encode)
    i.uint16_encode                          0x0001a81c   Section        0  ble_advdata.o(i.uint16_encode)
    uint16_encode                            0x0001a81d   Thumb Code    18  ble_advdata.o(i.uint16_encode)
    i.update_timeout_handler                 0x0001a830   Section        0  ble_conn_params.o(i.update_timeout_handler)
    update_timeout_handler                   0x0001a831   Thumb Code   136  ble_conn_params.o(i.update_timeout_handler)
    i.user_id_get                            0x0001a8cc   Section        0  app_timer.o(i.user_id_get)
    user_id_get                              0x0001a8cd   Thumb Code    34  app_timer.o(i.user_id_get)
    i.user_op_alloc                          0x0001a8ee   Section        0  app_timer.o(i.user_op_alloc)
    user_op_alloc                            0x0001a8ef   Thumb Code    44  app_timer.o(i.user_op_alloc)
    i.user_op_enque                          0x0001a91a   Section        0  app_timer.o(i.user_op_enque)
    user_op_enque                            0x0001a91b   Thumb Code     4  app_timer.o(i.user_op_enque)
    i.uuid_list_encode                       0x0001a91e   Section        0  ble_advdata.o(i.uuid_list_encode)
    uuid_list_encode                         0x0001a91f   Thumb Code    64  ble_advdata.o(i.uuid_list_encode)
    i.uuid_list_sized_encode                 0x0001a95e   Section        0  ble_advdata.o(i.uuid_list_sized_encode)
    uuid_list_sized_encode                   0x0001a95f   Thumb Code   196  ble_advdata.o(i.uuid_list_sized_encode)
    i.whitelist_has_entries                  0x0001aa22   Section        0  ble_advertising.o(i.whitelist_has_entries)
    whitelist_has_entries                    0x0001aa23   Thumb Code    22  ble_advertising.o(i.whitelist_has_entries)
    .constdata                               0x0001aa38   Section       32  main.o(.constdata)
    .constdata                               0x0001aa58   Section       16  ble_nus.o(.constdata)
    .data                                    0x20002000   Section       22  main.o(.data)
    m_conn_handle                            0x20002000   Data           2  main.o(.data)
    data_array                               0x20002002   Data          20  main.o(.data)
    .data                                    0x20002018   Section        4  system_nrf51.o(.data)
    __tagsym$$used                           0x20002018   Number         0  system_nrf51.o(.data)
    .data                                    0x2000201c   Section       34  ble_advertising.o(.data)
    m_advertising_start_pending              0x2000201c   Data           1  ble_advertising.o(.data)
    m_peer_address                           0x2000201d   Data           7  ble_advertising.o(.data)
    m_adv_evt                                0x20002024   Data           1  ble_advertising.o(.data)
    m_evt_handler                            0x20002028   Data           4  ble_advertising.o(.data)
    m_error_handler                          0x2000202c   Data           4  ble_advertising.o(.data)
    m_adv_mode_current                       0x20002030   Data           1  ble_advertising.o(.data)
    m_direct_adv_cnt                         0x20002031   Data           1  ble_advertising.o(.data)
    m_whitelist_temporarily_disabled         0x20002032   Data           1  ble_advertising.o(.data)
    m_whitelist_reply_expected               0x20002033   Data           1  ble_advertising.o(.data)
    m_peer_addr_reply_expected               0x20002034   Data           1  ble_advertising.o(.data)
    m_slave_conn_int                         0x20002036   Data           4  ble_advertising.o(.data)
    m_tx_power_level                         0x2000203a   Data           1  ble_advertising.o(.data)
    current_slave_link_conn_handle           0x2000203c   Data           2  ble_advertising.o(.data)
    .data                                    0x20002040   Section       25  ble_conn_params.o(.data)
    m_preferred_conn_params                  0x20002040   Data           8  ble_conn_params.o(.data)
    m_update_count                           0x20002048   Data           1  ble_conn_params.o(.data)
    m_conn_handle                            0x2000204a   Data           2  ble_conn_params.o(.data)
    m_current_conn_params                    0x2000204c   Data           8  ble_conn_params.o(.data)
    m_conn_params_timer_id                   0x20002054   Data           4  ble_conn_params.o(.data)
    m_change_param                           0x20002058   Data           1  ble_conn_params.o(.data)
    .data                                    0x2000205c   Section       13  app_uart.o(.data)
    m_tx_byte                                0x2000205c   Data           1  app_uart.o(.data)
    m_rx_byte                                0x2000205e   Data           2  app_uart.o(.data)
    m_instance_counter                       0x20002060   Data           1  app_uart.o(.data)
    m_event_handler                          0x20002064   Data           4  app_uart.o(.data)
    m_current_state                          0x20002068   Data           1  app_uart.o(.data)
    .data                                    0x2000206c   Section       12  pstorage.o(.data)
    m_next_app_instance                      0x2000206c   Data           2  pstorage.o(.data)
    m_next_page_addr                         0x20002070   Data           4  pstorage.o(.data)
    m_round_val                              0x20002074   Data           2  pstorage.o(.data)
    m_module_initialized                     0x20002076   Data           1  pstorage.o(.data)
    m_swap_state                             0x20002077   Data           1  pstorage.o(.data)
    .data                                    0x20002078   Section       42  app_timer.o(.data)
    m_node_array_size                        0x20002078   Data           1  app_timer.o(.data)
    mp_nodes                                 0x2000207c   Data           4  app_timer.o(.data)
    m_user_array_size                        0x20002080   Data           1  app_timer.o(.data)
    mp_users                                 0x20002084   Data           4  app_timer.o(.data)
    m_timer_id_head                          0x20002088   Data           4  app_timer.o(.data)
    m_ticks_latest                           0x2000208c   Data           4  app_timer.o(.data)
    m_ticks_elapsed                          0x20002090   Data           8  app_timer.o(.data)
    m_ticks_elapsed_q_read_ind               0x20002098   Data           1  app_timer.o(.data)
    m_ticks_elapsed_q_write_ind              0x20002099   Data           1  app_timer.o(.data)
    m_evt_schedule_func                      0x2000209c   Data           4  app_timer.o(.data)
    m_rtc1_running                           0x200020a0   Data           1  app_timer.o(.data)
    m_rtc1_reset                             0x200020a1   Data           1  app_timer.o(.data)
    .data                                    0x200020a4   Section        8  retarget.o(.data)
    .data                                    0x200020ac   Section       24  softdevice_handler.o(.data)
    m_evt_schedule_func                      0x200020ac   Data           4  softdevice_handler.o(.data)
    m_softdevice_enabled                     0x200020b0   Data           1  softdevice_handler.o(.data)
    mp_ble_evt_buffer                        0x200020b4   Data           4  softdevice_handler.o(.data)
    m_ble_evt_buffer_size                    0x200020b8   Data           2  softdevice_handler.o(.data)
    m_ble_evt_handler                        0x200020bc   Data           4  softdevice_handler.o(.data)
    m_sys_evt_handler                        0x200020c0   Data           4  softdevice_handler.o(.data)
    .bss                                     0x200020c4   Section      100  main.o(.bss)
    m_nus                                    0x200020c4   Data          28  main.o(.bss)
    BLE_EVT_BUFFER                           0x200020e0   Data          72  main.o(.bss)
    .bss                                     0x20002128   Section      656  timer_handler.o(.bss)
    APP_TIMER_BUF                            0x20002128   Data         656  timer_handler.o(.bss)
    .bss                                     0x200023b8   Section      247  ble_advertising.o(.bss)
    m_advdata                                0x200023b8   Data          48  ble_advertising.o(.bss)
    m_adv_modes_config                       0x200023e8   Data          32  ble_advertising.o(.bss)
    m_whitelist                              0x20002408   Data          16  ble_advertising.o(.bss)
    mp_whitelist_addr                        0x20002418   Data          32  ble_advertising.o(.bss)
    mp_whitelist_irk                         0x20002438   Data          32  ble_advertising.o(.bss)
    m_manuf_specific_data                    0x20002458   Data          12  ble_advertising.o(.bss)
    m_manuf_data_array                       0x20002464   Data          31  ble_advertising.o(.bss)
    m_service_data                           0x20002484   Data          12  ble_advertising.o(.bss)
    m_service_data_array                     0x20002490   Data          31  ble_advertising.o(.bss)
    .bss                                     0x200024b0   Section       28  ble_conn_params.o(.bss)
    m_conn_params_config                     0x200024b0   Data          28  ble_conn_params.o(.bss)
    .bss                                     0x200024cc   Section       60  nrf_drv_gpiote.o(.bss)
    m_cb                                     0x200024cc   Data          60  nrf_drv_gpiote.o(.bss)
    .bss                                     0x20002508   Section      220  pstorage.o(.bss)
    m_cmd_queue                              0x20002508   Data         204  pstorage.o(.bss)
    m_app_table                              0x200025d4   Data          16  pstorage.o(.bss)
    STACK                                    0x200025e8   Section     2048  arm_startup_nrf51.o(STACK)

    Global Symbols

    Symbol Name                              Value     Ov Type        Size  Object(Section)

    BuildAttributes$$THM_ISAv3M$S$PE$A:L22$X:L11$S22$IEEE1$IW$USESV6$~STKCKD$USESV7$~SHL$OSPACE$ROPI$EBA8$MICROLIB$REQ8$PRES8$EABIv2 0x00000000   Number         0  anon$$obj.o ABSOLUTE
    __ARM_use_no_argv                        0x00000000   Number         0  main.o ABSOLUTE
    __cpp_initialize__aeabi_                  - Undefined Weak Reference
    __cxa_finalize                            - Undefined Weak Reference
    __decompress                              - Undefined Weak Reference
    _clock_init                               - Undefined Weak Reference
    _microlib_exit                            - Undefined Weak Reference
    assert_nrf_callback                       - Undefined Weak Reference
    __Vectors_Size                           0x000000c0   Number         0  arm_startup_nrf51.o ABSOLUTE
    __Vectors                                0x00018000   Data           4  arm_startup_nrf51.o(RESET)
    __Vectors_End                            0x000180c0   Data           0  arm_startup_nrf51.o(RESET)
    __main                                   0x000180c1   Thumb Code     0  entry.o(.ARM.Collect$$$$00000000)
    _main_stk                                0x000180c1   Thumb Code     0  entry2.o(.ARM.Collect$$$$00000001)
    _main_scatterload                        0x000180c5   Thumb Code     0  entry5.o(.ARM.Collect$$$$00000004)
    __main_after_scatterload                 0x000180c9   Thumb Code     0  entry5.o(.ARM.Collect$$$$00000004)
    _main_clock                              0x000180c9   Thumb Code     0  entry7b.o(.ARM.Collect$$$$00000008)
    _main_cpp_init                           0x000180c9   Thumb Code     0  entry8b.o(.ARM.Collect$$$$0000000A)
    _main_init                               0x000180c9   Thumb Code     0  entry9a.o(.ARM.Collect$$$$0000000B)
    __rt_final_cpp                           0x000180d1   Thumb Code     0  entry10a.o(.ARM.Collect$$$$0000000D)
    __rt_final_exit                          0x000180d1   Thumb Code     0  entry11a.o(.ARM.Collect$$$$0000000F)
    __asm___11_nrf_delay_c_532987f3__nrf_delay_us 0x000180d5   Thumb Code    30  nrf_delay.o(.emb_text)
    __asm___11_app_timer_c_cd27f9c3__nrf_delay_us 0x000180f5   Thumb Code    30  app_timer.o(.emb_text)
    Reset_Handler                            0x00018115   Thumb Code    26  arm_startup_nrf51.o(.text)
    NMI_Handler                              0x0001812f   Thumb Code     2  arm_startup_nrf51.o(.text)
    HardFault_Handler                        0x00018131   Thumb Code     2  arm_startup_nrf51.o(.text)
    SVC_Handler                              0x00018133   Thumb Code     2  arm_startup_nrf51.o(.text)
    PendSV_Handler                           0x00018135   Thumb Code     2  arm_startup_nrf51.o(.text)
    SysTick_Handler                          0x00018137   Thumb Code     2  arm_startup_nrf51.o(.text)
    ADC_IRQHandler                           0x00018139   Thumb Code     0  arm_startup_nrf51.o(.text)
    CCM_AAR_IRQHandler                       0x00018139   Thumb Code     0  arm_startup_nrf51.o(.text)
    ECB_IRQHandler                           0x00018139   Thumb Code     0  arm_startup_nrf51.o(.text)
    LPCOMP_IRQHandler                        0x00018139   Thumb Code     0  arm_startup_nrf51.o(.text)
    POWER_CLOCK_IRQHandler                   0x00018139   Thumb Code     0  arm_startup_nrf51.o(.text)
    QDEC_IRQHandler                          0x00018139   Thumb Code     0  arm_startup_nrf51.o(.text)
    RADIO_IRQHandler                         0x00018139   Thumb Code     0  arm_startup_nrf51.o(.text)
    RNG_IRQHandler                           0x00018139   Thumb Code     0  arm_startup_nrf51.o(.text)
    RTC0_IRQHandler                          0x00018139   Thumb Code     0  arm_startup_nrf51.o(.text)
    SPI0_TWI0_IRQHandler                     0x00018139   Thumb Code     0  arm_startup_nrf51.o(.text)
    SPI1_TWI1_IRQHandler                     0x00018139   Thumb Code     0  arm_startup_nrf51.o(.text)
    SWI1_IRQHandler                          0x00018139   Thumb Code     0  arm_startup_nrf51.o(.text)
    SWI3_IRQHandler                          0x00018139   Thumb Code     0  arm_startup_nrf51.o(.text)
    SWI4_IRQHandler                          0x00018139   Thumb Code     0  arm_startup_nrf51.o(.text)
    SWI5_IRQHandler                          0x00018139   Thumb Code     0  arm_startup_nrf51.o(.text)
    TEMP_IRQHandler                          0x00018139   Thumb Code     0  arm_startup_nrf51.o(.text)
    TIMER0_IRQHandler                        0x00018139   Thumb Code     0  arm_startup_nrf51.o(.text)
    TIMER1_IRQHandler                        0x00018139   Thumb Code     0  arm_startup_nrf51.o(.text)
    TIMER2_IRQHandler                        0x00018139   Thumb Code     0  arm_startup_nrf51.o(.text)
    WDT_IRQHandler                           0x00018139   Thumb Code     0  arm_startup_nrf51.o(.text)
    __aeabi_memcpy                           0x0001814d   Thumb Code    36  memcpya.o(.text)
    __aeabi_memcpy4                          0x0001814d   Thumb Code     0  memcpya.o(.text)
    __aeabi_memcpy8                          0x0001814d   Thumb Code     0  memcpya.o(.text)
    __aeabi_memset                           0x00018171   Thumb Code    14  memseta.o(.text)
    __aeabi_memset4                          0x00018171   Thumb Code     0  memseta.o(.text)
    __aeabi_memset8                          0x00018171   Thumb Code     0  memseta.o(.text)
    __aeabi_memclr                           0x0001817f   Thumb Code     4  memseta.o(.text)
    __aeabi_memclr4                          0x0001817f   Thumb Code     0  memseta.o(.text)
    __aeabi_memclr8                          0x0001817f   Thumb Code     0  memseta.o(.text)
    _memset$wrapper                          0x00018183   Thumb Code    18  memseta.o(.text)
    strlen                                   0x00018195   Thumb Code    14  strlen.o(.text)
    __scatterload                            0x000181a5   Thumb Code    28  init.o(.text)
    __scatterload_rt2                        0x000181a5   Thumb Code     0  init.o(.text)
    GPIOTE_IRQHandler                        0x000181c9   Thumb Code   380  nrf_drv_gpiote.o(i.GPIOTE_IRQHandler)
    RTC1_IRQHandler                          0x00018405   Thumb Code    34  app_timer.o(i.RTC1_IRQHandler)
    SWI0_IRQHandler                          0x0001842d   Thumb Code     8  app_timer.o(i.SWI0_IRQHandler)
    SWI2_IRQHandler                          0x00018435   Thumb Code    50  softdevice_handler.o(i.SWI2_IRQHandler)
    SystemInit                               0x0001846d   Thumb Code    38  system_nrf51.o(i.SystemInit)
    UART0_IRQHandler                         0x000184a5   Thumb Code   148  app_uart.o(i.UART0_IRQHandler)
    __0printf$bare                           0x0001854d   Thumb Code    12  printfb.o(i.__0printf$bare)
    __1printf$bare                           0x0001854d   Thumb Code     0  printfb.o(i.__0printf$bare)
    __2printf                                0x0001854d   Thumb Code     0  printfb.o(i.__0printf$bare)
    __ARM_common_switch8                     0x00018561   Thumb Code    28  bsp.o(i.__ARM_common_switch8)
    __scatterload_copy                       0x0001857d   Thumb Code    14  handlers.o(i.__scatterload_copy)
    __scatterload_null                       0x0001858b   Thumb Code     2  handlers.o(i.__scatterload_null)
    __scatterload_zeroinit                   0x0001858d   Thumb Code    14  handlers.o(i.__scatterload_zeroinit)
    action_tx_stop                           0x000185f1   Thumb Code    28  app_uart.o(i.action_tx_stop)
    advertising_init                         0x00018789   Thumb Code    96  main.o(i.advertising_init)
    app_error_handler                        0x000187f1   Thumb Code    48  app_error.o(i.app_error_handler)
    app_timer_create                         0x00018829   Thumb Code   108  app_timer.o(i.app_timer_create)
    app_timer_init                           0x0001889d   Thumb Code   204  app_timer.o(i.app_timer_init)
    app_timer_start                          0x0001898d   Thumb Code    98  app_timer.o(i.app_timer_start)
    app_timer_stop                           0x000189f9   Thumb Code    60  app_timer.o(i.app_timer_stop)
    app_uart_put                             0x00018a3d   Thumb Code    32  app_uart.o(i.app_uart_put)
    ble_advdata_set                          0x00018aaf   Thumb Code   122  ble_advdata.o(i.ble_advdata_set)
    ble_advertising_init                     0x00018b29   Thumb Code   364  ble_advertising.o(i.ble_advertising_init)
    ble_advertising_on_ble_evt               0x00018ccd   Thumb Code   272  ble_advertising.o(i.ble_advertising_on_ble_evt)
    ble_advertising_start                    0x00018e11   Thumb Code   560  ble_advertising.o(i.ble_advertising_start)
    ble_conn_params_init                     0x0001906d   Thumb Code    90  ble_conn_params.o(i.ble_conn_params_init)
    ble_conn_params_on_ble_evt               0x000190e5   Thumb Code    62  ble_conn_params.o(i.ble_conn_params_on_ble_evt)
    ble_nus_init                             0x00019149   Thumb Code   128  ble_nus.o(i.ble_nus_init)
    ble_nus_on_ble_evt                       0x000191cd   Thumb Code    70  ble_nus.o(i.ble_nus_on_ble_evt)
    ble_nus_string_send                      0x00019215   Thumb Code    84  ble_nus.o(i.ble_nus_string_send)
    ble_stack_init                           0x0001926d   Thumb Code   118  main.o(i.ble_stack_init)
    data_send                                0x000195a9   Thumb Code    48  main.o(i.data_send)
    fputc                                    0x000196b1   Thumb Code    16  retarget.o(i.fputc)
    gap_params_init                          0x000196c1   Thumb Code   120  main.o(i.gap_params_init)
    intern_softdevice_events_execute         0x00019745   Thumb Code   168  softdevice_handler.o(i.intern_softdevice_events_execute)
    main                                     0x00019ab9   Thumb Code    80  main.o(i.main)
    nrf_delay_ms                             0x00019c19   Thumb Code    24  nrf_delay.o(i.nrf_delay_ms)
    pstorage_access_status_get               0x00019fd9   Thumb Code    36  pstorage.o(i.pstorage_access_status_get)
    services_init                            0x0001a26d   Thumb Code    46  main.o(i.services_init)
    softdevice_assertion_handler             0x0001a2a5   Thumb Code    18  softdevice_handler.o(i.softdevice_assertion_handler)
    softdevice_ble_evt_handler_set           0x0001a2b9   Thumb Code    18  softdevice_handler.o(i.softdevice_ble_evt_handler_set)
    softdevice_handler_init                  0x0001a2d1   Thumb Code    84  softdevice_handler.o(i.softdevice_handler_init)
    timer_init                               0x0001a395   Thumb Code    48  timer_handler.o(i.timer_init)
    Region$$Table$$Base                      0x0001aa68   Number         0  anon$$obj.o(Region$$Table)
    Region$$Table$$Limit                     0x0001aa88   Number         0  anon$$obj.o(Region$$Table)
    SystemCoreClock                          0x20002018   Data           4  system_nrf51.o(.data)
    __stdout                                 0x200020a4   Data           4  retarget.o(.data)
    __stdin                                  0x200020a8   Data           4  retarget.o(.data)
    __initial_sp                             0x20002de8   Data           0  arm_startup_nrf51.o(STACK)



==============================================================================

Memory Map of the image

  Image Entry point : 0x000180c1

  Load Region LR_IROM1 (Base: 0x00018000, Size: 0x00002b4c, Max: 0x00028000, ABSOLUTE)

    Execution Region ER_IROM1 (Base: 0x00018000, Size: 0x00002a88, Max: 0x00028000, ABSOLUTE)

    Base Addr    Size         Type   Attr      Idx    E Section Name        Object

    0x00018000   0x000000c0   Data   RO          377    RESET               arm_startup_nrf51.o
    0x000180c0   0x00000000   Code   RO         1758  * .ARM.Collect$$$$00000000  mc_p.l(entry.o)
    0x000180c0   0x00000004   Code   RO         2033    .ARM.Collect$$$$00000001  mc_p.l(entry2.o)
    0x000180c4   0x00000004   Code   RO         2036    .ARM.Collect$$$$00000004  mc_p.l(entry5.o)
    0x000180c8   0x00000000   Code   RO         2038    .ARM.Collect$$$$00000008  mc_p.l(entry7b.o)
    0x000180c8   0x00000000   Code   RO         2040    .ARM.Collect$$$$0000000A  mc_p.l(entry8b.o)
    0x000180c8   0x00000008   Code   RO         2041    .ARM.Collect$$$$0000000B  mc_p.l(entry9a.o)
    0x000180d0   0x00000000   Code   RO         2043    .ARM.Collect$$$$0000000D  mc_p.l(entry10a.o)
    0x000180d0   0x00000000   Code   RO         2045    .ARM.Collect$$$$0000000F  mc_p.l(entry11a.o)
    0x000180d0   0x00000004   Code   RO         2034    .ARM.Collect$$$$00002712  mc_p.l(entry2.o)
    0x000180d4   0x0000001e   Code   RO         1036    .emb_text           nrf_delay.o
    0x000180f2   0x00000002   PAD
    0x000180f4   0x0000001e   Code   RO         1427    .emb_text           app_timer.o
    0x00018112   0x00000002   PAD
    0x00018114   0x00000038   Code   RO          378    .text               arm_startup_nrf51.o
    0x0001814c   0x00000024   Code   RO         1765    .text               mc_p.l(memcpya.o)
    0x00018170   0x00000024   Code   RO         1767    .text               mc_p.l(memseta.o)
    0x00018194   0x0000000e   Code   RO         1769    .text               mc_p.l(strlen.o)
    0x000181a2   0x00000002   PAD
    0x000181a4   0x00000024   Code   RO         2060    .text               mc_p.l(init.o)
    0x000181c8   0x00000188   Code   RO          797    i.GPIOTE_IRQHandler  nrf_drv_gpiote.o
    0x00018350   0x00000014   Code   RO         1428    i.NVIC_ClearPendingIRQ  app_timer.o
    0x00018364   0x00000014   Code   RO         1429    i.NVIC_EnableIRQ    app_timer.o
    0x00018378   0x00000014   Code   RO         1430    i.NVIC_SetPendingIRQ  app_timer.o
    0x0001838c   0x00000078   Code   RO         1431    i.NVIC_SetPriority  app_timer.o
    0x00018404   0x00000028   Code   RO         1432    i.RTC1_IRQHandler   app_timer.o
    0x0001842c   0x00000008   Code   RO         1433    i.SWI0_IRQHandler   app_timer.o
    0x00018434   0x00000038   Code   RO         1702    i.SWI2_IRQHandler   softdevice_handler.o
    0x0001846c   0x00000038   Code   RO          385    i.SystemInit        system_nrf51.o
    0x000184a4   0x000000a8   Code   RO         1061    i.UART0_IRQHandler  app_uart.o
    0x0001854c   0x00000014   Code   RO         1774    i.__0printf$bare    mc_p.l(printfb.o)
    0x00018560   0x0000001c   Code   RO          363    i.__ARM_common_switch8  bsp.o
    0x0001857c   0x0000000e   Code   RO         2074    i.__scatterload_copy  mc_p.l(handlers.o)
    0x0001858a   0x00000002   Code   RO         2075    i.__scatterload_null  mc_p.l(handlers.o)
    0x0001858c   0x0000000e   Code   RO         2076    i.__scatterload_zeroinit  mc_p.l(handlers.o)
    0x0001859a   0x0000001e   Code   RO         1781    i._printf_core      mc_p.l(printfb.o)
    0x000185b8   0x00000008   Code   RO         1062    i.action_tx_ready   app_uart.o
    0x000185c0   0x00000030   Code   RO         1063    i.action_tx_send    app_uart.o
    0x000185f0   0x00000028   Code   RO         1064    i.action_tx_stop    app_uart.o
    0x00018618   0x00000024   Code   RO         1065    i.action_uart_deactivate  app_uart.o
    0x0001863c   0x00000136   Code   RO          504    i.adv_data_encode   ble_advdata.o
    0x00018772   0x00000014   Code   RO          505    i.advdata_check     ble_advdata.o
    0x00018786   0x00000002   PAD
    0x00018788   0x00000068   Code   RO            4    i.advertising_init  main.o
    0x000187f0   0x00000038   Code   RO         1404    i.app_error_handler  app_error.o
    0x00018828   0x00000074   Code   RO         1436    i.app_timer_create  app_timer.o
    0x0001889c   0x000000f0   Code   RO         1437    i.app_timer_init    app_timer.o
    0x0001898c   0x0000006c   Code   RO         1438    i.app_timer_start   app_timer.o
    0x000189f8   0x00000044   Code   RO         1439    i.app_timer_stop    app_timer.o
    0x00018a3c   0x00000028   Code   RO         1071    i.app_uart_put      app_uart.o
    0x00018a64   0x0000004a   Code   RO          506    i.appearance_encode  ble_advdata.o
    0x00018aae   0x0000007a   Code   RO          507    i.ble_advdata_set   ble_advdata.o
    0x00018b28   0x000001a4   Code   RO          589    i.ble_advertising_init  ble_advertising.o
    0x00018ccc   0x00000134   Code   RO          590    i.ble_advertising_on_ble_evt  ble_advertising.o
    0x00018e00   0x00000010   Code   RO          593    i.ble_advertising_peer_address_clear  ble_advertising.o
    0x00018e10   0x0000025c   Code   RO          595    i.ble_advertising_start  ble_advertising.o
    0x0001906c   0x00000078   Code   RO          681    i.ble_conn_params_init  ble_conn_params.o
    0x000190e4   0x0000003e   Code   RO          682    i.ble_conn_params_on_ble_evt  ble_conn_params.o
    0x00019122   0x00000002   PAD
    0x00019124   0x00000024   Code   RO            5    i.ble_evt_handler   main.o
    0x00019148   0x00000084   Code   RO          424    i.ble_nus_init      ble_nus.o
    0x000191cc   0x00000046   Code   RO          425    i.ble_nus_on_ble_evt  ble_nus.o
    0x00019212   0x00000002   PAD
    0x00019214   0x00000058   Code   RO          426    i.ble_nus_string_send  ble_nus.o
    0x0001926c   0x00000080   Code   RO            6    i.ble_stack_init    main.o
    0x000192ec   0x00000010   Code   RO          799    i.channel_handler_get  nrf_drv_gpiote.o
    0x000192fc   0x0000000c   Code   RO          801    i.channel_port_get  nrf_drv_gpiote.o
    0x00019308   0x00000090   Code   RO         1441    i.compare_reg_update  app_timer.o
    0x00019398   0x0000005c   Code   RO          508    i.conn_int_check    ble_advdata.o
    0x000193f4   0x0000005c   Code   RO          509    i.conn_int_encode   ble_advdata.o
    0x00019450   0x00000014   Code   RO            7    i.conn_params_error_handler  main.o
    0x00019464   0x00000054   Code   RO            8    i.conn_params_init  main.o
    0x000194b8   0x00000094   Code   RO          684    i.conn_params_negotiation  ble_conn_params.o
    0x0001954c   0x0000005c   Code   RO         1442    i.current_int_priority_get  app_timer.o
    0x000195a8   0x00000038   Code   RO            9    i.data_send         main.o
    0x000195e0   0x00000064   Code   RO         1443    i.elapsed_ticks_acquire  app_timer.o
    0x00019644   0x0000006c   Code   RO         1444    i.expired_timers_handler  app_timer.o
    0x000196b0   0x00000010   Code   RO         1667    i.fputc             retarget.o
    0x000196c0   0x00000084   Code   RO           10    i.gap_params_init   main.o
    0x00019744   0x000000bc   Code   RO         1703    i.intern_softdevice_events_execute  softdevice_handler.o
    0x00019800   0x00000024   Code   RO          685    i.is_conn_params_ok  ble_conn_params.o
    0x00019824   0x00000038   Code   RO          386    i.is_disabled_in_debug_needed  system_nrf51.o
    0x0001985c   0x0000006c   Code   RO          387    i.is_manual_peripheral_setup_needed  system_nrf51.o
    0x000198c8   0x000000c0   Code   RO         1445    i.list_deletions_handler  app_timer.o
    0x00019988   0x00000130   Code   RO         1446    i.list_insertions_handler  app_timer.o
    0x00019ab8   0x00000060   Code   RO           11    i.main              main.o
    0x00019b18   0x0000006a   Code   RO          510    i.manuf_specific_data_encode  ble_advdata.o
    0x00019b82   0x00000096   Code   RO          511    i.name_encode       ble_advdata.o
    0x00019c18   0x0000001c   Code   RO         1037    i.nrf_delay_ms      nrf_delay.o
    0x00019c34   0x00000046   Code   RO          822    i.nrf_gpio_cfg_sense_set  nrf_drv_gpiote.o
    0x00019c7a   0x00000002   PAD
    0x00019c7c   0x0000000c   Code   RO          825    i.nrf_gpiote_event_addr_get  nrf_drv_gpiote.o
    0x00019c88   0x00000010   Code   RO          826    i.nrf_gpiote_event_clear  nrf_drv_gpiote.o
    0x00019c98   0x00000016   Code   RO          827    i.nrf_gpiote_event_is_set  nrf_drv_gpiote.o
    0x00019cae   0x00000002   Code   RO           12    i.nus_data_handler  main.o
    0x00019cb0   0x00000002   Code   RO           13    i.on_adv_evt        main.o
    0x00019cb2   0x00000002   PAD
    0x00019cb4   0x00000084   Code   RO           14    i.on_ble_evt        main.o
    0x00019d38   0x00000002   Code   RO           15    i.on_conn_params_evt  main.o
    0x00019d3a   0x00000002   PAD
    0x00019d3c   0x00000018   Code   RO          686    i.on_conn_params_update  ble_conn_params.o
    0x00019d54   0x00000006   Code   RO          427    i.on_connect        ble_nus.o
    0x00019d5a   0x00000002   PAD
    0x00019d5c   0x0000003c   Code   RO          687    i.on_connect        ble_conn_params.o
    0x00019d98   0x00000028   Code   RO         1073    i.on_cts_high       app_uart.o
    0x00019dc0   0x0000003c   Code   RO         1074    i.on_cts_low        app_uart.o
    0x00019dfc   0x00000008   Code   RO          428    i.on_disconnect     ble_nus.o
    0x00019e04   0x00000044   Code   RO          688    i.on_disconnect     ble_conn_params.o
    0x00019e48   0x0000002c   Code   RO         1075    i.on_tx_ready       app_uart.o
    0x00019e74   0x00000008   Code   RO         1076    i.on_uart_close     app_uart.o
    0x00019e7c   0x00000036   Code   RO         1077    i.on_uart_event     app_uart.o
    0x00019eb2   0x00000002   PAD
    0x00019eb4   0x00000014   Code   RO         1078    i.on_uart_put       app_uart.o
    0x00019ec8   0x00000054   Code   RO          429    i.on_write          ble_nus.o
    0x00019f1c   0x0000005c   Code   RO          689    i.on_write          ble_conn_params.o
    0x00019f78   0x0000001a   Code   RO          597    i.peer_address_exists  ble_advertising.o
    0x00019f92   0x00000002   PAD
    0x00019f94   0x0000000c   Code   RO          829    i.pin_from_port_get  nrf_drv_gpiote.o
    0x00019fa0   0x00000018   Code   RO          831    i.pin_in_use_by_port  nrf_drv_gpiote.o
    0x00019fb8   0x00000020   Code   RO           16    i.power_manage      main.o
    0x00019fd8   0x0000002c   Code   RO         1209    i.pstorage_access_status_get  pstorage.o
    0x0001a004   0x0000000c   Code   RO         1447    i.rtc1_counter_get  app_timer.o
    0x0001a010   0x00000018   Code   RO         1448    i.rtc1_init         app_timer.o
    0x0001a028   0x0000003c   Code   RO         1449    i.rtc1_start        app_timer.o
    0x0001a064   0x00000058   Code   RO         1450    i.rtc1_stop         app_timer.o
    0x0001a0bc   0x00000124   Code   RO          430    i.rx_char_add       ble_nus.o
    0x0001a1e0   0x0000008c   Code   RO          512    i.service_data_encode  ble_advdata.o
    0x0001a26c   0x00000038   Code   RO           17    i.services_init     main.o
    0x0001a2a4   0x00000012   Code   RO         1704    i.softdevice_assertion_handler  softdevice_handler.o
    0x0001a2b6   0x00000002   PAD
    0x0001a2b8   0x00000018   Code   RO         1705    i.softdevice_ble_evt_handler_set  softdevice_handler.o
    0x0001a2d0   0x00000068   Code   RO         1706    i.softdevice_handler_init  softdevice_handler.o
    0x0001a338   0x00000010   Code   RO          513    i.srdata_check      ble_advdata.o
    0x0001a348   0x0000000a   Code   RO         1451    i.ticks_diff_get    app_timer.o
    0x0001a352   0x00000002   PAD
    0x0001a354   0x00000040   Code   RO         1452    i.timeout_handler_exec  app_timer.o
    0x0001a394   0x00000034   Code   RO          250    i.timer_init        timer_handler.o
    0x0001a3c8   0x00000058   Code   RO         1453    i.timer_list_handler  app_timer.o
    0x0001a420   0x0000000a   Code   RO         1454    i.timer_list_handler_sched  app_timer.o
    0x0001a42a   0x00000002   PAD
    0x0001a42c   0x000000dc   Code   RO         1455    i.timer_list_insert  app_timer.o
    0x0001a508   0x000000cc   Code   RO         1456    i.timer_list_remove  app_timer.o
    0x0001a5d4   0x00000054   Code   RO         1457    i.timer_start_op_schedule  app_timer.o
    0x0001a628   0x00000040   Code   RO         1459    i.timer_stop_op_schedule  app_timer.o
    0x0001a668   0x0000009c   Code   RO         1460    i.timer_timeouts_check  app_timer.o
    0x0001a704   0x0000000a   Code   RO         1461    i.timer_timeouts_check_sched  app_timer.o
    0x0001a70e   0x000000de   Code   RO          431    i.tx_char_add       ble_nus.o
    0x0001a7ec   0x00000030   Code   RO          514    i.tx_power_level_encode  ble_advdata.o
    0x0001a81c   0x00000012   Code   RO          515    i.uint16_encode     ble_advdata.o
    0x0001a82e   0x00000002   PAD
    0x0001a830   0x0000009c   Code   RO          690    i.update_timeout_handler  ble_conn_params.o
    0x0001a8cc   0x00000022   Code   RO         1462    i.user_id_get       app_timer.o
    0x0001a8ee   0x0000002c   Code   RO         1463    i.user_op_alloc     app_timer.o
    0x0001a91a   0x00000004   Code   RO         1464    i.user_op_enque     app_timer.o
    0x0001a91e   0x00000040   Code   RO          516    i.uuid_list_encode  ble_advdata.o
    0x0001a95e   0x000000c4   Code   RO          517    i.uuid_list_sized_encode  ble_advdata.o
    0x0001aa22   0x00000016   Code   RO          598    i.whitelist_has_entries  ble_advertising.o
    0x0001aa38   0x00000020   Data   RO           19    .constdata          main.o
    0x0001aa58   0x00000010   Data   RO          432    .constdata          ble_nus.o
    0x0001aa68   0x00000020   Data   RO         2072    Region$$Table       anon$$obj.o


    Execution Region RW_IRAM1 (Base: 0x20002000, Size: 0x00000de8, Max: 0x00006000, ABSOLUTE)

    Base Addr    Size         Type   Attr      Idx    E Section Name        Object

    0x20002000   0x00000016   Data   RW           20    .data               main.o
    0x20002016   0x00000002   PAD
    0x20002018   0x00000004   Data   RW          388    .data               system_nrf51.o
    0x2000201c   0x00000022   Data   RW          600    .data               ble_advertising.o
    0x2000203e   0x00000002   PAD
    0x20002040   0x00000019   Data   RW          692    .data               ble_conn_params.o
    0x20002059   0x00000003   PAD
    0x2000205c   0x0000000d   Data   RW         1082    .data               app_uart.o
    0x20002069   0x00000003   PAD
    0x2000206c   0x0000000c   Data   RW         1222    .data               pstorage.o
    0x20002078   0x0000002a   Data   RW         1465    .data               app_timer.o
    0x200020a2   0x00000002   PAD
    0x200020a4   0x00000008   Data   RW         1668    .data               retarget.o
    0x200020ac   0x00000018   Data   RW         1709    .data               softdevice_handler.o
    0x200020c4   0x00000064   Zero   RW           18    .bss                main.o
    0x20002128   0x00000290   Zero   RW          251    .bss                timer_handler.o
    0x200023b8   0x000000f7   Zero   RW          599    .bss                ble_advertising.o
    0x200024af   0x00000001   PAD
    0x200024b0   0x0000001c   Zero   RW          691    .bss                ble_conn_params.o
    0x200024cc   0x0000003c   Zero   RW          834    .bss                nrf_drv_gpiote.o
    0x20002508   0x000000dc   Zero   RW         1221    .bss                pstorage.o
    0x200025e4   0x00000004   PAD
    0x200025e8   0x00000800   Zero   RW          375    STACK               arm_startup_nrf51.o


==============================================================================

Image component sizes


      Code (inc. data)   RO Data    RW Data    ZI Data      Debug   Object Name

         0          0          0          0          0       1640   app_button.o
        56          8          0          0          0       7344   app_error.o
      2906        320          0         42          0      31675   app_timer.o
       566        108          0         13          0       9163   app_uart.o
        56         18        192          0       2048        644   arm_startup_nrf51.o
      1448          4          0          0          0      13830   ble_advdata.o
      1396        140          0         34        247       9588   ble_advertising.o
       766        126          0         25         28       7904   ble_conn_params.o
       902          8         16          0          0      13310   ble_nus.o
        28          0          0          0          0         76   bsp.o
       882         80         32         22        100      76877   main.o
        58          4          0          0          0       1571   nrf_delay.o
         0          0          0          0          0        716   nrf_drv_common.o
       576         36          0          0         60      14456   nrf_drv_gpiote.o
        44          8          0         12        220       6945   pstorage.o
        16          0          0          8          0       2658   retarget.o
       390         52          0         24          0       5067   softdevice_handler.o
       220         26          0          4          0       1771   system_nrf51.o
        52          4          0          0        656        821   timer_handler.o

    ----------------------------------------------------------------------
     10392        942        272        196       3364     206056   Object Totals
         0          0         32          0          0          0   (incl. Generated)
        30          0          0         12          5          0   (incl. Padding)

    ----------------------------------------------------------------------

      Code (inc. data)   RO Data    RW Data    ZI Data      Debug   Library Member Name

         0          0          0          0          0          0   entry.o
         0          0          0          0          0          0   entry10a.o
         0          0          0          0          0          0   entry11a.o
         8          4          0          0          0          0   entry2.o
         4          0          0          0          0          0   entry5.o
         0          0          0          0          0          0   entry7b.o
         0          0          0          0          0          0   entry8b.o
         8          4          0          0          0          0   entry9a.o
        30          0          0          0          0          0   handlers.o
        36          8          0          0          0         68   init.o
        36          0          0          0          0         60   memcpya.o
        36          0          0          0          0        100   memseta.o
        50          8          0          0          0        144   printfb.o
        14          0          0          0          0         60   strlen.o

    ----------------------------------------------------------------------
       224         24          0          0          0        432   Library Totals
         2          0          0          0          0          0   (incl. Padding)

    ----------------------------------------------------------------------

      Code (inc. data)   RO Data    RW Data    ZI Data      Debug   Library Name

       222         24          0          0          0        432   mc_p.l

    ----------------------------------------------------------------------
       224         24          0          0          0        432   Library Totals

    ----------------------------------------------------------------------

==============================================================================


      Code (inc. data)   RO Data    RW Data    ZI Data      Debug   

     10616        966        272        196       3364     201256   Grand Totals
     10616        966        272        196       3364     201256   ELF Image Totals
     10616        966        272        196          0          0   ROM Totals

==============================================================================

    Total RO  Size (Code + RO Data)                10888 (  10.63kB)
    Total RW  Size (RW Data + ZI Data)              3560 (   3.48kB)
    Total ROM Size (Code + RO Data + RW Data)      11084 (  10.82kB)

==============================================================================

